Archive member included to satisfy reference by file (symbol)

d:/st/stm32cubeide_1.3.0/stm32cubeide/plugins/com.st.stm32cube.ide.mcu.externaltools.gnu-tools-for-stm32.7-2018-q2-update.win32_1.0.0.201904181610/tools/bin/../lib/gcc/arm-none-eabi/7.3.1/../../../../arm-none-eabi/lib/thumb/v7-m\libc_nano.a(lib_a-errno.o)
                              Core/Src/syscalls.o (__errno)
d:/st/stm32cubeide_1.3.0/stm32cubeide/plugins/com.st.stm32cube.ide.mcu.externaltools.gnu-tools-for-stm32.7-2018-q2-update.win32_1.0.0.201904181610/tools/bin/../lib/gcc/arm-none-eabi/7.3.1/../../../../arm-none-eabi/lib/thumb/v7-m\libc_nano.a(lib_a-exit.o)
                              d:/st/stm32cubeide_1.3.0/stm32cubeide/plugins/com.st.stm32cube.ide.mcu.externaltools.gnu-tools-for-stm32.7-2018-q2-update.win32_1.0.0.201904181610/tools/bin/../lib/gcc/arm-none-eabi/7.3.1/../../../../arm-none-eabi/lib/thumb/v7-m/crt0.o (exit)
d:/st/stm32cubeide_1.3.0/stm32cubeide/plugins/com.st.stm32cube.ide.mcu.externaltools.gnu-tools-for-stm32.7-2018-q2-update.win32_1.0.0.201904181610/tools/bin/../lib/gcc/arm-none-eabi/7.3.1/../../../../arm-none-eabi/lib/thumb/v7-m\libc_nano.a(lib_a-impure.o)
                              d:/st/stm32cubeide_1.3.0/stm32cubeide/plugins/com.st.stm32cube.ide.mcu.externaltools.gnu-tools-for-stm32.7-2018-q2-update.win32_1.0.0.201904181610/tools/bin/../lib/gcc/arm-none-eabi/7.3.1/../../../../arm-none-eabi/lib/thumb/v7-m\libc_nano.a(lib_a-exit.o) (_global_impure_ptr)
d:/st/stm32cubeide_1.3.0/stm32cubeide/plugins/com.st.stm32cube.ide.mcu.externaltools.gnu-tools-for-stm32.7-2018-q2-update.win32_1.0.0.201904181610/tools/bin/../lib/gcc/arm-none-eabi/7.3.1/../../../../arm-none-eabi/lib/thumb/v7-m\libc_nano.a(lib_a-init.o)
                              d:/st/stm32cubeide_1.3.0/stm32cubeide/plugins/com.st.stm32cube.ide.mcu.externaltools.gnu-tools-for-stm32.7-2018-q2-update.win32_1.0.0.201904181610/tools/bin/../lib/gcc/arm-none-eabi/7.3.1/../../../../arm-none-eabi/lib/thumb/v7-m/crt0.o (__libc_init_array)
d:/st/stm32cubeide_1.3.0/stm32cubeide/plugins/com.st.stm32cube.ide.mcu.externaltools.gnu-tools-for-stm32.7-2018-q2-update.win32_1.0.0.201904181610/tools/bin/../lib/gcc/arm-none-eabi/7.3.1/../../../../arm-none-eabi/lib/thumb/v7-m\libc_nano.a(lib_a-memcpy-stub.o)
                              Middlewares/Third_Party/FreeRTOS/Source/CMSIS_RTOS_V2/cmsis_os2.o (memcpy)
d:/st/stm32cubeide_1.3.0/stm32cubeide/plugins/com.st.stm32cube.ide.mcu.externaltools.gnu-tools-for-stm32.7-2018-q2-update.win32_1.0.0.201904181610/tools/bin/../lib/gcc/arm-none-eabi/7.3.1/../../../../arm-none-eabi/lib/thumb/v7-m\libc_nano.a(lib_a-memset.o)
                              d:/st/stm32cubeide_1.3.0/stm32cubeide/plugins/com.st.stm32cube.ide.mcu.externaltools.gnu-tools-for-stm32.7-2018-q2-update.win32_1.0.0.201904181610/tools/bin/../lib/gcc/arm-none-eabi/7.3.1/../../../../arm-none-eabi/lib/thumb/v7-m/crt0.o (memset)

Allocating common symbols
Common symbol       size              file

defaultTaskHandle   0x4               Core/Src/freertos.o
huart3              0x40              Core/Src/usart.o
rt_tasks            0x14              Core/Application/runtime/runtime.o
hi2c1               0x54              Core/Src/i2c.o
uwTick              0x4               Drivers/STM32L1xx_HAL_Driver/Src/stm32l1xx_hal.o
xQueueRegistry      0x40              Middlewares/Third_Party/FreeRTOS/Source/queue.o
pFlash              0x18              Drivers/STM32L1xx_HAL_Driver/Src/stm32l1xx_hal_flash.o
htim5               0x3c              Core/Src/stm32l1xx_hal_timebase_tim.o
htim3               0x3c              Core/Src/tim.o
rt_timers           0x8               Core/Application/runtime/runtime.o
htim9               0x3c              Core/Src/tim.o
rt_evgroups         0x8               Core/Application/runtime/runtime.o
rt_queues           0x8               Core/Application/runtime/runtime.o
htim2               0x3c              Core/Src/tim.o
hadc                0x54              Core/Src/adc.o

Discarded input sections

 .text          0x0000000000000000        0x0 d:/st/stm32cubeide_1.3.0/stm32cubeide/plugins/com.st.stm32cube.ide.mcu.externaltools.gnu-tools-for-stm32.7-2018-q2-update.win32_1.0.0.201904181610/tools/bin/../lib/gcc/arm-none-eabi/7.3.1/thumb/v7-m/crti.o
 .data          0x0000000000000000        0x0 d:/st/stm32cubeide_1.3.0/stm32cubeide/plugins/com.st.stm32cube.ide.mcu.externaltools.gnu-tools-for-stm32.7-2018-q2-update.win32_1.0.0.201904181610/tools/bin/../lib/gcc/arm-none-eabi/7.3.1/thumb/v7-m/crti.o
 .bss           0x0000000000000000        0x0 d:/st/stm32cubeide_1.3.0/stm32cubeide/plugins/com.st.stm32cube.ide.mcu.externaltools.gnu-tools-for-stm32.7-2018-q2-update.win32_1.0.0.201904181610/tools/bin/../lib/gcc/arm-none-eabi/7.3.1/thumb/v7-m/crti.o
[...]
Memory Configuration

Name             Origin             Length             Attributes
RAM              0x0000000020000000 0x000000000000c000 xrw
FLASH            0x0000000008000000 0x0000000000060000 xr
*default*        0x0000000000000000 0xffffffffffffffff

Linker script and memory map

LOAD d:/st/stm32cubeide_1.3.0/stm32cubeide/plugins/com.st.stm32cube.ide.mcu.externaltools.gnu-tools-for-stm32.7-2018-q2-update.win32_1.0.0.201904181610/tools/bin/../lib/gcc/arm-none-eabi/7.3.1/thumb/v7-m/crti.o
LOAD d:/st/stm32cubeide_1.3.0/stm32cubeide/plugins/com.st.stm32cube.ide.mcu.externaltools.gnu-tools-for-stm32.7-2018-q2-update.win32_1.0.0.201904181610/tools/bin/../lib/gcc/arm-none-eabi/7.3.1/thumb/v7-m/crtbegin.o
LOAD d:/st/stm32cubeide_1.3.0/stm32cubeide/plugins/com.st.stm32cube.ide.mcu.externaltools.gnu-tools-for-stm32.7-2018-q2-update.win32_1.0.0.201904181610/tools/bin/../lib/gcc/arm-none-eabi/7.3.1/../../../../arm-none-eabi/lib/thumb/v7-m/crt0.o
LOAD Core/Application/modules/H_bridge/h_bridge.o
LOAD Core/Application/modules/bluetooth_low_energy/bluetooth_le.o
LOAD Core/Application/modules/eeprom/eeprom.o
LOAD Core/Application/modules/hall/hall.o
LOAD Core/Application/modules/magnetometer/magnetometer.o
LOAD Core/Application/modules/proximity_sensor/proximity.o
LOAD Core/Application/modules/slotted_optocoupler/optocoupler.o
LOAD Core/Application/runtime/device_init/device_init.o
LOAD Core/Application/runtime/device_init/device_init_conf.o
LOAD Core/Application/runtime/runtime.o
LOAD Core/Application/runtime/runtime_conf.o
LOAD Core/Application/runtime/tasks/task_ble.o
LOAD Core/Application/runtime/tasks/task_eyes.o
LOAD Core/Application/runtime/tasks/task_memory.o
LOAD Core/Application/runtime/tasks/task_sensors.o
LOAD Core/Application/runtime/tasks/task_state_machine.o
LOAD Core/Src/adc.o
LOAD Core/Src/freertos.o
LOAD Core/Src/gpio.o
LOAD Core/Src/i2c.o
LOAD Core/Src/main.o
LOAD Core/Src/stm32l1xx_hal_msp.o
LOAD Core/Src/stm32l1xx_hal_timebase_tim.o
LOAD Core/Src/stm32l1xx_it.o
LOAD Core/Src/syscalls.o
LOAD Core/Src/sysmem.o
LOAD Core/Src/system_stm32l1xx.o
LOAD Core/Src/tim.o
LOAD Core/Src/usart.o
LOAD Core/Startup/startup_stm32l162rdtx.o
LOAD Drivers/STM32L1xx_HAL_Driver/Src/stm32l1xx_hal.o
LOAD Drivers/STM32L1xx_HAL_Driver/Src/stm32l1xx_hal_adc.o
LOAD Drivers/STM32L1xx_HAL_Driver/Src/stm32l1xx_hal_adc_ex.o
LOAD Drivers/STM32L1xx_HAL_Driver/Src/stm32l1xx_hal_cortex.o
LOAD Drivers/STM32L1xx_HAL_Driver/Src/stm32l1xx_hal_dma.o
LOAD Drivers/STM32L1xx_HAL_Driver/Src/stm32l1xx_hal_flash.o
LOAD Drivers/STM32L1xx_HAL_Driver/Src/stm32l1xx_hal_flash_ex.o
LOAD Drivers/STM32L1xx_HAL_Driver/Src/stm32l1xx_hal_flash_ramfunc.o
LOAD Drivers/STM32L1xx_HAL_Driver/Src/stm32l1xx_hal_gpio.o
LOAD Drivers/STM32L1xx_HAL_Driver/Src/stm32l1xx_hal_i2c.o
LOAD Drivers/STM32L1xx_HAL_Driver/Src/stm32l1xx_hal_pwr.o
LOAD Drivers/STM32L1xx_HAL_Driver/Src/stm32l1xx_hal_pwr_ex.o
LOAD Drivers/STM32L1xx_HAL_Driver/Src/stm32l1xx_hal_rcc.o
LOAD Drivers/STM32L1xx_HAL_Driver/Src/stm32l1xx_hal_rcc_ex.o
LOAD Drivers/STM32L1xx_HAL_Driver/Src/stm32l1xx_hal_tim.o
LOAD Drivers/STM32L1xx_HAL_Driver/Src/stm32l1xx_hal_tim_ex.o
LOAD Drivers/STM32L1xx_HAL_Driver/Src/stm32l1xx_hal_uart.o
LOAD Middlewares/Third_Party/FreeRTOS/Source/CMSIS_RTOS_V2/cmsis_os2.o
LOAD Middlewares/Third_Party/FreeRTOS/Source/croutine.o
LOAD Middlewares/Third_Party/FreeRTOS/Source/event_groups.o
LOAD Middlewares/Third_Party/FreeRTOS/Source/list.o
LOAD Middlewares/Third_Party/FreeRTOS/Source/queue.o
LOAD Middlewares/Third_Party/FreeRTOS/Source/stream_buffer.o
LOAD Middlewares/Third_Party/FreeRTOS/Source/tasks.o
LOAD Middlewares/Third_Party/FreeRTOS/Source/timers.o
LOAD Middlewares/Third_Party/FreeRTOS/Source/portable/GCC/ARM_CM3/port.o
LOAD Middlewares/Third_Party/FreeRTOS/Source/portable/MemMang/heap_4.o
START GROUP
LOAD d:/st/stm32cubeide_1.3.0/stm32cubeide/plugins/com.st.stm32cube.ide.mcu.externaltools.gnu-tools-for-stm32.7-2018-q2-update.win32_1.0.0.201904181610/tools/bin/../lib/gcc/arm-none-eabi/7.3.1/../../../../arm-none-eabi/lib/thumb/v7-m\libc_nano.a
LOAD d:/st/stm32cubeide_1.3.0/stm32cubeide/plugins/com.st.stm32cube.ide.mcu.externaltools.gnu-tools-for-stm32.7-2018-q2-update.win32_1.0.0.201904181610/tools/bin/../lib/gcc/arm-none-eabi/7.3.1/../../../../arm-none-eabi/lib/thumb/v7-m\libm.a
END GROUP
START GROUP
LOAD d:/st/stm32cubeide_1.3.0/stm32cubeide/plugins/com.st.stm32cube.ide.mcu.externaltools.gnu-tools-for-stm32.7-2018-q2-update.win32_1.0.0.201904181610/tools/bin/../lib/gcc/arm-none-eabi/7.3.1/thumb/v7-m\libgcc.a
LOAD d:/st/stm32cubeide_1.3.0/stm32cubeide/plugins/com.st.stm32cube.ide.mcu.externaltools.gnu-tools-for-stm32.7-2018-q2-update.win32_1.0.0.201904181610/tools/bin/../lib/gcc/arm-none-eabi/7.3.1/../../../../arm-none-eabi/lib/thumb/v7-m\libc_nano.a
END GROUP
START GROUP
LOAD d:/st/stm32cubeide_1.3.0/stm32cubeide/plugins/com.st.stm32cube.ide.mcu.externaltools.gnu-tools-for-stm32.7-2018-q2-update.win32_1.0.0.201904181610/tools/bin/../lib/gcc/arm-none-eabi/7.3.1/thumb/v7-m\libgcc.a
LOAD d:/st/stm32cubeide_1.3.0/stm32cubeide/plugins/com.st.stm32cube.ide.mcu.externaltools.gnu-tools-for-stm32.7-2018-q2-update.win32_1.0.0.201904181610/tools/bin/../lib/gcc/arm-none-eabi/7.3.1/../../../../arm-none-eabi/lib/thumb/v7-m\libc_nano.a
LOAD d:/st/stm32cubeide_1.3.0/stm32cubeide/plugins/com.st.stm32cube.ide.mcu.externaltools.gnu-tools-for-stm32.7-2018-q2-update.win32_1.0.0.201904181610/tools/bin/../lib/gcc/arm-none-eabi/7.3.1/../../../../arm-none-eabi/lib/thumb/v7-m\libnosys.a
END GROUP
START GROUP
LOAD d:/st/stm32cubeide_1.3.0/stm32cubeide/plugins/com.st.stm32cube.ide.mcu.externaltools.gnu-tools-for-stm32.7-2018-q2-update.win32_1.0.0.201904181610/tools/bin/../lib/gcc/arm-none-eabi/7.3.1/thumb/v7-m\libgcc.a
LOAD d:/st/stm32cubeide_1.3.0/stm32cubeide/plugins/com.st.stm32cube.ide.mcu.externaltools.gnu-tools-for-stm32.7-2018-q2-update.win32_1.0.0.201904181610/tools/bin/../lib/gcc/arm-none-eabi/7.3.1/../../../../arm-none-eabi/lib/thumb/v7-m\libc_nano.a
LOAD d:/st/stm32cubeide_1.3.0/stm32cubeide/plugins/com.st.stm32cube.ide.mcu.externaltools.gnu-tools-for-stm32.7-2018-q2-update.win32_1.0.0.201904181610/tools/bin/../lib/gcc/arm-none-eabi/7.3.1/../../../../arm-none-eabi/lib/thumb/v7-m\libnosys.a
END GROUP
LOAD d:/st/stm32cubeide_1.3.0/stm32cubeide/plugins/com.st.stm32cube.ide.mcu.externaltools.gnu-tools-for-stm32.7-2018-q2-update.win32_1.0.0.201904181610/tools/bin/../lib/gcc/arm-none-eabi/7.3.1/thumb/v7-m/crtend.o
LOAD d:/st/stm32cubeide_1.3.0/stm32cubeide/plugins/com.st.stm32cube.ide.mcu.externaltools.gnu-tools-for-stm32.7-2018-q2-update.win32_1.0.0.201904181610/tools/bin/../lib/gcc/arm-none-eabi/7.3.1/thumb/v7-m/crtn.o
                0x000000002000c000                _estack = (ORIGIN (RAM) + LENGTH (RAM))
                0x0000000000000200                _Min_Heap_Size = 0x200
                0x0000000000000400                _Min_Stack_Size = 0x400

.isr_vector     0x0000000008000000      0x13c
                0x0000000008000000                . = ALIGN (0x4)
 *(.isr_vector)
 .isr_vector    0x0000000008000000      0x13c Core/Startup/startup_stm32l162rdtx.o
                0x0000000008000000                g_pfnVectors
                0x000000000800013c                . = ALIGN (0x4)

.text           0x0000000008000140     0x7804
                0x0000000008000140                . = ALIGN (0x4)
 *(.text)
 .text          0x0000000008000140       0x40 d:/st/stm32cubeide_1.3.0/stm32cubeide/plugins/com.st.stm32cube.ide.mcu.externaltools.gnu-tools-for-stm32.7-2018-q2-update.win32_1.0.0.201904181610/tools/bin/../lib/gcc/arm-none-eabi/7.3.1/thumb/v7-m/crtbegin.o
 *(.text*)
 .text.h_bridge_init
                0x0000000008000180        0xe Core/Application/modules/H_bridge/h_bridge.o
                0x0000000008000180                h_bridge_init
 .text.bluetooth_le_init
                0x000000000800018e        0xe Core/Application/modules/bluetooth_low_energy/bluetooth_le.o
                0x000000000800018e                bluetooth_le_init
 .text.eeprom_init
                0x000000000800019c        0xe Core/Application/modules/eeprom/eeprom.o
                0x000000000800019c                eeprom_init
 .text.hall_init
                0x00000000080001aa        0xe Core/Application/modules/hall/hall.o
                0x00000000080001aa                hall_init
 .text.magnetometer_init
                0x00000000080001b8        0xe Core/Application/modules/magnetometer/magnetometer.o
                0x00000000080001b8                magnetometer_init
 .text.proximity_init
                0x00000000080001c6        0xe Core/Application/modules/proximity_sensor/proximity.o
                0x00000000080001c6                proximity_init
 .text.optocoupler_init
                0x00000000080001d4        0xe Core/Application/modules/slotted_optocoupler/optocoupler.o
                0x00000000080001d4                optocoupler_init
 *fill*         0x00000000080001e2        0x2 
 .text.device_init
                0x00000000080001e4       0x70 Core/Application/runtime/device_init/device_init.o
                0x00000000080001e4                device_init
 .text.rt_init  0x0000000008000254      0x154 Core/Application/runtime/runtime.o
                0x0000000008000254                rt_init
 .text.task_ble
                0x00000000080003a8        0xa Core/Application/runtime/tasks/task_ble.o
                0x00000000080003a8                task_ble
 .text.task_eyes
                0x00000000080003b2        0xa Core/Application/runtime/tasks/task_eyes.o
                0x00000000080003b2                task_eyes
 .text.task_memory
                0x00000000080003bc        0xa Core/Application/runtime/tasks/task_memory.o
                0x00000000080003bc                task_memory
 .text.task_sensors
                0x00000000080003c6        0xa Core/Application/runtime/tasks/task_sensors.o
                0x00000000080003c6                task_sensors
 .text.task_state_machine
                0x00000000080003d0        0xa Core/Application/runtime/tasks/task_state_machine.o
                0x00000000080003d0                task_state_machine
 *fill*         0x00000000080003da        0x2 
 .text.MX_ADC_Init
                0x00000000080003dc       0xb0 Core/Src/adc.o
                0x00000000080003dc                MX_ADC_Init
 .text.HAL_ADC_MspInit
                0x000000000800048c       0xe8 Core/Src/adc.o
                0x000000000800048c                HAL_ADC_MspInit
 .text.MX_FREERTOS_Init
                0x0000000008000574       0x28 Core/Src/freertos.o
                0x0000000008000574                MX_FREERTOS_Init
 .text.StartDefaultTask
                0x000000000800059c       0x10 Core/Src/freertos.o
                0x000000000800059c                StartDefaultTask
 .text.MX_GPIO_Init
                0x00000000080005ac      0x1cc Core/Src/gpio.o
                0x00000000080005ac                MX_GPIO_Init
 .text.MX_I2C1_Init
                0x0000000008000778       0x5c Core/Src/i2c.o
                0x0000000008000778                MX_I2C1_Init
 .text.HAL_I2C_MspInit
                0x00000000080007d4       0x98 Core/Src/i2c.o
                0x00000000080007d4                HAL_I2C_MspInit
 .text.main     0x000000000800086c       0x3a Core/Src/main.o
                0x000000000800086c                main
 *fill*         0x00000000080008a6        0x2 
 .text.SystemClock_Config
                0x00000000080008a8       0xa0 Core/Src/main.o
                0x00000000080008a8                SystemClock_Config
 .text.HAL_TIM_PeriodElapsedCallback
                0x0000000008000948       0x24 Core/Src/main.o
                0x0000000008000948                HAL_TIM_PeriodElapsedCallback
 .text.Error_Handler
                0x000000000800096c        0xc Core/Src/main.o
                0x000000000800096c                Error_Handler
 .text.HAL_MspInit
                0x0000000008000978       0x68 Core/Src/stm32l1xx_hal_msp.o
                0x0000000008000978                HAL_MspInit
 .text.HAL_InitTick
                0x00000000080009e0       0xac Core/Src/stm32l1xx_hal_timebase_tim.o
                0x00000000080009e0                HAL_InitTick
 .text.NMI_Handler
                0x0000000008000a8c        0xc Core/Src/stm32l1xx_it.o
                0x0000000008000a8c                NMI_Handler
 .text.HardFault_Handler
                0x0000000008000a98        0x6 Core/Src/stm32l1xx_it.o
                0x0000000008000a98                HardFault_Handler
 .text.MemManage_Handler
                0x0000000008000a9e        0x6 Core/Src/stm32l1xx_it.o
                0x0000000008000a9e                MemManage_Handler
 .text.BusFault_Handler
                0x0000000008000aa4        0x6 Core/Src/stm32l1xx_it.o
                0x0000000008000aa4                BusFault_Handler
 .text.UsageFault_Handler
                0x0000000008000aaa        0x6 Core/Src/stm32l1xx_it.o
                0x0000000008000aaa                UsageFault_Handler
 .text.DebugMon_Handler
                0x0000000008000ab0        0xc Core/Src/stm32l1xx_it.o
                0x0000000008000ab0                DebugMon_Handler
 .text.I2C1_EV_IRQHandler
                0x0000000008000abc       0x14 Core/Src/stm32l1xx_it.o
                0x0000000008000abc                I2C1_EV_IRQHandler
 .text.USART3_IRQHandler
                0x0000000008000ad0       0x14 Core/Src/stm32l1xx_it.o
                0x0000000008000ad0                USART3_IRQHandler
 .text.TIM5_IRQHandler
                0x0000000008000ae4       0x14 Core/Src/stm32l1xx_it.o
                0x0000000008000ae4                TIM5_IRQHandler
 .text.SystemInit
                0x0000000008000af8       0x68 Core/Src/system_stm32l1xx.o
                0x0000000008000af8                SystemInit
 .text.MX_TIM2_Init
                0x0000000008000b60       0xa8 Core/Src/tim.o
                0x0000000008000b60                MX_TIM2_Init
 .text.MX_TIM3_Init
                0x0000000008000c08       0xac Core/Src/tim.o
                0x0000000008000c08                MX_TIM3_Init
 .text.MX_TIM9_Init
                0x0000000008000cb4       0xac Core/Src/tim.o
                0x0000000008000cb4                MX_TIM9_Init
 .text.HAL_TIM_PWM_MspInit
                0x0000000008000d60       0x88 Core/Src/tim.o
                0x0000000008000d60                HAL_TIM_PWM_MspInit
 .text.HAL_TIM_MspPostInit
                0x0000000008000de8      0x108 Core/Src/tim.o
                0x0000000008000de8                HAL_TIM_MspPostInit
 .text.MX_USART3_UART_Init
                0x0000000008000ef0       0x54 Core/Src/usart.o
                0x0000000008000ef0                MX_USART3_UART_Init
 .text.HAL_UART_MspInit
                0x0000000008000f44       0x98 Core/Src/usart.o
                0x0000000008000f44                HAL_UART_MspInit
 .text.Reset_Handler
                0x0000000008000fdc       0x48 Core/Startup/startup_stm32l162rdtx.o
                0x0000000008000fdc                Reset_Handler
 .text.Default_Handler
                0x0000000008001024        0x2 Core/Startup/startup_stm32l162rdtx.o
                0x0000000008001024                RTC_Alarm_IRQHandler
                0x0000000008001024                EXTI2_IRQHandler
                0x0000000008001024                COMP_ACQ_IRQHandler
                0x0000000008001024                TIM10_IRQHandler
                0x0000000008001024                USB_HP_IRQHandler
                0x0000000008001024                TIM6_IRQHandler
                0x0000000008001024                PVD_IRQHandler
                0x0000000008001024                SDIO_IRQHandler
                0x0000000008001024                EXTI3_IRQHandler
                0x0000000008001024                EXTI0_IRQHandler
                0x0000000008001024                I2C2_EV_IRQHandler
                0x0000000008001024                SPI1_IRQHandler
                0x0000000008001024                USB_FS_WKUP_IRQHandler
                0x0000000008001024                DMA2_Channel2_IRQHandler
                0x0000000008001024                DMA1_Channel4_IRQHandler
                0x0000000008001024                ADC1_IRQHandler
                0x0000000008001024                DMA1_Channel7_IRQHandler
                0x0000000008001024                LCD_IRQHandler
                0x0000000008001024                UART5_IRQHandler
                0x0000000008001024                TIM4_IRQHandler
                0x0000000008001024                DMA2_Channel1_IRQHandler
                0x0000000008001024                DMA1_Channel6_IRQHandler
                0x0000000008001024                UART4_IRQHandler
                0x0000000008001024                DMA2_Channel4_IRQHandler
                0x0000000008001024                TIM3_IRQHandler
                0x0000000008001024                RCC_IRQHandler
                0x0000000008001024                DMA1_Channel1_IRQHandler
                0x0000000008001024                Default_Handler
                0x0000000008001024                EXTI15_10_IRQHandler
                0x0000000008001024                TIM7_IRQHandler
                0x0000000008001024                EXTI9_5_IRQHandler
                0x0000000008001024                TIM9_IRQHandler
                0x0000000008001024                TAMPER_STAMP_IRQHandler
                0x0000000008001024                RTC_WKUP_IRQHandler
                0x0000000008001024                SPI2_IRQHandler
                0x0000000008001024                DMA2_Channel5_IRQHandler
                0x0000000008001024                DMA1_Channel5_IRQHandler
                0x0000000008001024                USB_LP_IRQHandler
                0x0000000008001024                EXTI4_IRQHandler
                0x0000000008001024                DMA1_Channel3_IRQHandler
                0x0000000008001024                COMP_IRQHandler
                0x0000000008001024                WWDG_IRQHandler
                0x0000000008001024                TIM2_IRQHandler
                0x0000000008001024                DAC_IRQHandler
                0x0000000008001024                EXTI1_IRQHandler
                0x0000000008001024                AES_IRQHandler
                0x0000000008001024                TIM11_IRQHandler
                0x0000000008001024                USART2_IRQHandler
                0x0000000008001024                I2C2_ER_IRQHandler
                0x0000000008001024                DMA1_Channel2_IRQHandler
                0x0000000008001024                FLASH_IRQHandler
                0x0000000008001024                USART1_IRQHandler
                0x0000000008001024                SPI3_IRQHandler
                0x0000000008001024                I2C1_ER_IRQHandler
                0x0000000008001024                DMA2_Channel3_IRQHandler
 .text.HAL_Init
                0x0000000008001026       0x30 Drivers/STM32L1xx_HAL_Driver/Src/stm32l1xx_hal.o
                0x0000000008001026                HAL_Init
 *fill*         0x0000000008001056        0x2 
 .text.HAL_IncTick
                0x0000000008001058       0x24 Drivers/STM32L1xx_HAL_Driver/Src/stm32l1xx_hal.o
                0x0000000008001058                HAL_IncTick
 .text.HAL_GetTick
                0x000000000800107c       0x14 Drivers/STM32L1xx_HAL_Driver/Src/stm32l1xx_hal.o
                0x000000000800107c                HAL_GetTick
 .text.HAL_ADC_Init
                0x0000000008001090      0x28c Drivers/STM32L1xx_HAL_Driver/Src/stm32l1xx_hal_adc.o
                0x0000000008001090                HAL_ADC_Init
 .text.HAL_ADC_ConfigChannel
                0x000000000800131c      0x2d8 Drivers/STM32L1xx_HAL_Driver/Src/stm32l1xx_hal_adc.o
                0x000000000800131c                HAL_ADC_ConfigChannel
 .text.__NVIC_SetPriorityGrouping
                0x00000000080015f4       0x48 Drivers/STM32L1xx_HAL_Driver/Src/stm32l1xx_hal_cortex.o
 .text.__NVIC_GetPriorityGrouping
                0x000000000800163c       0x1c Drivers/STM32L1xx_HAL_Driver/Src/stm32l1xx_hal_cortex.o
 .text.__NVIC_EnableIRQ
                0x0000000008001658       0x38 Drivers/STM32L1xx_HAL_Driver/Src/stm32l1xx_hal_cortex.o
 .text.__NVIC_SetPriority
                0x0000000008001690       0x54 Drivers/STM32L1xx_HAL_Driver/Src/stm32l1xx_hal_cortex.o
 .text.NVIC_EncodePriority
                0x00000000080016e4       0x64 Drivers/STM32L1xx_HAL_Driver/Src/stm32l1xx_hal_cortex.o
 .text.HAL_NVIC_SetPriorityGrouping
                0x0000000008001748       0x16 Drivers/STM32L1xx_HAL_Driver/Src/stm32l1xx_hal_cortex.o
                0x0000000008001748                HAL_NVIC_SetPriorityGrouping
 .text.HAL_NVIC_SetPriority
                0x000000000800175e       0x38 Drivers/STM32L1xx_HAL_Driver/Src/stm32l1xx_hal_cortex.o
                0x000000000800175e                HAL_NVIC_SetPriority
 .text.HAL_NVIC_EnableIRQ
                0x0000000008001796       0x1c Drivers/STM32L1xx_HAL_Driver/Src/stm32l1xx_hal_cortex.o
                0x0000000008001796                HAL_NVIC_EnableIRQ
 .text.HAL_DMA_Abort_IT
                0x00000000080017b2       0x82 Drivers/STM32L1xx_HAL_Driver/Src/stm32l1xx_hal_dma.o
                0x00000000080017b2                HAL_DMA_Abort_IT
 .text.HAL_DMA_GetState
                0x0000000008001834       0x1a Drivers/STM32L1xx_HAL_Driver/Src/stm32l1xx_hal_dma.o
                0x0000000008001834                HAL_DMA_GetState
 *fill*         0x000000000800184e        0x2 
 .text.HAL_GPIO_Init
                0x0000000008001850      0x31c Drivers/STM32L1xx_HAL_Driver/Src/stm32l1xx_hal_gpio.o
                0x0000000008001850                HAL_GPIO_Init
 .text.HAL_GPIO_WritePin
                0x0000000008001b6c       0x30 Drivers/STM32L1xx_HAL_Driver/Src/stm32l1xx_hal_gpio.o
                0x0000000008001b6c                HAL_GPIO_WritePin
 .text.HAL_I2C_Init
                0x0000000008001b9c      0x250 Drivers/STM32L1xx_HAL_Driver/Src/stm32l1xx_hal_i2c.o
                0x0000000008001b9c                HAL_I2C_Init
 .text.HAL_I2C_EV_IRQHandler
                0x0000000008001dec      0x2cc Drivers/STM32L1xx_HAL_Driver/Src/stm32l1xx_hal_i2c.o
                0x0000000008001dec                HAL_I2C_EV_IRQHandler
 .text.HAL_I2C_MasterTxCpltCallback
                0x00000000080020b8       0x12 Drivers/STM32L1xx_HAL_Driver/Src/stm32l1xx_hal_i2c.o
                0x00000000080020b8                HAL_I2C_MasterTxCpltCallback
 .text.HAL_I2C_MasterRxCpltCallback
                0x00000000080020ca       0x12 Drivers/STM32L1xx_HAL_Driver/Src/stm32l1xx_hal_i2c.o
                0x00000000080020ca                HAL_I2C_MasterRxCpltCallback
 .text.HAL_I2C_SlaveTxCpltCallback
                0x00000000080020dc       0x12 Drivers/STM32L1xx_HAL_Driver/Src/stm32l1xx_hal_i2c.o
                0x00000000080020dc                HAL_I2C_SlaveTxCpltCallback
 .text.HAL_I2C_SlaveRxCpltCallback
                0x00000000080020ee       0x12 Drivers/STM32L1xx_HAL_Driver/Src/stm32l1xx_hal_i2c.o
                0x00000000080020ee                HAL_I2C_SlaveRxCpltCallback
 .text.HAL_I2C_AddrCallback
                0x0000000008002100       0x1a Drivers/STM32L1xx_HAL_Driver/Src/stm32l1xx_hal_i2c.o
                0x0000000008002100                HAL_I2C_AddrCallback
 .text.HAL_I2C_ListenCpltCallback
                0x000000000800211a       0x12 Drivers/STM32L1xx_HAL_Driver/Src/stm32l1xx_hal_i2c.o
                0x000000000800211a                HAL_I2C_ListenCpltCallback
 .text.HAL_I2C_MemTxCpltCallback
                0x000000000800212c       0x12 Drivers/STM32L1xx_HAL_Driver/Src/stm32l1xx_hal_i2c.o
                0x000000000800212c                HAL_I2C_MemTxCpltCallback
 .text.HAL_I2C_MemRxCpltCallback
                0x000000000800213e       0x12 Drivers/STM32L1xx_HAL_Driver/Src/stm32l1xx_hal_i2c.o
                0x000000000800213e                HAL_I2C_MemRxCpltCallback
 .text.HAL_I2C_ErrorCallback
                0x0000000008002150       0x12 Drivers/STM32L1xx_HAL_Driver/Src/stm32l1xx_hal_i2c.o
                0x0000000008002150                HAL_I2C_ErrorCallback
 .text.HAL_I2C_AbortCpltCallback
                0x0000000008002162       0x12 Drivers/STM32L1xx_HAL_Driver/Src/stm32l1xx_hal_i2c.o
                0x0000000008002162                HAL_I2C_AbortCpltCallback
 .text.I2C_MasterTransmit_TXE
                0x0000000008002174      0x1f0 Drivers/STM32L1xx_HAL_Driver/Src/stm32l1xx_hal_i2c.o
 .text.I2C_MasterTransmit_BTF
                0x0000000008002364       0xec Drivers/STM32L1xx_HAL_Driver/Src/stm32l1xx_hal_i2c.o
 .text.I2C_MasterReceive_RXNE
                0x0000000008002450      0x104 Drivers/STM32L1xx_HAL_Driver/Src/stm32l1xx_hal_i2c.o
 .text.I2C_MasterReceive_BTF
                0x0000000008002554      0x1d4 Drivers/STM32L1xx_HAL_Driver/Src/stm32l1xx_hal_i2c.o
 .text.I2C_Master_SB
                0x0000000008002728      0x10a Drivers/STM32L1xx_HAL_Driver/Src/stm32l1xx_hal_i2c.o
 .text.I2C_Master_ADD10
                0x0000000008002832       0x52 Drivers/STM32L1xx_HAL_Driver/Src/stm32l1xx_hal_i2c.o
 .text.I2C_Master_ADDR
                0x0000000008002884      0x320 Drivers/STM32L1xx_HAL_Driver/Src/stm32l1xx_hal_i2c.o
 .text.I2C_SlaveTransmit_TXE
                0x0000000008002ba4       0x7a Drivers/STM32L1xx_HAL_Driver/Src/stm32l1xx_hal_i2c.o
 .text.I2C_SlaveTransmit_BTF
                0x0000000008002c1e       0x40 Drivers/STM32L1xx_HAL_Driver/Src/stm32l1xx_hal_i2c.o
 .text.I2C_SlaveReceive_RXNE
                0x0000000008002c5e       0x7c Drivers/STM32L1xx_HAL_Driver/Src/stm32l1xx_hal_i2c.o
 .text.I2C_SlaveReceive_BTF
                0x0000000008002cda       0x42 Drivers/STM32L1xx_HAL_Driver/Src/stm32l1xx_hal_i2c.o
 .text.I2C_Slave_ADDR
                0x0000000008002d1c       0x88 Drivers/STM32L1xx_HAL_Driver/Src/stm32l1xx_hal_i2c.o
 .text.I2C_Slave_STOPF
                0x0000000008002da4      0x260 Drivers/STM32L1xx_HAL_Driver/Src/stm32l1xx_hal_i2c.o
 .text.I2C_ITError
                0x0000000008003004      0x230 Drivers/STM32L1xx_HAL_Driver/Src/stm32l1xx_hal_i2c.o
 .text.I2C_DMAAbort
                0x0000000008003234       0xde Drivers/STM32L1xx_HAL_Driver/Src/stm32l1xx_hal_i2c.o
 .text.I2C_ConvertOtherXferOptions
                0x0000000008003312       0x34 Drivers/STM32L1xx_HAL_Driver/Src/stm32l1xx_hal_i2c.o
 *fill*         0x0000000008003346        0x2 
 .text.HAL_RCC_OscConfig
                0x0000000008003348      0x660 Drivers/STM32L1xx_HAL_Driver/Src/stm32l1xx_hal_rcc.o
                0x0000000008003348                HAL_RCC_OscConfig
 .text.HAL_RCC_ClockConfig
                0x00000000080039a8      0x268 Drivers/STM32L1xx_HAL_Driver/Src/stm32l1xx_hal_rcc.o
                0x00000000080039a8                HAL_RCC_ClockConfig
 .text.HAL_RCC_GetSysClockFreq
                0x0000000008003c10       0xb0 Drivers/STM32L1xx_HAL_Driver/Src/stm32l1xx_hal_rcc.o
                0x0000000008003c10                HAL_RCC_GetSysClockFreq
 .text.HAL_RCC_GetHCLKFreq
                0x0000000008003cc0       0x14 Drivers/STM32L1xx_HAL_Driver/Src/stm32l1xx_hal_rcc.o
                0x0000000008003cc0                HAL_RCC_GetHCLKFreq
 .text.HAL_RCC_GetPCLK1Freq
                0x0000000008003cd4       0x28 Drivers/STM32L1xx_HAL_Driver/Src/stm32l1xx_hal_rcc.o
                0x0000000008003cd4                HAL_RCC_GetPCLK1Freq
 .text.HAL_RCC_GetPCLK2Freq
                0x0000000008003cfc       0x28 Drivers/STM32L1xx_HAL_Driver/Src/stm32l1xx_hal_rcc.o
                0x0000000008003cfc                HAL_RCC_GetPCLK2Freq
 .text.HAL_RCC_GetClockConfig
                0x0000000008003d24       0x60 Drivers/STM32L1xx_HAL_Driver/Src/stm32l1xx_hal_rcc.o
                0x0000000008003d24                HAL_RCC_GetClockConfig
 .text.RCC_SetFlashLatencyFromMSIRange
                0x0000000008003d84       0xc0 Drivers/STM32L1xx_HAL_Driver/Src/stm32l1xx_hal_rcc.o
 .text.HAL_TIM_Base_Init
                0x0000000008003e44       0x56 Drivers/STM32L1xx_HAL_Driver/Src/stm32l1xx_hal_tim.o
                0x0000000008003e44                HAL_TIM_Base_Init
 .text.HAL_TIM_Base_MspInit
                0x0000000008003e9a       0x12 Drivers/STM32L1xx_HAL_Driver/Src/stm32l1xx_hal_tim.o
                0x0000000008003e9a                HAL_TIM_Base_MspInit
 .text.HAL_TIM_Base_Start_IT
                0x0000000008003eac       0x46 Drivers/STM32L1xx_HAL_Driver/Src/stm32l1xx_hal_tim.o
                0x0000000008003eac                HAL_TIM_Base_Start_IT
 .text.HAL_TIM_PWM_Init
                0x0000000008003ef2       0x56 Drivers/STM32L1xx_HAL_Driver/Src/stm32l1xx_hal_tim.o
                0x0000000008003ef2                HAL_TIM_PWM_Init
 .text.HAL_TIM_IRQHandler
                0x0000000008003f48      0x1b8 Drivers/STM32L1xx_HAL_Driver/Src/stm32l1xx_hal_tim.o
                0x0000000008003f48                HAL_TIM_IRQHandler
 .text.HAL_TIM_PWM_ConfigChannel
                0x0000000008004100      0x18c Drivers/STM32L1xx_HAL_Driver/Src/stm32l1xx_hal_tim.o
                0x0000000008004100                HAL_TIM_PWM_ConfigChannel
 .text.HAL_TIM_OC_DelayElapsedCallback
                0x000000000800428c       0x12 Drivers/STM32L1xx_HAL_Driver/Src/stm32l1xx_hal_tim.o
                0x000000000800428c                HAL_TIM_OC_DelayElapsedCallback
 .text.HAL_TIM_IC_CaptureCallback
                0x000000000800429e       0x12 Drivers/STM32L1xx_HAL_Driver/Src/stm32l1xx_hal_tim.o
                0x000000000800429e                HAL_TIM_IC_CaptureCallback
 .text.HAL_TIM_PWM_PulseFinishedCallback
                0x00000000080042b0       0x12 Drivers/STM32L1xx_HAL_Driver/Src/stm32l1xx_hal_tim.o
                0x00000000080042b0                HAL_TIM_PWM_PulseFinishedCallback
 .text.HAL_TIM_TriggerCallback
                0x00000000080042c2       0x12 Drivers/STM32L1xx_HAL_Driver/Src/stm32l1xx_hal_tim.o
                0x00000000080042c2                HAL_TIM_TriggerCallback
 .text.TIM_Base_SetConfig
                0x00000000080042d4       0xe0 Drivers/STM32L1xx_HAL_Driver/Src/stm32l1xx_hal_tim.o
 .text.TIM_OC1_SetConfig
                0x00000000080043b4       0x78 Drivers/STM32L1xx_HAL_Driver/Src/stm32l1xx_hal_tim.o
 .text.TIM_OC2_SetConfig
                0x000000000800442c       0x7c Drivers/STM32L1xx_HAL_Driver/Src/stm32l1xx_hal_tim.o
 .text.TIM_OC3_SetConfig
                0x00000000080044a8       0x7a Drivers/STM32L1xx_HAL_Driver/Src/stm32l1xx_hal_tim.o
 .text.TIM_OC4_SetConfig
                0x0000000008004522       0x7c Drivers/STM32L1xx_HAL_Driver/Src/stm32l1xx_hal_tim.o
 .text.HAL_TIMEx_MasterConfigSynchronization
                0x000000000800459e       0x88 Drivers/STM32L1xx_HAL_Driver/Src/stm32l1xx_hal_tim_ex.o
                0x000000000800459e                HAL_TIMEx_MasterConfigSynchronization
 .text.HAL_UART_Init
                0x0000000008004626       0x9a Drivers/STM32L1xx_HAL_Driver/Src/stm32l1xx_hal_uart.o
                0x0000000008004626                HAL_UART_Init
 .text.HAL_UART_IRQHandler
                0x00000000080046c0      0x1f8 Drivers/STM32L1xx_HAL_Driver/Src/stm32l1xx_hal_uart.o
                0x00000000080046c0                HAL_UART_IRQHandler
 .text.HAL_UART_TxCpltCallback
                0x00000000080048b8       0x12 Drivers/STM32L1xx_HAL_Driver/Src/stm32l1xx_hal_uart.o
                0x00000000080048b8                HAL_UART_TxCpltCallback
 .text.HAL_UART_RxCpltCallback
                0x00000000080048ca       0x12 Drivers/STM32L1xx_HAL_Driver/Src/stm32l1xx_hal_uart.o
                0x00000000080048ca                HAL_UART_RxCpltCallback
 .text.HAL_UART_ErrorCallback
                0x00000000080048dc       0x12 Drivers/STM32L1xx_HAL_Driver/Src/stm32l1xx_hal_uart.o
                0x00000000080048dc                HAL_UART_ErrorCallback
 .text.UART_EndRxTransfer
                0x00000000080048ee       0x3a Drivers/STM32L1xx_HAL_Driver/Src/stm32l1xx_hal_uart.o
 .text.UART_DMAAbortOnError
                0x0000000008004928       0x28 Drivers/STM32L1xx_HAL_Driver/Src/stm32l1xx_hal_uart.o
 .text.UART_Transmit_IT
                0x0000000008004950       0xaa Drivers/STM32L1xx_HAL_Driver/Src/stm32l1xx_hal_uart.o
 .text.UART_EndTransmit_IT
                0x00000000080049fa       0x30 Drivers/STM32L1xx_HAL_Driver/Src/stm32l1xx_hal_uart.o
 .text.UART_Receive_IT
                0x0000000008004a2a      0x102 Drivers/STM32L1xx_HAL_Driver/Src/stm32l1xx_hal_uart.o
 .text.UART_SetConfig
                0x0000000008004b2c      0x310 Drivers/STM32L1xx_HAL_Driver/Src/stm32l1xx_hal_uart.o
 .text.osKernelInitialize
                0x0000000008004e3c       0x64 Middlewares/Third_Party/FreeRTOS/Source/CMSIS_RTOS_V2/cmsis_os2.o
                0x0000000008004e3c                osKernelInitialize
 .text.osKernelStart
                0x0000000008004ea0       0x68 Middlewares/Third_Party/FreeRTOS/Source/CMSIS_RTOS_V2/cmsis_os2.o
                0x0000000008004ea0                osKernelStart
 .text.osThreadNew
                0x0000000008004f08      0x154 Middlewares/Third_Party/FreeRTOS/Source/CMSIS_RTOS_V2/cmsis_os2.o
                0x0000000008004f08                osThreadNew
 .text.osDelay  0x000000000800505c       0x5c Middlewares/Third_Party/FreeRTOS/Source/CMSIS_RTOS_V2/cmsis_os2.o
                0x000000000800505c                osDelay
 .text.vApplicationGetIdleTaskMemory
                0x00000000080050b8       0x30 Middlewares/Third_Party/FreeRTOS/Source/CMSIS_RTOS_V2/cmsis_os2.o
                0x00000000080050b8                vApplicationGetIdleTaskMemory
 .text.vApplicationGetTimerTaskMemory
                0x00000000080050e8       0x34 Middlewares/Third_Party/FreeRTOS/Source/CMSIS_RTOS_V2/cmsis_os2.o
                0x00000000080050e8                vApplicationGetTimerTaskMemory
 .text.xEventGroupCreate
                0x000000000800511c       0x34 Middlewares/Third_Party/FreeRTOS/Source/event_groups.o
                0x000000000800511c                xEventGroupCreate
 .text.vListInitialise
                0x0000000008005150       0x3e Middlewares/Third_Party/FreeRTOS/Source/list.o
                0x0000000008005150                vListInitialise
 .text.vListInitialiseItem
                0x000000000800518e       0x18 Middlewares/Third_Party/FreeRTOS/Source/list.o
                0x000000000800518e                vListInitialiseItem
 .text.vListInsertEnd
                0x00000000080051a6       0x46 Middlewares/Third_Party/FreeRTOS/Source/list.o
                0x00000000080051a6                vListInsertEnd
 .text.vListInsert
                0x00000000080051ec       0x70 Middlewares/Third_Party/FreeRTOS/Source/list.o
                0x00000000080051ec                vListInsert
 .text.uxListRemove
                0x000000000800525c       0x52 Middlewares/Third_Party/FreeRTOS/Source/list.o
                0x000000000800525c                uxListRemove
 *fill*         0x00000000080052ae        0x2 
 .text.xQueueGenericReset
                0x00000000080052b0       0xd0 Middlewares/Third_Party/FreeRTOS/Source/queue.o
                0x00000000080052b0                xQueueGenericReset
 .text.xQueueGenericCreateStatic
                0x0000000008005380       0xe4 Middlewares/Third_Party/FreeRTOS/Source/queue.o
                0x0000000008005380                xQueueGenericCreateStatic
 .text.xQueueGenericCreate
                0x0000000008005464       0x7a Middlewares/Third_Party/FreeRTOS/Source/queue.o
                0x0000000008005464                xQueueGenericCreate
 .text.prvInitialiseNewQueue
                0x00000000080054de       0x46 Middlewares/Third_Party/FreeRTOS/Source/queue.o
 .text.xQueueGenericSend
                0x0000000008005524      0x1f4 Middlewares/Third_Party/FreeRTOS/Source/queue.o
                0x0000000008005524                xQueueGenericSend
 .text.xQueueGenericSendFromISR
                0x0000000008005718      0x128 Middlewares/Third_Party/FreeRTOS/Source/queue.o
                0x0000000008005718                xQueueGenericSendFromISR
 .text.xQueueReceive
                0x0000000008005840      0x1b8 Middlewares/Third_Party/FreeRTOS/Source/queue.o
                0x0000000008005840                xQueueReceive
 .text.prvCopyDataToQueue
                0x00000000080059f8       0xd4 Middlewares/Third_Party/FreeRTOS/Source/queue.o
 .text.prvCopyDataFromQueue
                0x0000000008005acc       0x4c Middlewares/Third_Party/FreeRTOS/Source/queue.o
 .text.prvUnlockQueue
                0x0000000008005b18       0xa4 Middlewares/Third_Party/FreeRTOS/Source/queue.o
 .text.prvIsQueueEmpty
                0x0000000008005bbc       0x2c Middlewares/Third_Party/FreeRTOS/Source/queue.o
 .text.prvIsQueueFull
                0x0000000008005be8       0x30 Middlewares/Third_Party/FreeRTOS/Source/queue.o
 .text.vQueueAddToRegistry
                0x0000000008005c18       0x50 Middlewares/Third_Party/FreeRTOS/Source/queue.o
                0x0000000008005c18                vQueueAddToRegistry
 .text.vQueueWaitForMessageRestricted
                0x0000000008005c68       0x68 Middlewares/Third_Party/FreeRTOS/Source/queue.o
                0x0000000008005c68                vQueueWaitForMessageRestricted
 .text.xTaskCreateStatic
                0x0000000008005cd0       0xb2 Middlewares/Third_Party/FreeRTOS/Source/tasks.o
                0x0000000008005cd0                xTaskCreateStatic
 .text.xTaskCreate
                0x0000000008005d82       0x8a Middlewares/Third_Party/FreeRTOS/Source/tasks.o
                0x0000000008005d82                xTaskCreate
 .text.prvInitialiseNewTask
                0x0000000008005e0c      0x10c Middlewares/Third_Party/FreeRTOS/Source/tasks.o
 .text.prvAddNewTaskToReadyList
                0x0000000008005f18       0xe0 Middlewares/Third_Party/FreeRTOS/Source/tasks.o
 .text.vTaskDelay
                0x0000000008005ff8       0x68 Middlewares/Third_Party/FreeRTOS/Source/tasks.o
                0x0000000008005ff8                vTaskDelay
 .text.vTaskStartScheduler
                0x0000000008006060       0xc8 Middlewares/Third_Party/FreeRTOS/Source/tasks.o
                0x0000000008006060                vTaskStartScheduler
 .text.vTaskSuspendAll
                0x0000000008006128       0x1c Middlewares/Third_Party/FreeRTOS/Source/tasks.o
                0x0000000008006128                vTaskSuspendAll
 .text.xTaskResumeAll
                0x0000000008006144      0x138 Middlewares/Third_Party/FreeRTOS/Source/tasks.o
                0x0000000008006144                xTaskResumeAll
 .text.xTaskGetTickCount
                0x000000000800627c       0x1c Middlewares/Third_Party/FreeRTOS/Source/tasks.o
                0x000000000800627c                xTaskGetTickCount
 .text.xTaskIncrementTick
                0x0000000008006298      0x17c Middlewares/Third_Party/FreeRTOS/Source/tasks.o
                0x0000000008006298                xTaskIncrementTick
 .text.vTaskSwitchContext
                0x0000000008006414       0xb8 Middlewares/Third_Party/FreeRTOS/Source/tasks.o
                0x0000000008006414                vTaskSwitchContext
 .text.vTaskPlaceOnEventList
                0x00000000080064cc       0x48 Middlewares/Third_Party/FreeRTOS/Source/tasks.o
                0x00000000080064cc                vTaskPlaceOnEventList
 .text.vTaskPlaceOnEventListRestricted
                0x0000000008006514       0x54 Middlewares/Third_Party/FreeRTOS/Source/tasks.o
                0x0000000008006514                vTaskPlaceOnEventListRestricted
 .text.xTaskRemoveFromEventList
                0x0000000008006568       0xc4 Middlewares/Third_Party/FreeRTOS/Source/tasks.o
                0x0000000008006568                xTaskRemoveFromEventList
 .text.vTaskInternalSetTimeOutState
                0x000000000800662c       0x2c Middlewares/Third_Party/FreeRTOS/Source/tasks.o
                0x000000000800662c                vTaskInternalSetTimeOutState
 .text.xTaskCheckForTimeOut
                0x0000000008006658       0xc0 Middlewares/Third_Party/FreeRTOS/Source/tasks.o
                0x0000000008006658                xTaskCheckForTimeOut
 .text.vTaskMissedYield
                0x0000000008006718       0x18 Middlewares/Third_Party/FreeRTOS/Source/tasks.o
                0x0000000008006718                vTaskMissedYield
 .text.prvIdleTask
                0x0000000008006730       0x30 Middlewares/Third_Party/FreeRTOS/Source/tasks.o
 .text.prvInitialiseTaskLists
                0x0000000008006760       0x80 Middlewares/Third_Party/FreeRTOS/Source/tasks.o
 .text.prvCheckTasksWaitingTermination
                0x00000000080067e0       0x58 Middlewares/Third_Party/FreeRTOS/Source/tasks.o
 .text.prvDeleteTCB
                0x0000000008006838       0x5c Middlewares/Third_Party/FreeRTOS/Source/tasks.o
 .text.prvResetNextTaskUnblockTime
                0x0000000008006894       0x48 Middlewares/Third_Party/FreeRTOS/Source/tasks.o
 .text.xTaskGetSchedulerState
                0x00000000080068dc       0x3c Middlewares/Third_Party/FreeRTOS/Source/tasks.o
                0x00000000080068dc                xTaskGetSchedulerState
 .text.xTaskPriorityDisinherit
                0x0000000008006918       0xd8 Middlewares/Third_Party/FreeRTOS/Source/tasks.o
                0x0000000008006918                xTaskPriorityDisinherit
 .text.prvAddCurrentTaskToDelayedList
                0x00000000080069f0       0xa8 Middlewares/Third_Party/FreeRTOS/Source/tasks.o
 .text.xTimerCreateTimerTask
                0x0000000008006a98       0x90 Middlewares/Third_Party/FreeRTOS/Source/timers.o
                0x0000000008006a98                xTimerCreateTimerTask
 .text.xTimerCreate
                0x0000000008006b28       0x42 Middlewares/Third_Party/FreeRTOS/Source/timers.o
                0x0000000008006b28                xTimerCreate
 .text.prvInitialiseNewTimer
                0x0000000008006b6a       0x62 Middlewares/Third_Party/FreeRTOS/Source/timers.o
 .text.xTimerGenericCommand
                0x0000000008006bcc       0x98 Middlewares/Third_Party/FreeRTOS/Source/timers.o
                0x0000000008006bcc                xTimerGenericCommand
 .text.prvProcessExpiredTimer
                0x0000000008006c64       0x80 Middlewares/Third_Party/FreeRTOS/Source/timers.o
 .text.prvTimerTask
                0x0000000008006ce4       0x24 Middlewares/Third_Party/FreeRTOS/Source/timers.o
 .text.prvProcessTimerOrBlockTask
                0x0000000008006d08       0x9c Middlewares/Third_Party/FreeRTOS/Source/timers.o
 .text.prvGetNextExpireTime
                0x0000000008006da4       0x48 Middlewares/Third_Party/FreeRTOS/Source/timers.o
 .text.prvSampleTimeNow
                0x0000000008006dec       0x40 Middlewares/Third_Party/FreeRTOS/Source/timers.o
 .text.prvInsertTimerInActiveList
                0x0000000008006e2c       0x84 Middlewares/Third_Party/FreeRTOS/Source/timers.o
 .text.prvProcessReceivedCommands
                0x0000000008006eb0      0x160 Middlewares/Third_Party/FreeRTOS/Source/timers.o
 .text.prvSwitchTimerLists
                0x0000000008007010       0xc0 Middlewares/Third_Party/FreeRTOS/Source/timers.o
 .text.prvCheckForValidListAndQueue
                0x00000000080070d0       0x80 Middlewares/Third_Party/FreeRTOS/Source/timers.o
 .text.pxPortInitialiseStack
                0x0000000008007150       0x58 Middlewares/Third_Party/FreeRTOS/Source/portable/GCC/ARM_CM3/port.o
                0x0000000008007150                pxPortInitialiseStack
 .text.prvTaskExitError
                0x00000000080071a8       0x50 Middlewares/Third_Party/FreeRTOS/Source/portable/GCC/ARM_CM3/port.o
 *fill*         0x00000000080071f8        0x8 
 .text.SVC_Handler
                0x0000000008007200       0x28 Middlewares/Third_Party/FreeRTOS/Source/portable/GCC/ARM_CM3/port.o
                0x0000000008007200                SVC_Handler
 .text.prvPortStartFirstTask
                0x0000000008007228       0x20 Middlewares/Third_Party/FreeRTOS/Source/portable/GCC/ARM_CM3/port.o
 .text.xPortStartScheduler
                0x0000000008007248       0xe0 Middlewares/Third_Party/FreeRTOS/Source/portable/GCC/ARM_CM3/port.o
                0x0000000008007248                xPortStartScheduler
 .text.vPortEnterCritical
                0x0000000008007328       0x5c Middlewares/Third_Party/FreeRTOS/Source/portable/GCC/ARM_CM3/port.o
                0x0000000008007328                vPortEnterCritical
 .text.vPortExitCritical
                0x0000000008007384       0x4c Middlewares/Third_Party/FreeRTOS/Source/portable/GCC/ARM_CM3/port.o
                0x0000000008007384                vPortExitCritical
 .text.PendSV_Handler
                0x00000000080073d0       0x48 Middlewares/Third_Party/FreeRTOS/Source/portable/GCC/ARM_CM3/port.o
                0x00000000080073d0                PendSV_Handler
 .text.SysTick_Handler
                0x0000000008007418       0x40 Middlewares/Third_Party/FreeRTOS/Source/portable/GCC/ARM_CM3/port.o
                0x0000000008007418                SysTick_Handler
 .text.vPortSetupTimerInterrupt
                0x0000000008007458       0x44 Middlewares/Third_Party/FreeRTOS/Source/portable/GCC/ARM_CM3/port.o
                0x0000000008007458                vPortSetupTimerInterrupt
 .text.vPortValidateInterruptPriority
                0x000000000800749c       0x78 Middlewares/Third_Party/FreeRTOS/Source/portable/GCC/ARM_CM3/port.o
                0x000000000800749c                vPortValidateInterruptPriority
 .text.pvPortMalloc
                0x0000000008007514      0x184 Middlewares/Third_Party/FreeRTOS/Source/portable/MemMang/heap_4.o
                0x0000000008007514                pvPortMalloc
 .text.vPortFree
                0x0000000008007698       0xb0 Middlewares/Third_Party/FreeRTOS/Source/portable/MemMang/heap_4.o
                0x0000000008007698                vPortFree
 .text.prvHeapInit
                0x0000000008007748       0xc4 Middlewares/Third_Party/FreeRTOS/Source/portable/MemMang/heap_4.o
 .text.prvInsertBlockIntoFreeList
                0x000000000800780c       0xb0 Middlewares/Third_Party/FreeRTOS/Source/portable/MemMang/heap_4.o
 .text.__libc_init_array
                0x00000000080078bc       0x48 d:/st/stm32cubeide_1.3.0/stm32cubeide/plugins/com.st.stm32cube.ide.mcu.externaltools.gnu-tools-for-stm32.7-2018-q2-update.win32_1.0.0.201904181610/tools/bin/../lib/gcc/arm-none-eabi/7.3.1/../../../../arm-none-eabi/lib/thumb/v7-m\libc_nano.a(lib_a-init.o)
                0x00000000080078bc                __libc_init_array
 .text.memcpy   0x0000000008007904       0x16 d:/st/stm32cubeide_1.3.0/stm32cubeide/plugins/com.st.stm32cube.ide.mcu.externaltools.gnu-tools-for-stm32.7-2018-q2-update.win32_1.0.0.201904181610/tools/bin/../lib/gcc/arm-none-eabi/7.3.1/../../../../arm-none-eabi/lib/thumb/v7-m\libc_nano.a(lib_a-memcpy-stub.o)
                0x0000000008007904                memcpy
 .text.memset   0x000000000800791a       0x10 d:/st/stm32cubeide_1.3.0/stm32cubeide/plugins/com.st.stm32cube.ide.mcu.externaltools.gnu-tools-for-stm32.7-2018-q2-update.win32_1.0.0.201904181610/tools/bin/../lib/gcc/arm-none-eabi/7.3.1/../../../../arm-none-eabi/lib/thumb/v7-m\libc_nano.a(lib_a-memset.o)
                0x000000000800791a                memset
 *(.glue_7)
 .glue_7        0x000000000800792a        0x0 linker stubs
 *(.glue_7t)
 .glue_7t       0x000000000800792a        0x0 linker stubs
 *(.eh_frame)
 *fill*         0x000000000800792a        0x2 
 .eh_frame      0x000000000800792c        0x0 d:/st/stm32cubeide_1.3.0/stm32cubeide/plugins/com.st.stm32cube.ide.mcu.externaltools.gnu-tools-for-stm32.7-2018-q2-update.win32_1.0.0.201904181610/tools/bin/../lib/gcc/arm-none-eabi/7.3.1/thumb/v7-m/crtbegin.o
 *(.init)
 .init          0x000000000800792c        0x4 d:/st/stm32cubeide_1.3.0/stm32cubeide/plugins/com.st.stm32cube.ide.mcu.externaltools.gnu-tools-for-stm32.7-2018-q2-update.win32_1.0.0.201904181610/tools/bin/../lib/gcc/arm-none-eabi/7.3.1/thumb/v7-m/crti.o
                0x000000000800792c                _init
 .init          0x0000000008007930        0x8 d:/st/stm32cubeide_1.3.0/stm32cubeide/plugins/com.st.stm32cube.ide.mcu.externaltools.gnu-tools-for-stm32.7-2018-q2-update.win32_1.0.0.201904181610/tools/bin/../lib/gcc/arm-none-eabi/7.3.1/thumb/v7-m/crtn.o
 *(.fini)
 .fini          0x0000000008007938        0x4 d:/st/stm32cubeide_1.3.0/stm32cubeide/plugins/com.st.stm32cube.ide.mcu.externaltools.gnu-tools-for-stm32.7-2018-q2-update.win32_1.0.0.201904181610/tools/bin/../lib/gcc/arm-none-eabi/7.3.1/thumb/v7-m/crti.o
                0x0000000008007938                _fini
 .fini          0x000000000800793c        0x8 d:/st/stm32cubeide_1.3.0/stm32cubeide/plugins/com.st.stm32cube.ide.mcu.externaltools.gnu-tools-for-stm32.7-2018-q2-update.win32_1.0.0.201904181610/tools/bin/../lib/gcc/arm-none-eabi/7.3.1/thumb/v7-m/crtn.o
                0x0000000008007944                . = ALIGN (0x4)
                0x0000000008007944                _etext = .

.vfp11_veneer   0x0000000008007944        0x0
 .vfp11_veneer  0x0000000008007944        0x0 linker stubs

.v4_bx          0x0000000008007944        0x0
 .v4_bx         0x0000000008007944        0x0 linker stubs

.iplt           0x0000000008007944        0x0
 .iplt          0x0000000008007944        0x0 d:/st/stm32cubeide_1.3.0/stm32cubeide/plugins/com.st.stm32cube.ide.mcu.externaltools.gnu-tools-for-stm32.7-2018-q2-update.win32_1.0.0.201904181610/tools/bin/../lib/gcc/arm-none-eabi/7.3.1/thumb/v7-m/crtbegin.o

.rodata         0x0000000008007944      0x234
                0x0000000008007944                . = ALIGN (0x4)
 *(.rodata)
 .rodata        0x0000000008007944       0x82 Core/Application/runtime/device_init/device_init_conf.o
 *fill*         0x00000000080079c6        0x2 
 .rodata        0x00000000080079c8       0xaf Core/Application/runtime/runtime_conf.o
 *fill*         0x0000000008007a77        0x1 
 .rodata        0x0000000008007a78        0xc Core/Src/freertos.o
 .rodata        0x0000000008007a84        0x5 Middlewares/Third_Party/FreeRTOS/Source/tasks.o
 *fill*         0x0000000008007a89        0x3 
 .rodata        0x0000000008007a8c        0xd Middlewares/Third_Party/FreeRTOS/Source/timers.o
 *(.rodata*)
 *fill*         0x0000000008007a99        0x3 
 .rodata.rt_task_def
                0x0000000008007a9c       0x64 Core/Application/runtime/runtime_conf.o
                0x0000000008007a9c                rt_task_def
 .rodata.rt_queue_def
                0x0000000008007b00       0x10 Core/Application/runtime/runtime_conf.o
                0x0000000008007b00                rt_queue_def
 .rodata.rt_timer_def
                0x0000000008007b10       0x20 Core/Application/runtime/runtime_conf.o
                0x0000000008007b10                rt_timer_def
 .rodata.defaultTask_attributes
                0x0000000008007b30       0x24 Core/Src/freertos.o
                0x0000000008007b30                defaultTask_attributes
 .rodata.PLLMulTable
                0x0000000008007b54        0x9 Core/Src/system_stm32l1xx.o
                0x0000000008007b54                PLLMulTable
 *fill*         0x0000000008007b5d        0x3 
 .rodata.AHBPrescTable
                0x0000000008007b60       0x10 Core/Src/system_stm32l1xx.o
                0x0000000008007b60                AHBPrescTable
 .rodata.APBPrescTable
                0x0000000008007b70        0x8 Core/Src/system_stm32l1xx.o
                0x0000000008007b70                APBPrescTable
                0x0000000008007b78                . = ALIGN (0x4)

.rel.dyn        0x0000000008007b78        0x0
 .rel.iplt      0x0000000008007b78        0x0 d:/st/stm32cubeide_1.3.0/stm32cubeide/plugins/com.st.stm32cube.ide.mcu.externaltools.gnu-tools-for-stm32.7-2018-q2-update.win32_1.0.0.201904181610/tools/bin/../lib/gcc/arm-none-eabi/7.3.1/thumb/v7-m/crtbegin.o

.ARM.extab      0x0000000008007b78        0x0
                0x0000000008007b78                . = ALIGN (0x4)
 *(.ARM.extab* .gnu.linkonce.armextab.*)
                0x0000000008007b78                . = ALIGN (0x4)

.ARM            0x0000000008007b78        0x0
                0x0000000008007b78                . = ALIGN (0x4)
                0x0000000008007b78                __exidx_start = .
 *(.ARM.exidx*)
                0x0000000008007b78                __exidx_end = .
                0x0000000008007b78                . = ALIGN (0x4)

.preinit_array  0x0000000008007b78        0x0
                0x0000000008007b78                . = ALIGN (0x4)
                0x0000000008007b78                PROVIDE (__preinit_array_start = .)
 *(.preinit_array*)
                0x0000000008007b78                PROVIDE (__preinit_array_end = .)
                0x0000000008007b78                . = ALIGN (0x4)

.init_array     0x0000000008007b78        0x4
                0x0000000008007b78                . = ALIGN (0x4)
                0x0000000008007b78                PROVIDE (__init_array_start = .)
 *(SORT_BY_NAME(.init_array.*))
 *(.init_array*)
 .init_array    0x0000000008007b78        0x4 d:/st/stm32cubeide_1.3.0/stm32cubeide/plugins/com.st.stm32cube.ide.mcu.externaltools.gnu-tools-for-stm32.7-2018-q2-update.win32_1.0.0.201904181610/tools/bin/../lib/gcc/arm-none-eabi/7.3.1/thumb/v7-m/crtbegin.o
                0x0000000008007b7c                PROVIDE (__init_array_end = .)
                0x0000000008007b7c                . = ALIGN (0x4)

.fini_array     0x0000000008007b7c        0x4
                0x0000000008007b7c                . = ALIGN (0x4)
                [!provide]                        PROVIDE (__fini_array_start = .)
 *(SORT_BY_NAME(.fini_array.*))
 *(.fini_array*)
 .fini_array    0x0000000008007b7c        0x4 d:/st/stm32cubeide_1.3.0/stm32cubeide/plugins/com.st.stm32cube.ide.mcu.externaltools.gnu-tools-for-stm32.7-2018-q2-update.win32_1.0.0.201904181610/tools/bin/../lib/gcc/arm-none-eabi/7.3.1/thumb/v7-m/crtbegin.o
                [!provide]                        PROVIDE (__fini_array_end = .)
                0x0000000008007b80                . = ALIGN (0x4)
                0x0000000008007b80                _sidata = LOADADDR (.data)

.data           0x0000000020000000       0x64 load address 0x0000000008007b80
                0x0000000020000000                . = ALIGN (0x4)
                0x0000000020000000                _sdata = .
 *(.data)
 *(.data*)
 .data.modules_cfg
                0x0000000020000000       0x54 Core/Application/runtime/device_init/device_init_conf.o
                0x0000000020000000                modules_cfg
 .data.SystemCoreClock
                0x0000000020000054        0x4 Core/Src/system_stm32l1xx.o
                0x0000000020000054                SystemCoreClock
 .data.uwTickPrio
                0x0000000020000058        0x4 Drivers/STM32L1xx_HAL_Driver/Src/stm32l1xx_hal.o
                0x0000000020000058                uwTickPrio
 .data.uwTickFreq
                0x000000002000005c        0x4 Drivers/STM32L1xx_HAL_Driver/Src/stm32l1xx_hal.o
                0x000000002000005c                uwTickFreq
 .data.uxCriticalNesting
                0x0000000020000060        0x4 Middlewares/Third_Party/FreeRTOS/Source/portable/GCC/ARM_CM3/port.o
                0x0000000020000064                . = ALIGN (0x4)
                0x0000000020000064                _edata = .

.igot.plt       0x0000000020000064        0x0 load address 0x0000000008007be4
 .igot.plt      0x0000000020000064        0x0 d:/st/stm32cubeide_1.3.0/stm32cubeide/plugins/com.st.stm32cube.ide.mcu.externaltools.gnu-tools-for-stm32.7-2018-q2-update.win32_1.0.0.201904181610/tools/bin/../lib/gcc/arm-none-eabi/7.3.1/thumb/v7-m/crtbegin.o
                0x0000000020000064                . = ALIGN (0x4)

.bss            0x0000000020000064     0x1b70 load address 0x0000000008007be4
                0x0000000020000064                _sbss = .
                0x0000000020000064                __bss_start__ = _sbss
 *(.bss)
 .bss           0x0000000020000064       0x1c d:/st/stm32cubeide_1.3.0/stm32cubeide/plugins/com.st.stm32cube.ide.mcu.externaltools.gnu-tools-for-stm32.7-2018-q2-update.win32_1.0.0.201904181610/tools/bin/../lib/gcc/arm-none-eabi/7.3.1/thumb/v7-m/crtbegin.o
 *(.bss*)
 .bss.KernelState
                0x0000000020000080        0x4 Middlewares/Third_Party/FreeRTOS/Source/CMSIS_RTOS_V2/cmsis_os2.o
 .bss.Idle_TCB  0x0000000020000084       0x5c Middlewares/Third_Party/FreeRTOS/Source/CMSIS_RTOS_V2/cmsis_os2.o
 .bss.Idle_Stack
                0x00000000200000e0      0x200 Middlewares/Third_Party/FreeRTOS/Source/CMSIS_RTOS_V2/cmsis_os2.o
 .bss.Timer_TCB
                0x00000000200002e0       0x5c Middlewares/Third_Party/FreeRTOS/Source/CMSIS_RTOS_V2/cmsis_os2.o
 .bss.Timer_Stack
                0x000000002000033c      0x400 Middlewares/Third_Party/FreeRTOS/Source/CMSIS_RTOS_V2/cmsis_os2.o
 .bss.pxCurrentTCB
                0x000000002000073c        0x4 Middlewares/Third_Party/FreeRTOS/Source/tasks.o
                0x000000002000073c                pxCurrentTCB
 .bss.pxReadyTasksLists
                0x0000000020000740      0x460 Middlewares/Third_Party/FreeRTOS/Source/tasks.o
 .bss.xDelayedTaskList1
                0x0000000020000ba0       0x14 Middlewares/Third_Party/FreeRTOS/Source/tasks.o
 .bss.xDelayedTaskList2
                0x0000000020000bb4       0x14 Middlewares/Third_Party/FreeRTOS/Source/tasks.o
 .bss.pxDelayedTaskList
                0x0000000020000bc8        0x4 Middlewares/Third_Party/FreeRTOS/Source/tasks.o
 .bss.pxOverflowDelayedTaskList
                0x0000000020000bcc        0x4 Middlewares/Third_Party/FreeRTOS/Source/tasks.o
 .bss.xPendingReadyList
                0x0000000020000bd0       0x14 Middlewares/Third_Party/FreeRTOS/Source/tasks.o
 .bss.xTasksWaitingTermination
                0x0000000020000be4       0x14 Middlewares/Third_Party/FreeRTOS/Source/tasks.o
 .bss.uxDeletedTasksWaitingCleanUp
                0x0000000020000bf8        0x4 Middlewares/Third_Party/FreeRTOS/Source/tasks.o
 .bss.xSuspendedTaskList
                0x0000000020000bfc       0x14 Middlewares/Third_Party/FreeRTOS/Source/tasks.o
 .bss.uxCurrentNumberOfTasks
                0x0000000020000c10        0x4 Middlewares/Third_Party/FreeRTOS/Source/tasks.o
 .bss.xTickCount
                0x0000000020000c14        0x4 Middlewares/Third_Party/FreeRTOS/Source/tasks.o
 .bss.uxTopReadyPriority
                0x0000000020000c18        0x4 Middlewares/Third_Party/FreeRTOS/Source/tasks.o
 .bss.xSchedulerRunning
                0x0000000020000c1c        0x4 Middlewares/Third_Party/FreeRTOS/Source/tasks.o
 .bss.uxPendedTicks
                0x0000000020000c20        0x4 Middlewares/Third_Party/FreeRTOS/Source/tasks.o
 .bss.xYieldPending
                0x0000000020000c24        0x4 Middlewares/Third_Party/FreeRTOS/Source/tasks.o
 .bss.xNumOfOverflows
                0x0000000020000c28        0x4 Middlewares/Third_Party/FreeRTOS/Source/tasks.o
 .bss.uxTaskNumber
                0x0000000020000c2c        0x4 Middlewares/Third_Party/FreeRTOS/Source/tasks.o
 .bss.xNextTaskUnblockTime
                0x0000000020000c30        0x4 Middlewares/Third_Party/FreeRTOS/Source/tasks.o
 .bss.xIdleTaskHandle
                0x0000000020000c34        0x4 Middlewares/Third_Party/FreeRTOS/Source/tasks.o
 .bss.uxSchedulerSuspended
                0x0000000020000c38        0x4 Middlewares/Third_Party/FreeRTOS/Source/tasks.o
 .bss.xActiveTimerList1
                0x0000000020000c3c       0x14 Middlewares/Third_Party/FreeRTOS/Source/timers.o
 .bss.xActiveTimerList2
                0x0000000020000c50       0x14 Middlewares/Third_Party/FreeRTOS/Source/timers.o
 .bss.pxCurrentTimerList
                0x0000000020000c64        0x4 Middlewares/Third_Party/FreeRTOS/Source/timers.o
 .bss.pxOverflowTimerList
                0x0000000020000c68        0x4 Middlewares/Third_Party/FreeRTOS/Source/timers.o
 .bss.xTimerQueue
                0x0000000020000c6c        0x4 Middlewares/Third_Party/FreeRTOS/Source/timers.o
 .bss.xTimerTaskHandle
                0x0000000020000c70        0x4 Middlewares/Third_Party/FreeRTOS/Source/timers.o
 .bss.xLastTime.5452
                0x0000000020000c74        0x4 Middlewares/Third_Party/FreeRTOS/Source/timers.o
 .bss.ucStaticTimerQueueStorage.5503
                0x0000000020000c78       0xa0 Middlewares/Third_Party/FreeRTOS/Source/timers.o
 .bss.xStaticTimerQueue.5502
                0x0000000020000d18       0x50 Middlewares/Third_Party/FreeRTOS/Source/timers.o
 .bss.ucMaxSysCallPriority
                0x0000000020000d68        0x1 Middlewares/Third_Party/FreeRTOS/Source/portable/GCC/ARM_CM3/port.o
 *fill*         0x0000000020000d69        0x3 
 .bss.ulMaxPRIGROUPValue
                0x0000000020000d6c        0x4 Middlewares/Third_Party/FreeRTOS/Source/portable/GCC/ARM_CM3/port.o
 .bss.ucHeap    0x0000000020000d70      0xc00 Middlewares/Third_Party/FreeRTOS/Source/portable/MemMang/heap_4.o
 .bss.xStart    0x0000000020001970        0x8 Middlewares/Third_Party/FreeRTOS/Source/portable/MemMang/heap_4.o
 .bss.pxEnd     0x0000000020001978        0x4 Middlewares/Third_Party/FreeRTOS/Source/portable/MemMang/heap_4.o
 .bss.xFreeBytesRemaining
                0x000000002000197c        0x4 Middlewares/Third_Party/FreeRTOS/Source/portable/MemMang/heap_4.o
 .bss.xMinimumEverFreeBytesRemaining
                0x0000000020001980        0x4 Middlewares/Third_Party/FreeRTOS/Source/portable/MemMang/heap_4.o
 .bss.xBlockAllocatedBit
                0x0000000020001984        0x4 Middlewares/Third_Party/FreeRTOS/Source/portable/MemMang/heap_4.o
 *(COMMON)
 COMMON         0x0000000020001988       0x2c Core/Application/runtime/runtime.o
                0x0000000020001988                rt_tasks
                0x000000002000199c                rt_timers
                0x00000000200019a4                rt_evgroups
                0x00000000200019ac                rt_queues
 COMMON         0x00000000200019b4       0x54 Core/Src/adc.o
                0x00000000200019b4                hadc
 COMMON         0x0000000020001a08        0x4 Core/Src/freertos.o
                0x0000000020001a08                defaultTaskHandle
 COMMON         0x0000000020001a0c       0x54 Core/Src/i2c.o
                0x0000000020001a0c                hi2c1
 COMMON         0x0000000020001a60       0x3c Core/Src/stm32l1xx_hal_timebase_tim.o
                0x0000000020001a60                htim5
 COMMON         0x0000000020001a9c       0xb4 Core/Src/tim.o
                0x0000000020001a9c                htim3
                0x0000000020001ad8                htim9
                0x0000000020001b14                htim2
 COMMON         0x0000000020001b50       0x40 Core/Src/usart.o
                0x0000000020001b50                huart3
 COMMON         0x0000000020001b90        0x4 Drivers/STM32L1xx_HAL_Driver/Src/stm32l1xx_hal.o
                0x0000000020001b90                uwTick
 COMMON         0x0000000020001b94       0x40 Middlewares/Third_Party/FreeRTOS/Source/queue.o
                0x0000000020001b94                xQueueRegistry
                0x0000000020001bd4                . = ALIGN (0x4)
                0x0000000020001bd4                _ebss = .
                0x0000000020001bd4                __bss_end__ = _ebss

._user_heap_stack
                0x0000000020001bd4      0x604 load address 0x0000000008007be4
                0x0000000020001bd8                . = ALIGN (0x8)
 *fill*         0x0000000020001bd4        0x4 
                0x0000000020001bd8                PROVIDE (end = .)
                [!provide]                        PROVIDE (_end = .)
                0x0000000020001dd8                . = (. + _Min_Heap_Size)
 *fill*         0x0000000020001bd8      0x200 
                0x00000000200021d8                . = (. + _Min_Stack_Size)
 *fill*         0x0000000020001dd8      0x400 
                0x00000000200021d8                . = ALIGN (0x8)

/DISCARD/
 libc.a(*)
 libm.a(*)
 libgcc.a(*)

.ARM.attributes
                0x0000000000000000       0x29
 *(.ARM.attributes)
 .ARM.attributes
                0x0000000000000000       0x1d d:/st/stm32cubeide_1.3.0/stm32cubeide/plugins/com.st.stm32cube.ide.mcu.externaltools.gnu-tools-for-stm32.7-2018-q2-update.win32_1.0.0.201904181610/tools/bin/../lib/gcc/arm-none-eabi/7.3.1/thumb/v7-m/crti.o
 .ARM.attributes
                0x000000000000001d       0x2d d:/st/stm32cubeide_1.3.0/stm32cubeide/plugins/com.st.stm32cube.ide.mcu.externaltools.gnu-tools-for-stm32.7-2018-q2-update.win32_1.0.0.201904181610/tools/bin/../lib/gcc/arm-none-eabi/7.3.1/thumb/v7-m/crtbegin.o
 .ARM.attributes
                0x000000000000004a       0x33 Core/Application/modules/H_bridge/h_bridge.o
 .ARM.attributes
                0x000000000000007d       0x33 Core/Application/modules/bluetooth_low_energy/bluetooth_le.o
 .ARM.attributes
                0x00000000000000b0       0x33 Core/Application/modules/eeprom/eeprom.o
 .ARM.attributes
                0x00000000000000e3       0x33 Core/Application/modules/hall/hall.o
 .ARM.attributes
                0x0000000000000116       0x33 Core/Application/modules/magnetometer/magnetometer.o
 .ARM.attributes
                0x0000000000000149       0x33 Core/Application/modules/proximity_sensor/proximity.o
 .ARM.attributes
                0x000000000000017c       0x33 Core/Application/modules/slotted_optocoupler/optocoupler.o
 .ARM.attributes
                0x00000000000001af       0x33 Core/Application/runtime/device_init/device_init.o
 .ARM.attributes
                0x00000000000001e2       0x33 Core/Application/runtime/device_init/device_init_conf.o
 .ARM.attributes
                0x0000000000000215       0x33 Core/Application/runtime/runtime.o
 .ARM.attributes
                0x0000000000000248       0x33 Core/Application/runtime/runtime_conf.o
 .ARM.attributes
                0x000000000000027b       0x33 Core/Application/runtime/tasks/task_ble.o
 .ARM.attributes
                0x00000000000002ae       0x33 Core/Application/runtime/tasks/task_eyes.o
 .ARM.attributes
                0x00000000000002e1       0x33 Core/Application/runtime/tasks/task_memory.o
 .ARM.attributes
                0x0000000000000314       0x33 Core/Application/runtime/tasks/task_sensors.o
 .ARM.attributes
                0x0000000000000347       0x33 Core/Application/runtime/tasks/task_state_machine.o
 .ARM.attributes
                0x000000000000037a       0x33 Core/Src/adc.o
 .ARM.attributes
                0x00000000000003ad       0x33 Core/Src/freertos.o
 .ARM.attributes
                0x00000000000003e0       0x33 Core/Src/gpio.o
 .ARM.attributes
                0x0000000000000413       0x33 Core/Src/i2c.o
 .ARM.attributes
                0x0000000000000446       0x33 Core/Src/main.o
 .ARM.attributes
                0x0000000000000479       0x33 Core/Src/stm32l1xx_hal_msp.o
 .ARM.attributes
                0x00000000000004ac       0x33 Core/Src/stm32l1xx_hal_timebase_tim.o
 .ARM.attributes
                0x00000000000004df       0x33 Core/Src/stm32l1xx_it.o
 .ARM.attributes
                0x0000000000000512       0x33 Core/Src/system_stm32l1xx.o
 .ARM.attributes
                0x0000000000000545       0x33 Core/Src/tim.o
 .ARM.attributes
                0x0000000000000578       0x33 Core/Src/usart.o
 .ARM.attributes
                0x00000000000005ab       0x21 Core/Startup/startup_stm32l162rdtx.o
 .ARM.attributes
                0x00000000000005cc       0x33 Drivers/STM32L1xx_HAL_Driver/Src/stm32l1xx_hal.o
 .ARM.attributes
                0x00000000000005ff       0x33 Drivers/STM32L1xx_HAL_Driver/Src/stm32l1xx_hal_adc.o
 .ARM.attributes
                0x0000000000000632       0x33 Drivers/STM32L1xx_HAL_Driver/Src/stm32l1xx_hal_cortex.o
 .ARM.attributes
                0x0000000000000665       0x33 Drivers/STM32L1xx_HAL_Driver/Src/stm32l1xx_hal_dma.o
 .ARM.attributes
                0x0000000000000698       0x33 Drivers/STM32L1xx_HAL_Driver/Src/stm32l1xx_hal_gpio.o
 .ARM.attributes
                0x00000000000006cb       0x33 Drivers/STM32L1xx_HAL_Driver/Src/stm32l1xx_hal_i2c.o
 .ARM.attributes
                0x00000000000006fe       0x33 Drivers/STM32L1xx_HAL_Driver/Src/stm32l1xx_hal_rcc.o
 .ARM.attributes
                0x0000000000000731       0x33 Drivers/STM32L1xx_HAL_Driver/Src/stm32l1xx_hal_tim.o
 .ARM.attributes
                0x0000000000000764       0x33 Drivers/STM32L1xx_HAL_Driver/Src/stm32l1xx_hal_tim_ex.o
 .ARM.attributes
                0x0000000000000797       0x33 Drivers/STM32L1xx_HAL_Driver/Src/stm32l1xx_hal_uart.o
 .ARM.attributes
                0x00000000000007ca       0x33 Middlewares/Third_Party/FreeRTOS/Source/CMSIS_RTOS_V2/cmsis_os2.o
 .ARM.attributes
                0x00000000000007fd       0x33 Middlewares/Third_Party/FreeRTOS/Source/event_groups.o
 .ARM.attributes
                0x0000000000000830       0x33 Middlewares/Third_Party/FreeRTOS/Source/list.o
 .ARM.attributes
                0x0000000000000863       0x33 Middlewares/Third_Party/FreeRTOS/Source/queue.o
 .ARM.attributes
                0x0000000000000896       0x33 Middlewares/Third_Party/FreeRTOS/Source/tasks.o
 .ARM.attributes
                0x00000000000008c9       0x33 Middlewares/Third_Party/FreeRTOS/Source/timers.o
 .ARM.attributes
                0x00000000000008fc       0x33 Middlewares/Third_Party/FreeRTOS/Source/portable/GCC/ARM_CM3/port.o
 .ARM.attributes
                0x000000000000092f       0x33 Middlewares/Third_Party/FreeRTOS/Source/portable/MemMang/heap_4.o
 .ARM.attributes
                0x0000000000000962       0x2d d:/st/stm32cubeide_1.3.0/stm32cubeide/plugins/com.st.stm32cube.ide.mcu.externaltools.gnu-tools-for-stm32.7-2018-q2-update.win32_1.0.0.201904181610/tools/bin/../lib/gcc/arm-none-eabi/7.3.1/../../../../arm-none-eabi/lib/thumb/v7-m\libc_nano.a(lib_a-init.o)
 .ARM.attributes
                0x000000000000098f       0x2d d:/st/stm32cubeide_1.3.0/stm32cubeide/plugins/com.st.stm32cube.ide.mcu.externaltools.gnu-tools-for-stm32.7-2018-q2-update.win32_1.0.0.201904181610/tools/bin/../lib/gcc/arm-none-eabi/7.3.1/../../../../arm-none-eabi/lib/thumb/v7-m\libc_nano.a(lib_a-memcpy-stub.o)
 .ARM.attributes
                0x00000000000009bc       0x2d d:/st/stm32cubeide_1.3.0/stm32cubeide/plugins/com.st.stm32cube.ide.mcu.externaltools.gnu-tools-for-stm32.7-2018-q2-update.win32_1.0.0.201904181610/tools/bin/../lib/gcc/arm-none-eabi/7.3.1/../../../../arm-none-eabi/lib/thumb/v7-m\libc_nano.a(lib_a-memset.o)
 .ARM.attributes
                0x00000000000009e9       0x1d d:/st/stm32cubeide_1.3.0/stm32cubeide/plugins/com.st.stm32cube.ide.mcu.externaltools.gnu-tools-for-stm32.7-2018-q2-update.win32_1.0.0.201904181610/tools/bin/../lib/gcc/arm-none-eabi/7.3.1/thumb/v7-m/crtn.o
OUTPUT(Automotive.elf elf32-littlearm)

.debug_info     0x0000000000000000    0x1e1d6
 .debug_info    0x0000000000000000       0x8c Core/Application/modules/H_bridge/h_bridge.o
 .debug_info    0x000000000000008c       0x8c Core/Application/modules/bluetooth_low_energy/bluetooth_le.o
 .debug_info    0x0000000000000118       0x8c Core/Application/modules/eeprom/eeprom.o
 .debug_info    0x00000000000001a4       0x8c Core/Application/modules/hall/hall.o
 .debug_info    0x0000000000000230       0x8c Core/Application/modules/magnetometer/magnetometer.o
 .debug_info    0x00000000000002bc       0x8c Core/Application/modules/proximity_sensor/proximity.o
 .debug_info    0x0000000000000348       0x8c Core/Application/modules/slotted_optocoupler/optocoupler.o
 .debug_info    0x00000000000003d4      0x180 Core/Application/runtime/device_init/device_init.o
 .debug_info    0x0000000000000554       0xe7 Core/Application/runtime/device_init/device_init_conf.o
 .debug_info    0x000000000000063b      0x611 Core/Application/runtime/runtime.o
 .debug_info    0x0000000000000c4c      0x49a Core/Application/runtime/runtime_conf.o
 .debug_info    0x00000000000010e6       0x50 Core/Application/runtime/tasks/task_ble.o
 .debug_info    0x0000000000001136       0x50 Core/Application/runtime/tasks/task_eyes.o
 .debug_info    0x0000000000001186       0x50 Core/Application/runtime/tasks/task_memory.o
 .debug_info    0x00000000000011d6       0x50 Core/Application/runtime/tasks/task_sensors.o
 .debug_info    0x0000000000001226       0x50 Core/Application/runtime/tasks/task_state_machine.o
 .debug_info    0x0000000000001276      0x940 Core/Src/adc.o
 .debug_info    0x0000000000001bb6      0x6bc Core/Src/freertos.o
 .debug_info    0x0000000000002272      0x403 Core/Src/gpio.o
 .debug_info    0x0000000000002675      0xa53 Core/Src/i2c.o
 .debug_info    0x00000000000030c8      0xfaa Core/Src/main.o
 .debug_info    0x0000000000004072      0x42a Core/Src/stm32l1xx_hal_msp.o
 .debug_info    0x000000000000449c      0x966 Core/Src/stm32l1xx_hal_timebase_tim.o
 .debug_info    0x0000000000004e02      0xb1d Core/Src/stm32l1xx_it.o
 .debug_info    0x000000000000591f      0x473 Core/Src/system_stm32l1xx.o
 .debug_info    0x0000000000005d92      0xa40 Core/Src/tim.o
 .debug_info    0x00000000000067d2      0x9c0 Core/Src/usart.o
 .debug_info    0x0000000000007192       0x22 Core/Startup/startup_stm32l162rdtx.o
 .debug_info    0x00000000000071b4      0x72e Drivers/STM32L1xx_HAL_Driver/Src/stm32l1xx_hal.o
 .debug_info    0x00000000000078e2      0xec8 Drivers/STM32L1xx_HAL_Driver/Src/stm32l1xx_hal_adc.o
 .debug_info    0x00000000000087aa      0xd90 Drivers/STM32L1xx_HAL_Driver/Src/stm32l1xx_hal_cortex.o
 .debug_info    0x000000000000953a      0x799 Drivers/STM32L1xx_HAL_Driver/Src/stm32l1xx_hal_dma.o
 .debug_info    0x0000000000009cd3      0x69d Drivers/STM32L1xx_HAL_Driver/Src/stm32l1xx_hal_gpio.o
 .debug_info    0x000000000000a370     0x2320 Drivers/STM32L1xx_HAL_Driver/Src/stm32l1xx_hal_i2c.o
 .debug_info    0x000000000000c690      0x92c Drivers/STM32L1xx_HAL_Driver/Src/stm32l1xx_hal_rcc.o
 .debug_info    0x000000000000cfbc     0x23fc Drivers/STM32L1xx_HAL_Driver/Src/stm32l1xx_hal_tim.o
 .debug_info    0x000000000000f3b8      0x6c3 Drivers/STM32L1xx_HAL_Driver/Src/stm32l1xx_hal_tim_ex.o
 .debug_info    0x000000000000fa7b     0x11e5 Drivers/STM32L1xx_HAL_Driver/Src/stm32l1xx_hal_uart.o
 .debug_info    0x0000000000010c60     0x403a Middlewares/Third_Party/FreeRTOS/Source/CMSIS_RTOS_V2/cmsis_os2.o
 .debug_info    0x0000000000014c9a     0x1363 Middlewares/Third_Party/FreeRTOS/Source/event_groups.o
 .debug_info    0x0000000000015ffd      0xac5 Middlewares/Third_Party/FreeRTOS/Source/list.o
 .debug_info    0x0000000000016ac2     0x22e8 Middlewares/Third_Party/FreeRTOS/Source/queue.o
 .debug_info    0x0000000000018daa     0x294f Middlewares/Third_Party/FreeRTOS/Source/tasks.o
 .debug_info    0x000000000001b6f9     0x1a21 Middlewares/Third_Party/FreeRTOS/Source/timers.o
 .debug_info    0x000000000001d11a      0x4d2 Middlewares/Third_Party/FreeRTOS/Source/portable/GCC/ARM_CM3/port.o
 .debug_info    0x000000000001d5ec      0xbea Middlewares/Third_Party/FreeRTOS/Source/portable/MemMang/heap_4.o

.debug_abbrev   0x0000000000000000     0x426f
 .debug_abbrev  0x0000000000000000       0x47 Core/Application/modules/H_bridge/h_bridge.o
 .debug_abbrev  0x0000000000000047       0x47 Core/Application/modules/bluetooth_low_energy/bluetooth_le.o
 .debug_abbrev  0x000000000000008e       0x47 Core/Application/modules/eeprom/eeprom.o
 .debug_abbrev  0x00000000000000d5       0x47 Core/Application/modules/hall/hall.o
 .debug_abbrev  0x000000000000011c       0x47 Core/Application/modules/magnetometer/magnetometer.o
 .debug_abbrev  0x0000000000000163       0x47 Core/Application/modules/proximity_sensor/proximity.o
 .debug_abbrev  0x00000000000001aa       0x47 Core/Application/modules/slotted_optocoupler/optocoupler.o
 .debug_abbrev  0x00000000000001f1       0xe7 Core/Application/runtime/device_init/device_init.o
 .debug_abbrev  0x00000000000002d8       0x97 Core/Application/runtime/device_init/device_init_conf.o
 .debug_abbrev  0x000000000000036f      0x12f Core/Application/runtime/runtime.o
 .debug_abbrev  0x000000000000049e       0xdf Core/Application/runtime/runtime_conf.o
 .debug_abbrev  0x000000000000057d       0x47 Core/Application/runtime/tasks/task_ble.o
 .debug_abbrev  0x00000000000005c4       0x47 Core/Application/runtime/tasks/task_eyes.o
 .debug_abbrev  0x000000000000060b       0x47 Core/Application/runtime/tasks/task_memory.o
 .debug_abbrev  0x0000000000000652       0x47 Core/Application/runtime/tasks/task_sensors.o
 .debug_abbrev  0x0000000000000699       0x47 Core/Application/runtime/tasks/task_state_machine.o
 .debug_abbrev  0x00000000000006e0      0x199 Core/Src/adc.o
 .debug_abbrev  0x0000000000000879      0x158 Core/Src/freertos.o
 .debug_abbrev  0x00000000000009d1      0x134 Core/Src/gpio.o
 .debug_abbrev  0x0000000000000b05      0x1a2 Core/Src/i2c.o
 .debug_abbrev  0x0000000000000ca7      0x1a0 Core/Src/main.o
 .debug_abbrev  0x0000000000000e47      0x112 Core/Src/stm32l1xx_hal_msp.o
 .debug_abbrev  0x0000000000000f59      0x18c Core/Src/stm32l1xx_hal_timebase_tim.o
 .debug_abbrev  0x00000000000010e5      0x149 Core/Src/stm32l1xx_it.o
 .debug_abbrev  0x000000000000122e      0x111 Core/Src/system_stm32l1xx.o
 .debug_abbrev  0x000000000000133f      0x1b3 Core/Src/tim.o
 .debug_abbrev  0x00000000000014f2      0x1a2 Core/Src/usart.o
 .debug_abbrev  0x0000000000001694       0x12 Core/Startup/startup_stm32l162rdtx.o
 .debug_abbrev  0x00000000000016a6      0x1f0 Drivers/STM32L1xx_HAL_Driver/Src/stm32l1xx_hal.o
 .debug_abbrev  0x0000000000001896      0x244 Drivers/STM32L1xx_HAL_Driver/Src/stm32l1xx_hal_adc.o
 .debug_abbrev  0x0000000000001ada      0x2fa Drivers/STM32L1xx_HAL_Driver/Src/stm32l1xx_hal_cortex.o
 .debug_abbrev  0x0000000000001dd4      0x1f5 Drivers/STM32L1xx_HAL_Driver/Src/stm32l1xx_hal_dma.o
 .debug_abbrev  0x0000000000001fc9      0x1c9 Drivers/STM32L1xx_HAL_Driver/Src/stm32l1xx_hal_gpio.o
 .debug_abbrev  0x0000000000002192      0x254 Drivers/STM32L1xx_HAL_Driver/Src/stm32l1xx_hal_i2c.o
 .debug_abbrev  0x00000000000023e6      0x254 Drivers/STM32L1xx_HAL_Driver/Src/stm32l1xx_hal_rcc.o
 .debug_abbrev  0x000000000000263a      0x21f Drivers/STM32L1xx_HAL_Driver/Src/stm32l1xx_hal_tim.o
 .debug_abbrev  0x0000000000002859      0x153 Drivers/STM32L1xx_HAL_Driver/Src/stm32l1xx_hal_tim_ex.o
 .debug_abbrev  0x00000000000029ac      0x242 Drivers/STM32L1xx_HAL_Driver/Src/stm32l1xx_hal_uart.o
 .debug_abbrev  0x0000000000002bee      0x3a0 Middlewares/Third_Party/FreeRTOS/Source/CMSIS_RTOS_V2/cmsis_os2.o
 .debug_abbrev  0x0000000000002f8e      0x2f4 Middlewares/Third_Party/FreeRTOS/Source/event_groups.o
 .debug_abbrev  0x0000000000003282      0x1cf Middlewares/Third_Party/FreeRTOS/Source/list.o
 .debug_abbrev  0x0000000000003451      0x354 Middlewares/Third_Party/FreeRTOS/Source/queue.o
 .debug_abbrev  0x00000000000037a5      0x350 Middlewares/Third_Party/FreeRTOS/Source/tasks.o
 .debug_abbrev  0x0000000000003af5      0x2d7 Middlewares/Third_Party/FreeRTOS/Source/timers.o
 .debug_abbrev  0x0000000000003dcc      0x205 Middlewares/Third_Party/FreeRTOS/Source/portable/GCC/ARM_CM3/port.o
 .debug_abbrev  0x0000000000003fd1      0x29e Middlewares/Third_Party/FreeRTOS/Source/portable/MemMang/heap_4.o

.debug_aranges  0x0000000000000000     0x18b8
 .debug_aranges
                0x0000000000000000       0x20 Core/Application/modules/H_bridge/h_bridge.o
 .debug_aranges
                0x0000000000000020       0x20 Core/Application/modules/bluetooth_low_energy/bluetooth_le.o
 .debug_aranges
                0x0000000000000040       0x20 Core/Application/modules/eeprom/eeprom.o
 .debug_aranges
                0x0000000000000060       0x20 Core/Application/modules/hall/hall.o
 .debug_aranges
                0x0000000000000080       0x20 Core/Application/modules/magnetometer/magnetometer.o
 .debug_aranges
                0x00000000000000a0       0x20 Core/Application/modules/proximity_sensor/proximity.o
 .debug_aranges
                0x00000000000000c0       0x20 Core/Application/modules/slotted_optocoupler/optocoupler.o
 .debug_aranges
                0x00000000000000e0       0x20 Core/Application/runtime/device_init/device_init.o
 .debug_aranges
                0x0000000000000100       0x18 Core/Application/runtime/device_init/device_init_conf.o
 .debug_aranges
                0x0000000000000118       0x20 Core/Application/runtime/runtime.o
 .debug_aranges
                0x0000000000000138       0x18 Core/Application/runtime/runtime_conf.o
 .debug_aranges
                0x0000000000000150       0x20 Core/Application/runtime/tasks/task_ble.o
 .debug_aranges
                0x0000000000000170       0x20 Core/Application/runtime/tasks/task_eyes.o
 .debug_aranges
                0x0000000000000190       0x20 Core/Application/runtime/tasks/task_memory.o
 .debug_aranges
                0x00000000000001b0       0x20 Core/Application/runtime/tasks/task_sensors.o
 .debug_aranges
                0x00000000000001d0       0x20 Core/Application/runtime/tasks/task_state_machine.o
 .debug_aranges
                0x00000000000001f0       0x30 Core/Src/adc.o
 .debug_aranges
                0x0000000000000220       0x28 Core/Src/freertos.o
 .debug_aranges
                0x0000000000000248       0x20 Core/Src/gpio.o
 .debug_aranges
                0x0000000000000268       0x30 Core/Src/i2c.o
 .debug_aranges
                0x0000000000000298       0x38 Core/Src/main.o
 .debug_aranges
                0x00000000000002d0       0x20 Core/Src/stm32l1xx_hal_msp.o
 .debug_aranges
                0x00000000000002f0       0x30 Core/Src/stm32l1xx_hal_timebase_tim.o
 .debug_aranges
                0x0000000000000320       0x60 Core/Src/stm32l1xx_it.o
 .debug_aranges
                0x0000000000000380       0x28 Core/Src/system_stm32l1xx.o
 .debug_aranges
                0x00000000000003a8       0x48 Core/Src/tim.o
 .debug_aranges
                0x00000000000003f0       0x30 Core/Src/usart.o
 .debug_aranges
                0x0000000000000420       0x28 Core/Startup/startup_stm32l162rdtx.o
 .debug_aranges
                0x0000000000000448       0xe0 Drivers/STM32L1xx_HAL_Driver/Src/stm32l1xx_hal.o
 .debug_aranges
                0x0000000000000528       0xf0 Drivers/STM32L1xx_HAL_Driver/Src/stm32l1xx_hal_adc.o
 .debug_aranges
                0x0000000000000618      0x118 Drivers/STM32L1xx_HAL_Driver/Src/stm32l1xx_hal_cortex.o
 .debug_aranges
                0x0000000000000730       0x80 Drivers/STM32L1xx_HAL_Driver/Src/stm32l1xx_hal_dma.o
 .debug_aranges
                0x00000000000007b0       0x58 Drivers/STM32L1xx_HAL_Driver/Src/stm32l1xx_hal_gpio.o
 .debug_aranges
                0x0000000000000808      0x290 Drivers/STM32L1xx_HAL_Driver/Src/stm32l1xx_hal_i2c.o
 .debug_aranges
                0x0000000000000a98       0x90 Drivers/STM32L1xx_HAL_Driver/Src/stm32l1xx_hal_rcc.o
 .debug_aranges
                0x0000000000000b28      0x3a8 Drivers/STM32L1xx_HAL_Driver/Src/stm32l1xx_hal_tim.o
 .debug_aranges
                0x0000000000000ed0       0x28 Drivers/STM32L1xx_HAL_Driver/Src/stm32l1xx_hal_tim_ex.o
 .debug_aranges
                0x0000000000000ef8      0x1d0 Drivers/STM32L1xx_HAL_Driver/Src/stm32l1xx_hal_uart.o
 .debug_aranges
                0x00000000000010c8      0x228 Middlewares/Third_Party/FreeRTOS/Source/CMSIS_RTOS_V2/cmsis_os2.o
 .debug_aranges
                0x00000000000012f0       0x90 Middlewares/Third_Party/FreeRTOS/Source/event_groups.o
 .debug_aranges
                0x0000000000001380       0x40 Middlewares/Third_Party/FreeRTOS/Source/list.o
 .debug_aranges
                0x00000000000013c0      0x158 Middlewares/Third_Party/FreeRTOS/Source/queue.o
 .debug_aranges
                0x0000000000001518      0x1f8 Middlewares/Third_Party/FreeRTOS/Source/tasks.o
 .debug_aranges
                0x0000000000001710       0xe0 Middlewares/Third_Party/FreeRTOS/Source/timers.o
 .debug_aranges
                0x00000000000017f0       0x78 Middlewares/Third_Party/FreeRTOS/Source/portable/GCC/ARM_CM3/port.o
 .debug_aranges
                0x0000000000001868       0x50 Middlewares/Third_Party/FreeRTOS/Source/portable/MemMang/heap_4.o

.debug_ranges   0x0000000000000000     0x15f0
 .debug_ranges  0x0000000000000000       0x10 Core/Application/modules/H_bridge/h_bridge.o
 .debug_ranges  0x0000000000000010       0x10 Core/Application/modules/bluetooth_low_energy/bluetooth_le.o
 .debug_ranges  0x0000000000000020       0x10 Core/Application/modules/eeprom/eeprom.o
 .debug_ranges  0x0000000000000030       0x10 Core/Application/modules/hall/hall.o
 .debug_ranges  0x0000000000000040       0x10 Core/Application/modules/magnetometer/magnetometer.o
 .debug_ranges  0x0000000000000050       0x10 Core/Application/modules/proximity_sensor/proximity.o
 .debug_ranges  0x0000000000000060       0x10 Core/Application/modules/slotted_optocoupler/optocoupler.o
 .debug_ranges  0x0000000000000070       0x10 Core/Application/runtime/device_init/device_init.o
 .debug_ranges  0x0000000000000080       0x10 Core/Application/runtime/runtime.o
 .debug_ranges  0x0000000000000090       0x10 Core/Application/runtime/tasks/task_ble.o
 .debug_ranges  0x00000000000000a0       0x10 Core/Application/runtime/tasks/task_eyes.o
 .debug_ranges  0x00000000000000b0       0x10 Core/Application/runtime/tasks/task_memory.o
 .debug_ranges  0x00000000000000c0       0x10 Core/Application/runtime/tasks/task_sensors.o
 .debug_ranges  0x00000000000000d0       0x10 Core/Application/runtime/tasks/task_state_machine.o
 .debug_ranges  0x00000000000000e0       0x20 Core/Src/adc.o
 .debug_ranges  0x0000000000000100       0x18 Core/Src/freertos.o
 .debug_ranges  0x0000000000000118       0x10 Core/Src/gpio.o
 .debug_ranges  0x0000000000000128       0x20 Core/Src/i2c.o
 .debug_ranges  0x0000000000000148       0x28 Core/Src/main.o
 .debug_ranges  0x0000000000000170       0x10 Core/Src/stm32l1xx_hal_msp.o
 .debug_ranges  0x0000000000000180       0x20 Core/Src/stm32l1xx_hal_timebase_tim.o
 .debug_ranges  0x00000000000001a0       0x50 Core/Src/stm32l1xx_it.o
 .debug_ranges  0x00000000000001f0       0x18 Core/Src/system_stm32l1xx.o
 .debug_ranges  0x0000000000000208       0x38 Core/Src/tim.o
 .debug_ranges  0x0000000000000240       0x20 Core/Src/usart.o
 .debug_ranges  0x0000000000000260       0x20 Core/Startup/startup_stm32l162rdtx.o
 .debug_ranges  0x0000000000000280       0xd0 Drivers/STM32L1xx_HAL_Driver/Src/stm32l1xx_hal.o
 .debug_ranges  0x0000000000000350       0xe0 Drivers/STM32L1xx_HAL_Driver/Src/stm32l1xx_hal_adc.o
 .debug_ranges  0x0000000000000430      0x108 Drivers/STM32L1xx_HAL_Driver/Src/stm32l1xx_hal_cortex.o
 .debug_ranges  0x0000000000000538       0x70 Drivers/STM32L1xx_HAL_Driver/Src/stm32l1xx_hal_dma.o
 .debug_ranges  0x00000000000005a8       0x48 Drivers/STM32L1xx_HAL_Driver/Src/stm32l1xx_hal_gpio.o
 .debug_ranges  0x00000000000005f0      0x2a0 Drivers/STM32L1xx_HAL_Driver/Src/stm32l1xx_hal_i2c.o
 .debug_ranges  0x0000000000000890       0x80 Drivers/STM32L1xx_HAL_Driver/Src/stm32l1xx_hal_rcc.o
 .debug_ranges  0x0000000000000910      0x398 Drivers/STM32L1xx_HAL_Driver/Src/stm32l1xx_hal_tim.o
 .debug_ranges  0x0000000000000ca8       0x18 Drivers/STM32L1xx_HAL_Driver/Src/stm32l1xx_hal_tim_ex.o
 .debug_ranges  0x0000000000000cc0      0x1c0 Drivers/STM32L1xx_HAL_Driver/Src/stm32l1xx_hal_uart.o
 .debug_ranges  0x0000000000000e80      0x218 Middlewares/Third_Party/FreeRTOS/Source/CMSIS_RTOS_V2/cmsis_os2.o
 .debug_ranges  0x0000000000001098       0x80 Middlewares/Third_Party/FreeRTOS/Source/event_groups.o
 .debug_ranges  0x0000000000001118       0x30 Middlewares/Third_Party/FreeRTOS/Source/list.o
 .debug_ranges  0x0000000000001148      0x148 Middlewares/Third_Party/FreeRTOS/Source/queue.o
 .debug_ranges  0x0000000000001290      0x1e8 Middlewares/Third_Party/FreeRTOS/Source/tasks.o
 .debug_ranges  0x0000000000001478       0xd0 Middlewares/Third_Party/FreeRTOS/Source/timers.o
 .debug_ranges  0x0000000000001548       0x68 Middlewares/Third_Party/FreeRTOS/Source/portable/GCC/ARM_CM3/port.o
 .debug_ranges  0x00000000000015b0       0x40 Middlewares/Third_Party/FreeRTOS/Source/portable/MemMang/heap_4.o

.debug_macro    0x0000000000000000    0x1b405
 .debug_macro   0x0000000000000000       0x76 Core/Application/modules/H_bridge/h_bridge.o
 .debug_macro   0x0000000000000076      0xa5a Core/Application/modules/H_bridge/h_bridge.o
 .debug_macro   0x0000000000000ad0       0x22 Core/Application/modules/H_bridge/h_bridge.o
 .debug_macro   0x0000000000000af2       0x22 Core/Application/modules/H_bridge/h_bridge.o
 .debug_macro   0x0000000000000b14       0x8e Core/Application/modules/H_bridge/h_bridge.o
 .debug_macro   0x0000000000000ba2       0x51 Core/Application/modules/H_bridge/h_bridge.o
 .debug_macro   0x0000000000000bf3       0xef Core/Application/modules/H_bridge/h_bridge.o
 .debug_macro   0x0000000000000ce2       0x6a Core/Application/modules/H_bridge/h_bridge.o
 .debug_macro   0x0000000000000d4c      0x1df Core/Application/modules/H_bridge/h_bridge.o
 .debug_macro   0x0000000000000f2b       0x76 Core/Application/modules/bluetooth_low_energy/bluetooth_le.o
 .debug_macro   0x0000000000000fa1       0x76 Core/Application/modules/eeprom/eeprom.o
 .debug_macro   0x0000000000001017       0x76 Core/Application/modules/hall/hall.o
 .debug_macro   0x000000000000108d       0x76 Core/Application/modules/magnetometer/magnetometer.o
 .debug_macro   0x0000000000001103       0x76 Core/Application/modules/proximity_sensor/proximity.o
 .debug_macro   0x0000000000001179       0x76 Core/Application/modules/slotted_optocoupler/optocoupler.o
 .debug_macro   0x00000000000011ef       0x76 Core/Application/runtime/device_init/device_init.o
 .debug_macro   0x0000000000001265       0xbc Core/Application/runtime/device_init/device_init_conf.o
 .debug_macro   0x0000000000001321      0x27e Core/Application/runtime/runtime.o
 .debug_macro   0x000000000000159f      0x118 Core/Application/runtime/runtime.o
 .debug_macro   0x00000000000016b7      0x118 Core/Application/runtime/runtime.o
 .debug_macro   0x00000000000017cf       0x2e Core/Application/runtime/runtime.o
 .debug_macro   0x00000000000017fd       0x22 Core/Application/runtime/runtime.o
 .debug_macro   0x000000000000181f       0x1c Core/Application/runtime/runtime.o
 .debug_macro   0x000000000000183b       0x22 Core/Application/runtime/runtime.o
 .debug_macro   0x000000000000185d       0xc3 Core/Application/runtime/runtime.o
 .debug_macro   0x0000000000001920      0xe49 Core/Application/runtime/runtime.o
 .debug_macro   0x0000000000002769      0x11f Core/Application/runtime/runtime.o
 .debug_macro   0x0000000000002888     0xcf2c Core/Application/runtime/runtime.o
 .debug_macro   0x000000000000f7b4       0x43 Core/Application/runtime/runtime.o
 .debug_macro   0x000000000000f7f7     0x3468 Core/Application/runtime/runtime.o
 .debug_macro   0x0000000000012c5f      0x174 Core/Application/runtime/runtime.o
 .debug_macro   0x0000000000012dd3       0x5b Core/Application/runtime/runtime.o
 .debug_macro   0x0000000000012e2e      0xe38 Core/Application/runtime/runtime.o
 .debug_macro   0x0000000000013c66      0x42d Core/Application/runtime/runtime.o
 .debug_macro   0x0000000000014093      0x13b Core/Application/runtime/runtime.o
 .debug_macro   0x00000000000141ce       0xd1 Core/Application/runtime/runtime.o
 .debug_macro   0x000000000001429f      0x21e Core/Application/runtime/runtime.o
 .debug_macro   0x00000000000144bd      0x236 Core/Application/runtime/runtime.o
 .debug_macro   0x00000000000146f3      0x68c Core/Application/runtime/runtime.o
 .debug_macro   0x0000000000014d7f      0x16c Core/Application/runtime/runtime.o
 .debug_macro   0x0000000000014eeb      0x10e Core/Application/runtime/runtime.o
 .debug_macro   0x0000000000014ff9      0x480 Core/Application/runtime/runtime.o
 .debug_macro   0x0000000000015479      0x280 Core/Application/runtime/runtime.o
 .debug_macro   0x00000000000156f9      0x1e9 Core/Application/runtime/runtime.o
 .debug_macro   0x00000000000158e2       0x22 Core/Application/runtime/runtime.o
 .debug_macro   0x0000000000015904      0x72d Core/Application/runtime/runtime.o
 .debug_macro   0x0000000000016031       0xac Core/Application/runtime/runtime.o
 .debug_macro   0x00000000000160dd      0x287 Core/Application/runtime/runtime.o
 .debug_macro   0x0000000000016364      0x49f Core/Application/runtime/runtime.o
 .debug_macro   0x0000000000016803      0x129 Core/Application/runtime/runtime.o
 .debug_macro   0x000000000001692c      0x15a Core/Application/runtime/runtime.o
 .debug_macro   0x0000000000016a86       0xc2 Core/Application/runtime/runtime.o
 .debug_macro   0x0000000000016b48       0x10 Core/Application/runtime/runtime.o
 .debug_macro   0x0000000000016b58       0x1f Core/Application/runtime/runtime.o
 .debug_macro   0x0000000000016b77      0x47f Core/Application/runtime/runtime.o
 .debug_macro   0x0000000000016ff6       0xb5 Core/Application/runtime/runtime.o
 .debug_macro   0x00000000000170ab       0x8c Core/Application/runtime/runtime.o
 .debug_macro   0x0000000000017137       0x91 Core/Application/runtime/runtime.o
 .debug_macro   0x00000000000171c8       0x8d Core/Application/runtime/runtime.o
 .debug_macro   0x0000000000017255      0x27e Core/Application/runtime/runtime_conf.o
 .debug_macro   0x00000000000174d3       0x11 Core/Application/runtime/tasks/task_ble.o
 .debug_macro   0x00000000000174e4       0x11 Core/Application/runtime/tasks/task_eyes.o
 .debug_macro   0x00000000000174f5       0x11 Core/Application/runtime/tasks/task_memory.o
 .debug_macro   0x0000000000017506       0x11 Core/Application/runtime/tasks/task_sensors.o
 .debug_macro   0x0000000000017517       0x11 Core/Application/runtime/tasks/task_state_machine.o
 .debug_macro   0x0000000000017528      0x1dc Core/Src/adc.o
 .debug_macro   0x0000000000017704      0x148 Core/Src/adc.o
 .debug_macro   0x000000000001784c      0x2af Core/Src/freertos.o
 .debug_macro   0x0000000000017afb      0x129 Core/Src/freertos.o
 .debug_macro   0x0000000000017c24       0x5b Core/Src/freertos.o
 .debug_macro   0x0000000000017c7f       0x74 Core/Src/freertos.o
 .debug_macro   0x0000000000017cf3       0xdd Core/Src/freertos.o
 .debug_macro   0x0000000000017dd0      0x1dc Core/Src/gpio.o
 .debug_macro   0x0000000000017fac      0x1dc Core/Src/i2c.o
 .debug_macro   0x0000000000018188      0x28e Core/Src/main.o
 .debug_macro   0x0000000000018416      0x1d2 Core/Src/stm32l1xx_hal_msp.o
 .debug_macro   0x00000000000185e8      0x1c3 Core/Src/stm32l1xx_hal_timebase_tim.o
 .debug_macro   0x00000000000187ab      0x244 Core/Src/stm32l1xx_it.o
 .debug_macro   0x00000000000189ef      0x1c9 Core/Src/system_stm32l1xx.o
 .debug_macro   0x0000000000018bb8      0x1dc Core/Src/tim.o
 .debug_macro   0x0000000000018d94      0x1dc Core/Src/usart.o
 .debug_macro   0x0000000000018f70      0x1e7 Drivers/STM32L1xx_HAL_Driver/Src/stm32l1xx_hal.o
 .debug_macro   0x0000000000019157      0x1e0 Drivers/STM32L1xx_HAL_Driver/Src/stm32l1xx_hal_adc.o