Archive member included to satisfy reference by file (symbol)

d:/st/stm32cubeide_1.3.0/stm32cubeide/plugins/com.st.stm32cube.ide.mcu.externaltools.gnu-tools-for-stm32.7-2018-q2-update.win32_1.0.0.201904181610/tools/bin/../lib/gcc/arm-none-eabi/7.3.1/../../../../arm-none-eabi/lib/thumb/v7-m\libc_nano.a(lib_a-atoi.o)
                              Core/Application/modules/bluetooth_low_energy/bluetooth_le.o (atoi)
d:/st/stm32cubeide_1.3.0/stm32cubeide/plugins/com.st.stm32cube.ide.mcu.externaltools.gnu-tools-for-stm32.7-2018-q2-update.win32_1.0.0.201904181610/tools/bin/../lib/gcc/arm-none-eabi/7.3.1/../../../../arm-none-eabi/lib/thumb/v7-m\libc_nano.a(lib_a-errno.o)
                              Core/Src/syscalls.o (__errno)
d:/st/stm32cubeide_1.3.0/stm32cubeide/plugins/com.st.stm32cube.ide.mcu.externaltools.gnu-tools-for-stm32.7-2018-q2-update.win32_1.0.0.201904181610/tools/bin/../lib/gcc/arm-none-eabi/7.3.1/../../../../arm-none-eabi/lib/thumb/v7-m\libc_nano.a(lib_a-exit.o)
                              d:/st/stm32cubeide_1.3.0/stm32cubeide/plugins/com.st.stm32cube.ide.mcu.externaltools.gnu-tools-for-stm32.7-2018-q2-update.win32_1.0.0.201904181610/tools/bin/../lib/gcc/arm-none-eabi/7.3.1/../../../../arm-none-eabi/lib/thumb/v7-m/crt0.o (exit)
d:/st/stm32cubeide_1.3.0/stm32cubeide/plugins/com.st.stm32cube.ide.mcu.externaltools.gnu-tools-for-stm32.7-2018-q2-update.win32_1.0.0.201904181610/tools/bin/../lib/gcc/arm-none-eabi/7.3.1/../../../../arm-none-eabi/lib/thumb/v7-m\libc_nano.a(lib_a-impure.o)
                              d:/st/stm32cubeide_1.3.0/stm32cubeide/plugins/com.st.stm32cube.ide.mcu.externaltools.gnu-tools-for-stm32.7-2018-q2-update.win32_1.0.0.201904181610/tools/bin/../lib/gcc/arm-none-eabi/7.3.1/../../../../arm-none-eabi/lib/thumb/v7-m\libc_nano.a(lib_a-exit.o) (_global_impure_ptr)
d:/st/stm32cubeide_1.3.0/stm32cubeide/plugins/com.st.stm32cube.ide.mcu.externaltools.gnu-tools-for-stm32.7-2018-q2-update.win32_1.0.0.201904181610/tools/bin/../lib/gcc/arm-none-eabi/7.3.1/../../../../arm-none-eabi/lib/thumb/v7-m\libc_nano.a(lib_a-init.o)
                              d:/st/stm32cubeide_1.3.0/stm32cubeide/plugins/com.st.stm32cube.ide.mcu.externaltools.gnu-tools-for-stm32.7-2018-q2-update.win32_1.0.0.201904181610/tools/bin/../lib/gcc/arm-none-eabi/7.3.1/../../../../arm-none-eabi/lib/thumb/v7-m/crt0.o (__libc_init_array)
d:/st/stm32cubeide_1.3.0/stm32cubeide/plugins/com.st.stm32cube.ide.mcu.externaltools.gnu-tools-for-stm32.7-2018-q2-update.win32_1.0.0.201904181610/tools/bin/../lib/gcc/arm-none-eabi/7.3.1/../../../../arm-none-eabi/lib/thumb/v7-m\libc_nano.a(lib_a-itoa.o)
                              Core/Application/modules/bluetooth_low_energy/bluetooth_le.o (itoa)
d:/st/stm32cubeide_1.3.0/stm32cubeide/plugins/com.st.stm32cube.ide.mcu.externaltools.gnu-tools-for-stm32.7-2018-q2-update.win32_1.0.0.201904181610/tools/bin/../lib/gcc/arm-none-eabi/7.3.1/../../../../arm-none-eabi/lib/thumb/v7-m\libc_nano.a(lib_a-memcpy-stub.o)
                              Middlewares/Third_Party/FreeRTOS/Source/CMSIS_RTOS_V2/cmsis_os2.o (memcpy)
d:/st/stm32cubeide_1.3.0/stm32cubeide/plugins/com.st.stm32cube.ide.mcu.externaltools.gnu-tools-for-stm32.7-2018-q2-update.win32_1.0.0.201904181610/tools/bin/../lib/gcc/arm-none-eabi/7.3.1/../../../../arm-none-eabi/lib/thumb/v7-m\libc_nano.a(lib_a-memset.o)
                              d:/st/stm32cubeide_1.3.0/stm32cubeide/plugins/com.st.stm32cube.ide.mcu.externaltools.gnu-tools-for-stm32.7-2018-q2-update.win32_1.0.0.201904181610/tools/bin/../lib/gcc/arm-none-eabi/7.3.1/../../../../arm-none-eabi/lib/thumb/v7-m/crt0.o (memset)
d:/st/stm32cubeide_1.3.0/stm32cubeide/plugins/com.st.stm32cube.ide.mcu.externaltools.gnu-tools-for-stm32.7-2018-q2-update.win32_1.0.0.201904181610/tools/bin/../lib/gcc/arm-none-eabi/7.3.1/../../../../arm-none-eabi/lib/thumb/v7-m\libc_nano.a(lib_a-sprintf.o)
                              Core/Application/modules/bluetooth_low_energy/bluetooth_le.o (sprintf)
d:/st/stm32cubeide_1.3.0/stm32cubeide/plugins/com.st.stm32cube.ide.mcu.externaltools.gnu-tools-for-stm32.7-2018-q2-update.win32_1.0.0.201904181610/tools/bin/../lib/gcc/arm-none-eabi/7.3.1/../../../../arm-none-eabi/lib/thumb/v7-m\libc_nano.a(lib_a-strcmp.o)
                              Core/Application/modules/bluetooth_low_energy/bluetooth_le.o (strcmp)
d:/st/stm32cubeide_1.3.0/stm32cubeide/plugins/com.st.stm32cube.ide.mcu.externaltools.gnu-tools-for-stm32.7-2018-q2-update.win32_1.0.0.201904181610/tools/bin/../lib/gcc/arm-none-eabi/7.3.1/../../../../arm-none-eabi/lib/thumb/v7-m\libc_nano.a(lib_a-strcpy.o)
                              Core/Application/modules/bluetooth_low_energy/bluetooth_le.o (strcpy)
d:/st/stm32cubeide_1.3.0/stm32cubeide/plugins/com.st.stm32cube.ide.mcu.externaltools.gnu-tools-for-stm32.7-2018-q2-update.win32_1.0.0.201904181610/tools/bin/../lib/gcc/arm-none-eabi/7.3.1/../../../../arm-none-eabi/lib/thumb/v7-m\libc_nano.a(lib_a-strlen.o)
[...]
Memory Configuration

Name             Origin             Length             Attributes
RAM              0x0000000020000000 0x000000000000c000 xrw
FLASH            0x0000000008000000 0x0000000000060000 xr
*default*        0x0000000000000000 0xffffffffffffffff

Linker script and memory map

LOAD d:/st/stm32cubeide_1.3.0/stm32cubeide/plugins/com.st.stm32cube.ide.mcu.externaltools.gnu-tools-for-stm32.7-2018-q2-update.win32_1.0.0.201904181610/tools/bin/../lib/gcc/arm-none-eabi/7.3.1/thumb/v7-m/crti.o
LOAD d:/st/stm32cubeide_1.3.0/stm32cubeide/plugins/com.st.stm32cube.ide.mcu.externaltools.gnu-tools-for-stm32.7-2018-q2-update.win32_1.0.0.201904181610/tools/bin/../lib/gcc/arm-none-eabi/7.3.1/thumb/v7-m/crtbegin.o
LOAD d:/st/stm32cubeide_1.3.0/stm32cubeide/plugins/com.st.stm32cube.ide.mcu.externaltools.gnu-tools-for-stm32.7-2018-q2-update.win32_1.0.0.201904181610/tools/bin/../lib/gcc/arm-none-eabi/7.3.1/../../../../arm-none-eabi/lib/thumb/v7-m/crt0.o
LOAD Core/Application/modules/H_bridge/h_bridge.o
LOAD Core/Application/modules/bluetooth_low_energy/bluetooth_le.o
LOAD Core/Application/modules/eeprom/eeprom.o
LOAD Core/Application/modules/hall/hall.o
LOAD Core/Application/modules/magnetometer/magnetometer.o
LOAD Core/Application/modules/servo/servo.o
LOAD Core/Application/modules/slotted_optocoupler/optocoupler.o
LOAD Core/Application/modules/ultrasound_sensor/ultrasound.o
LOAD Core/Application/runtime/device_init/device_init.o
LOAD Core/Application/runtime/device_init/device_init_conf.o
LOAD Core/Application/runtime/runtime.o
LOAD Core/Application/runtime/runtime_conf.o
LOAD Core/Application/runtime/tasks/task_ble.o
LOAD Core/Application/runtime/tasks/task_eyes.o
LOAD Core/Application/runtime/tasks/task_memory.o
LOAD Core/Application/runtime/tasks/task_sensors.o
LOAD Core/Application/runtime/tasks/task_state_machine.o
LOAD Core/Src/adc.o
LOAD Core/Src/freertos.o
LOAD Core/Src/gpio.o
LOAD Core/Src/i2c.o
LOAD Core/Src/main.o
LOAD Core/Src/stm32l1xx_hal_msp.o
LOAD Core/Src/stm32l1xx_hal_timebase_tim.o
LOAD Core/Src/stm32l1xx_it.o
LOAD Core/Src/syscalls.o
LOAD Core/Src/sysmem.o
LOAD Core/Src/system_stm32l1xx.o
LOAD Core/Src/tim.o
LOAD Core/Src/usart.o
LOAD Core/Startup/startup_stm32l162rdtx.o
LOAD Drivers/STM32L1xx_HAL_Driver/Src/stm32l1xx_hal.o
LOAD Drivers/STM32L1xx_HAL_Driver/Src/stm32l1xx_hal_adc.o
LOAD Drivers/STM32L1xx_HAL_Driver/Src/stm32l1xx_hal_adc_ex.o
LOAD Drivers/STM32L1xx_HAL_Driver/Src/stm32l1xx_hal_cortex.o
LOAD Drivers/STM32L1xx_HAL_Driver/Src/stm32l1xx_hal_dma.o
LOAD Drivers/STM32L1xx_HAL_Driver/Src/stm32l1xx_hal_flash.o
LOAD Drivers/STM32L1xx_HAL_Driver/Src/stm32l1xx_hal_flash_ex.o
LOAD Drivers/STM32L1xx_HAL_Driver/Src/stm32l1xx_hal_flash_ramfunc.o
LOAD Drivers/STM32L1xx_HAL_Driver/Src/stm32l1xx_hal_gpio.o
LOAD Drivers/STM32L1xx_HAL_Driver/Src/stm32l1xx_hal_i2c.o
LOAD Drivers/STM32L1xx_HAL_Driver/Src/stm32l1xx_hal_pwr.o
LOAD Drivers/STM32L1xx_HAL_Driver/Src/stm32l1xx_hal_pwr_ex.o
LOAD Drivers/STM32L1xx_HAL_Driver/Src/stm32l1xx_hal_rcc.o
LOAD Drivers/STM32L1xx_HAL_Driver/Src/stm32l1xx_hal_rcc_ex.o
LOAD Drivers/STM32L1xx_HAL_Driver/Src/stm32l1xx_hal_tim.o
LOAD Drivers/STM32L1xx_HAL_Driver/Src/stm32l1xx_hal_tim_ex.o
LOAD Drivers/STM32L1xx_HAL_Driver/Src/stm32l1xx_hal_uart.o
LOAD Middlewares/Third_Party/FreeRTOS/Source/CMSIS_RTOS_V2/cmsis_os2.o
LOAD Middlewares/Third_Party/FreeRTOS/Source/croutine.o
LOAD Middlewares/Third_Party/FreeRTOS/Source/event_groups.o
LOAD Middlewares/Third_Party/FreeRTOS/Source/list.o
LOAD Middlewares/Third_Party/FreeRTOS/Source/queue.o
LOAD Middlewares/Third_Party/FreeRTOS/Source/stream_buffer.o
LOAD Middlewares/Third_Party/FreeRTOS/Source/tasks.o
LOAD Middlewares/Third_Party/FreeRTOS/Source/timers.o
LOAD Middlewares/Third_Party/FreeRTOS/Source/portable/GCC/ARM_CM3/port.o
LOAD Middlewares/Third_Party/FreeRTOS/Source/portable/MemMang/heap_4.o
START GROUP
LOAD d:/st/stm32cubeide_1.3.0/stm32cubeide/plugins/com.st.stm32cube.ide.mcu.externaltools.gnu-tools-for-stm32.7-2018-q2-update.win32_1.0.0.201904181610/tools/bin/../lib/gcc/arm-none-eabi/7.3.1/../../../../arm-none-eabi/lib/thumb/v7-m\libc_nano.a
LOAD d:/st/stm32cubeide_1.3.0/stm32cubeide/plugins/com.st.stm32cube.ide.mcu.externaltools.gnu-tools-for-stm32.7-2018-q2-update.win32_1.0.0.201904181610/tools/bin/../lib/gcc/arm-none-eabi/7.3.1/../../../../arm-none-eabi/lib/thumb/v7-m\libm.a
END GROUP
START GROUP
LOAD d:/st/stm32cubeide_1.3.0/stm32cubeide/plugins/com.st.stm32cube.ide.mcu.externaltools.gnu-tools-for-stm32.7-2018-q2-update.win32_1.0.0.201904181610/tools/bin/../lib/gcc/arm-none-eabi/7.3.1/thumb/v7-m\libgcc.a
LOAD d:/st/stm32cubeide_1.3.0/stm32cubeide/plugins/com.st.stm32cube.ide.mcu.externaltools.gnu-tools-for-stm32.7-2018-q2-update.win32_1.0.0.201904181610/tools/bin/../lib/gcc/arm-none-eabi/7.3.1/../../../../arm-none-eabi/lib/thumb/v7-m\libc_nano.a
END GROUP
START GROUP
LOAD d:/st/stm32cubeide_1.3.0/stm32cubeide/plugins/com.st.stm32cube.ide.mcu.externaltools.gnu-tools-for-stm32.7-2018-q2-update.win32_1.0.0.201904181610/tools/bin/../lib/gcc/arm-none-eabi/7.3.1/thumb/v7-m\libgcc.a
LOAD d:/st/stm32cubeide_1.3.0/stm32cubeide/plugins/com.st.stm32cube.ide.mcu.externaltools.gnu-tools-for-stm32.7-2018-q2-update.win32_1.0.0.201904181610/tools/bin/../lib/gcc/arm-none-eabi/7.3.1/../../../../arm-none-eabi/lib/thumb/v7-m\libc_nano.a
LOAD d:/st/stm32cubeide_1.3.0/stm32cubeide/plugins/com.st.stm32cube.ide.mcu.externaltools.gnu-tools-for-stm32.7-2018-q2-update.win32_1.0.0.201904181610/tools/bin/../lib/gcc/arm-none-eabi/7.3.1/../../../../arm-none-eabi/lib/thumb/v7-m\libnosys.a
END GROUP
START GROUP
LOAD d:/st/stm32cubeide_1.3.0/stm32cubeide/plugins/com.st.stm32cube.ide.mcu.externaltools.gnu-tools-for-stm32.7-2018-q2-update.win32_1.0.0.201904181610/tools/bin/../lib/gcc/arm-none-eabi/7.3.1/thumb/v7-m\libgcc.a
LOAD d:/st/stm32cubeide_1.3.0/stm32cubeide/plugins/com.st.stm32cube.ide.mcu.externaltools.gnu-tools-for-stm32.7-2018-q2-update.win32_1.0.0.201904181610/tools/bin/../lib/gcc/arm-none-eabi/7.3.1/../../../../arm-none-eabi/lib/thumb/v7-m\libc_nano.a
LOAD d:/st/stm32cubeide_1.3.0/stm32cubeide/plugins/com.st.stm32cube.ide.mcu.externaltools.gnu-tools-for-stm32.7-2018-q2-update.win32_1.0.0.201904181610/tools/bin/../lib/gcc/arm-none-eabi/7.3.1/../../../../arm-none-eabi/lib/thumb/v7-m\libnosys.a
END GROUP
LOAD d:/st/stm32cubeide_1.3.0/stm32cubeide/plugins/com.st.stm32cube.ide.mcu.externaltools.gnu-tools-for-stm32.7-2018-q2-update.win32_1.0.0.201904181610/tools/bin/../lib/gcc/arm-none-eabi/7.3.1/thumb/v7-m/crtend.o
LOAD d:/st/stm32cubeide_1.3.0/stm32cubeide/plugins/com.st.stm32cube.ide.mcu.externaltools.gnu-tools-for-stm32.7-2018-q2-update.win32_1.0.0.201904181610/tools/bin/../lib/gcc/arm-none-eabi/7.3.1/thumb/v7-m/crtn.o
                0x000000002000c000                _estack = (ORIGIN (RAM) + LENGTH (RAM))
                0x0000000000000200                _Min_Heap_Size = 0x200
                0x0000000000000400                _Min_Stack_Size = 0x400

.isr_vector     0x0000000008000000      0x13c
                0x0000000008000000                . = ALIGN (0x4)
 *(.isr_vector)
 .isr_vector    0x0000000008000000      0x13c Core/Startup/startup_stm32l162rdtx.o
                0x0000000008000000                g_pfnVectors
                0x000000000800013c                . = ALIGN (0x4)

.text           0x0000000008000140     0x96ec
                0x0000000008000140                . = ALIGN (0x4)
 *(.text)
 .text          0x0000000008000140       0x40 d:/st/stm32cubeide_1.3.0/stm32cubeide/plugins/com.st.stm32cube.ide.mcu.externaltools.gnu-tools-for-stm32.7-2018-q2-update.win32_1.0.0.201904181610/tools/bin/../lib/gcc/arm-none-eabi/7.3.1/thumb/v7-m/crtbegin.o
 *(.text*)
 .text.h_bridge_set_left_duty
                0x0000000008000180       0x4c Core/Application/modules/H_bridge/h_bridge.o
                0x0000000008000180                h_bridge_set_left_duty
 .text.h_bridge_set_right_duty
                0x00000000080001cc       0x4c Core/Application/modules/H_bridge/h_bridge.o
                0x00000000080001cc                h_bridge_set_right_duty
 .text.h_bridge_cw_left
                0x0000000008000218       0x20 Core/Application/modules/H_bridge/h_bridge.o
                0x0000000008000218                h_bridge_cw_left
 .text.h_bridge_cw_right
                0x0000000008000238       0x28 Core/Application/modules/H_bridge/h_bridge.o
                0x0000000008000238                h_bridge_cw_right
 .text.h_bridge_ccw_left
                0x0000000008000260       0x20 Core/Application/modules/H_bridge/h_bridge.o
                0x0000000008000260                h_bridge_ccw_left
 .text.h_bridge_ccw_right
                0x0000000008000280       0x28 Core/Application/modules/H_bridge/h_bridge.o
                0x0000000008000280                h_bridge_ccw_right
 .text.h_bridge_coast
                0x00000000080002a8       0x3c Core/Application/modules/H_bridge/h_bridge.o
                0x00000000080002a8                h_bridge_coast
 .text.ble_send_data
                0x00000000080002e4       0x54 Core/Application/modules/bluetooth_low_energy/bluetooth_le.o
                0x00000000080002e4                ble_send_data
 .text.ble_receive_data
                0x0000000008000338       0x44 Core/Application/modules/bluetooth_low_energy/bluetooth_le.o
                0x0000000008000338                ble_receive_data
 .text.QMC5883L_Read_Reg
                0x000000000800037c       0x34 Core/Application/modules/magnetometer/magnetometer.o
                0x000000000800037c                QMC5883L_Read_Reg
 .text.QMC5883L_Write_Reg
                0x00000000080003b0       0x38 Core/Application/modules/magnetometer/magnetometer.o
                0x00000000080003b0                QMC5883L_Write_Reg
 .text.QMC5883L_Read_Data
                0x00000000080003e8       0x6e Core/Application/modules/magnetometer/magnetometer.o
                0x00000000080003e8                QMC5883L_Read_Data
 .text.QMC5883L_Initialize
                0x0000000008000456       0x4a Core/Application/modules/magnetometer/magnetometer.o
                0x0000000008000456                QMC5883L_Initialize
 .text.QMC5883L_InterruptConfig
                0x00000000080004a0       0x2a Core/Application/modules/magnetometer/magnetometer.o
                0x00000000080004a0                QMC5883L_InterruptConfig
 .text.device_init
                0x00000000080004ca       0x28 Core/Application/runtime/device_init/device_init.o
                0x00000000080004ca                device_init
 *fill*         0x00000000080004f2        0x2 
 .text.rt_init  0x00000000080004f4      0x154 Core/Application/runtime/runtime.o
                0x00000000080004f4                rt_init
 .text.rt_evbitwait_any
                0x0000000008000648       0x38 Core/Application/runtime/runtime.o
                0x0000000008000648                rt_evbitwait_any
 .text.rt_evbit_set
                0x0000000008000680       0x34 Core/Application/runtime/runtime.o
                0x0000000008000680                rt_evbit_set
 .text.rt_evbit_set_from_ISR
                0x00000000080006b4       0x38 Core/Application/runtime/runtime.o
                0x00000000080006b4                rt_evbit_set_from_ISR
 .text.rt_enqueue_ISR
                0x00000000080006ec       0x40 Core/Application/runtime/runtime.o
                0x00000000080006ec                rt_enqueue_ISR
 .text.rt_dequeue
                0x000000000800072c       0x4c Core/Application/runtime/runtime.o
                0x000000000800072c                rt_dequeue
 .text.rt_queue_peek
                0x0000000008000778       0x3c Core/Application/runtime/runtime.o
                0x0000000008000778                rt_queue_peek
 .text.rt_timer_start_ISR
                0x00000000080007b4       0x40 Core/Application/runtime/runtime.o
                0x00000000080007b4                rt_timer_start_ISR
 .text.timer_BLE
                0x00000000080007f4       0x54 Core/Application/runtime/tasks/task_ble.o
                0x00000000080007f4                timer_BLE
 .text.task_ble
                0x0000000008000848       0xb2 Core/Application/runtime/tasks/task_ble.o
                0x0000000008000848                task_ble
 .text.task_eyes
                0x00000000080008fa        0xa Core/Application/runtime/tasks/task_eyes.o
                0x00000000080008fa                task_eyes
 .text.task_memory
                0x0000000008000904        0xa Core/Application/runtime/tasks/task_memory.o
                0x0000000008000904                task_memory
 *fill*         0x000000000800090e        0x2 
 .text.HAL_GPIO_EXTI_Callback
                0x0000000008000910       0x80 Core/Application/runtime/tasks/task_sensors.o
                0x0000000008000910                HAL_GPIO_EXTI_Callback
 .text.task_sensors
                0x0000000008000990       0xb8 Core/Application/runtime/tasks/task_sensors.o
                0x0000000008000990                task_sensors
 .text.task_state_machine
                0x0000000008000a48      0x114 Core/Application/runtime/tasks/task_state_machine.o
                0x0000000008000a48                task_state_machine
 .text.MX_ADC_Init
                0x0000000008000b5c       0xb0 Core/Src/adc.o
                0x0000000008000b5c                MX_ADC_Init
 .text.HAL_ADC_MspInit
                0x0000000008000c0c       0xe8 Core/Src/adc.o
                0x0000000008000c0c                HAL_ADC_MspInit
 .text.vApplicationIdleHook
                0x0000000008000cf4        0xc Core/Src/freertos.o
                0x0000000008000cf4                vApplicationIdleHook
 .text.vApplicationTickHook
                0x0000000008000d00        0xc Core/Src/freertos.o
                0x0000000008000d00                vApplicationTickHook
 .text.vApplicationStackOverflowHook
                0x0000000008000d0c       0x14 Core/Src/freertos.o
                0x0000000008000d0c                vApplicationStackOverflowHook
 .text.vApplicationMallocFailedHook
                0x0000000008000d20        0xc Core/Src/freertos.o
                0x0000000008000d20                vApplicationMallocFailedHook
 .text.vApplicationDaemonTaskStartupHook
                0x0000000008000d2c        0xc Core/Src/freertos.o
                0x0000000008000d2c                vApplicationDaemonTaskStartupHook
 .text.MX_FREERTOS_Init
                0x0000000008000d38       0x28 Core/Src/freertos.o
                0x0000000008000d38                MX_FREERTOS_Init
 .text.StartDefaultTask
                0x0000000008000d60       0x10 Core/Src/freertos.o
                0x0000000008000d60                StartDefaultTask
 .text.MX_GPIO_Init
                0x0000000008000d70      0x1f8 Core/Src/gpio.o
                0x0000000008000d70                MX_GPIO_Init
 .text.MX_I2C1_Init
                0x0000000008000f68       0x5c Core/Src/i2c.o
                0x0000000008000f68                MX_I2C1_Init
 .text.HAL_I2C_MspInit
                0x0000000008000fc4       0x88 Core/Src/i2c.o
                0x0000000008000fc4                HAL_I2C_MspInit
 .text.main     0x000000000800104c       0x3a Core/Src/main.o
                0x000000000800104c                main
 *fill*         0x0000000008001086        0x2 
 .text.SystemClock_Config
                0x0000000008001088       0xa0 Core/Src/main.o
                0x0000000008001088                SystemClock_Config
 .text.HAL_TIM_PeriodElapsedCallback
                0x0000000008001128       0x24 Core/Src/main.o
                0x0000000008001128                HAL_TIM_PeriodElapsedCallback
 .text.Error_Handler
                0x000000000800114c        0xc Core/Src/main.o
                0x000000000800114c                Error_Handler
 .text.assert_failed
                0x0000000008001158       0x14 Core/Src/main.o
                0x0000000008001158                assert_failed
 .text.HAL_MspInit
                0x000000000800116c       0x68 Core/Src/stm32l1xx_hal_msp.o
                0x000000000800116c                HAL_MspInit
 .text.HAL_InitTick
                0x00000000080011d4       0xac Core/Src/stm32l1xx_hal_timebase_tim.o
                0x00000000080011d4                HAL_InitTick
 .text.NMI_Handler
                0x0000000008001280        0xc Core/Src/stm32l1xx_it.o
                0x0000000008001280                NMI_Handler
 .text.HardFault_Handler
                0x000000000800128c        0x6 Core/Src/stm32l1xx_it.o
                0x000000000800128c                HardFault_Handler
 .text.MemManage_Handler
                0x0000000008001292        0x6 Core/Src/stm32l1xx_it.o
                0x0000000008001292                MemManage_Handler
 .text.BusFault_Handler
                0x0000000008001298        0x6 Core/Src/stm32l1xx_it.o
                0x0000000008001298                BusFault_Handler
 .text.UsageFault_Handler
                0x000000000800129e        0x6 Core/Src/stm32l1xx_it.o
                0x000000000800129e                UsageFault_Handler
 .text.DebugMon_Handler
                0x00000000080012a4        0xc Core/Src/stm32l1xx_it.o
                0x00000000080012a4                DebugMon_Handler
 .text.EXTI0_IRQHandler
                0x00000000080012b0        0xe Core/Src/stm32l1xx_it.o
                0x00000000080012b0                EXTI0_IRQHandler
 .text.EXTI1_IRQHandler
                0x00000000080012be        0xe Core/Src/stm32l1xx_it.o
                0x00000000080012be                EXTI1_IRQHandler
 .text.TIM5_IRQHandler
                0x00000000080012cc       0x14 Core/Src/stm32l1xx_it.o
                0x00000000080012cc                TIM5_IRQHandler
 .text.SystemInit
                0x00000000080012e0       0x68 Core/Src/system_stm32l1xx.o
                0x00000000080012e0                SystemInit
 .text.MX_TIM2_Init
                0x0000000008001348       0xe8 Core/Src/tim.o
                0x0000000008001348                MX_TIM2_Init
 .text.MX_TIM3_Init
                0x0000000008001430       0xe8 Core/Src/tim.o
                0x0000000008001430                MX_TIM3_Init
 .text.MX_TIM9_Init
                0x0000000008001518       0xe8 Core/Src/tim.o
                0x0000000008001518                MX_TIM9_Init
 .text.HAL_TIM_Base_MspInit
                0x0000000008001600       0x88 Core/Src/tim.o
                0x0000000008001600                HAL_TIM_Base_MspInit
 .text.HAL_TIM_MspPostInit
                0x0000000008001688      0x108 Core/Src/tim.o
                0x0000000008001688                HAL_TIM_MspPostInit
 .text.MX_USART3_UART_Init
                0x0000000008001790       0x54 Core/Src/usart.o
                0x0000000008001790                MX_USART3_UART_Init
 .text.HAL_UART_MspInit
                0x00000000080017e4       0x88 Core/Src/usart.o
                0x00000000080017e4                HAL_UART_MspInit
 .text.Reset_Handler
                0x000000000800186c       0x48 Core/Startup/startup_stm32l162rdtx.o
                0x000000000800186c                Reset_Handler
 .text.Default_Handler
                0x00000000080018b4        0x2 Core/Startup/startup_stm32l162rdtx.o
                0x00000000080018b4                RTC_Alarm_IRQHandler
                0x00000000080018b4                EXTI2_IRQHandler
                0x00000000080018b4                COMP_ACQ_IRQHandler
                0x00000000080018b4                TIM10_IRQHandler
                0x00000000080018b4                USB_HP_IRQHandler
                0x00000000080018b4                TIM6_IRQHandler
                0x00000000080018b4                PVD_IRQHandler
                0x00000000080018b4                SDIO_IRQHandler
                0x00000000080018b4                EXTI3_IRQHandler
                0x00000000080018b4                I2C2_EV_IRQHandler
                0x00000000080018b4                SPI1_IRQHandler
                0x00000000080018b4                USB_FS_WKUP_IRQHandler
                0x00000000080018b4                DMA2_Channel2_IRQHandler
                0x00000000080018b4                DMA1_Channel4_IRQHandler
                0x00000000080018b4                ADC1_IRQHandler
                0x00000000080018b4                USART3_IRQHandler
                0x00000000080018b4                DMA1_Channel7_IRQHandler
                0x00000000080018b4                LCD_IRQHandler
                0x00000000080018b4                UART5_IRQHandler
                0x00000000080018b4                TIM4_IRQHandler
                0x00000000080018b4                DMA2_Channel1_IRQHandler
                0x00000000080018b4                I2C1_EV_IRQHandler
                0x00000000080018b4                DMA1_Channel6_IRQHandler
                0x00000000080018b4                UART4_IRQHandler
                0x00000000080018b4                DMA2_Channel4_IRQHandler
                0x00000000080018b4                TIM3_IRQHandler
                0x00000000080018b4                RCC_IRQHandler
                0x00000000080018b4                DMA1_Channel1_IRQHandler
                0x00000000080018b4                Default_Handler
                0x00000000080018b4                EXTI15_10_IRQHandler
                0x00000000080018b4                TIM7_IRQHandler
                0x00000000080018b4                EXTI9_5_IRQHandler
                0x00000000080018b4                TIM9_IRQHandler
                0x00000000080018b4                TAMPER_STAMP_IRQHandler
                0x00000000080018b4                RTC_WKUP_IRQHandler
                0x00000000080018b4                SPI2_IRQHandler
                0x00000000080018b4                DMA2_Channel5_IRQHandler
                0x00000000080018b4                DMA1_Channel5_IRQHandler
                0x00000000080018b4                USB_LP_IRQHandler
                0x00000000080018b4                EXTI4_IRQHandler
                0x00000000080018b4                DMA1_Channel3_IRQHandler
                0x00000000080018b4                COMP_IRQHandler
                0x00000000080018b4                WWDG_IRQHandler
                0x00000000080018b4                TIM2_IRQHandler
                0x00000000080018b4                DAC_IRQHandler
                0x00000000080018b4                AES_IRQHandler
                0x00000000080018b4                TIM11_IRQHandler
                0x00000000080018b4                USART2_IRQHandler
                0x00000000080018b4                I2C2_ER_IRQHandler
                0x00000000080018b4                DMA1_Channel2_IRQHandler
                0x00000000080018b4                FLASH_IRQHandler
                0x00000000080018b4                USART1_IRQHandler
                0x00000000080018b4                SPI3_IRQHandler
                0x00000000080018b4                I2C1_ER_IRQHandler
                0x00000000080018b4                DMA2_Channel3_IRQHandler
 .text.HAL_Init
                0x00000000080018b6       0x30 Drivers/STM32L1xx_HAL_Driver/Src/stm32l1xx_hal.o
                0x00000000080018b6                HAL_Init
 *fill*         0x00000000080018e6        0x2 
 .text.HAL_IncTick
                0x00000000080018e8       0x24 Drivers/STM32L1xx_HAL_Driver/Src/stm32l1xx_hal.o
                0x00000000080018e8                HAL_IncTick
 .text.HAL_GetTick
                0x000000000800190c       0x14 Drivers/STM32L1xx_HAL_Driver/Src/stm32l1xx_hal.o
                0x000000000800190c                HAL_GetTick
 .text.HAL_ADC_Init
                0x0000000008001920      0x548 Drivers/STM32L1xx_HAL_Driver/Src/stm32l1xx_hal_adc.o
                0x0000000008001920                HAL_ADC_Init
 .text.HAL_ADC_ConfigChannel
                0x0000000008001e68      0x534 Drivers/STM32L1xx_HAL_Driver/Src/stm32l1xx_hal_adc.o
                0x0000000008001e68                HAL_ADC_ConfigChannel
 .text.__NVIC_SetPriorityGrouping
                0x000000000800239c       0x48 Drivers/STM32L1xx_HAL_Driver/Src/stm32l1xx_hal_cortex.o
 .text.__NVIC_GetPriorityGrouping
                0x00000000080023e4       0x1c Drivers/STM32L1xx_HAL_Driver/Src/stm32l1xx_hal_cortex.o
 .text.__NVIC_EnableIRQ
                0x0000000008002400       0x38 Drivers/STM32L1xx_HAL_Driver/Src/stm32l1xx_hal_cortex.o
 .text.__NVIC_SetPriority
                0x0000000008002438       0x54 Drivers/STM32L1xx_HAL_Driver/Src/stm32l1xx_hal_cortex.o
 .text.NVIC_EncodePriority
                0x000000000800248c       0x64 Drivers/STM32L1xx_HAL_Driver/Src/stm32l1xx_hal_cortex.o
 .text.HAL_NVIC_SetPriorityGrouping
                0x00000000080024f0       0x40 Drivers/STM32L1xx_HAL_Driver/Src/stm32l1xx_hal_cortex.o
                0x00000000080024f0                HAL_NVIC_SetPriorityGrouping
 .text.HAL_NVIC_SetPriority
                0x0000000008002530       0x58 Drivers/STM32L1xx_HAL_Driver/Src/stm32l1xx_hal_cortex.o
                0x0000000008002530                HAL_NVIC_SetPriority
 .text.HAL_NVIC_EnableIRQ
                0x0000000008002588       0x30 Drivers/STM32L1xx_HAL_Driver/Src/stm32l1xx_hal_cortex.o
                0x0000000008002588                HAL_NVIC_EnableIRQ
 .text.HAL_GPIO_Init
                0x00000000080025b8      0x4e4 Drivers/STM32L1xx_HAL_Driver/Src/stm32l1xx_hal_gpio.o
                0x00000000080025b8                HAL_GPIO_Init
 .text.HAL_GPIO_WritePin
                0x0000000008002a9c       0x64 Drivers/STM32L1xx_HAL_Driver/Src/stm32l1xx_hal_gpio.o
                0x0000000008002a9c                HAL_GPIO_WritePin
 .text.HAL_GPIO_EXTI_IRQHandler
                0x0000000008002b00       0x30 Drivers/STM32L1xx_HAL_Driver/Src/stm32l1xx_hal_gpio.o
                0x0000000008002b00                HAL_GPIO_EXTI_IRQHandler
 .text.HAL_I2C_Init
                0x0000000008002b30      0x354 Drivers/STM32L1xx_HAL_Driver/Src/stm32l1xx_hal_i2c.o
                0x0000000008002b30                HAL_I2C_Init
 .text.HAL_I2C_Master_Transmit
                0x0000000008002e84      0x1fc Drivers/STM32L1xx_HAL_Driver/Src/stm32l1xx_hal_i2c.o
                0x0000000008002e84                HAL_I2C_Master_Transmit
 .text.HAL_I2C_Mem_Read
                0x0000000008003080      0x464 Drivers/STM32L1xx_HAL_Driver/Src/stm32l1xx_hal_i2c.o
                0x0000000008003080                HAL_I2C_Mem_Read
 .text.I2C_MasterRequestWrite
                0x00000000080034e4       0xec Drivers/STM32L1xx_HAL_Driver/Src/stm32l1xx_hal_i2c.o
 .text.I2C_RequestMemoryRead
                0x00000000080035d0      0x1a0 Drivers/STM32L1xx_HAL_Driver/Src/stm32l1xx_hal_i2c.o
 .text.I2C_WaitOnFlagUntilTimeout
                0x0000000008003770       0xae Drivers/STM32L1xx_HAL_Driver/Src/stm32l1xx_hal_i2c.o
 .text.I2C_WaitOnMasterAddressFlagUntilTimeout
                0x000000000800381e       0xfe Drivers/STM32L1xx_HAL_Driver/Src/stm32l1xx_hal_i2c.o
 .text.I2C_WaitOnTXEFlagUntilTimeout
                0x000000000800391c       0x82 Drivers/STM32L1xx_HAL_Driver/Src/stm32l1xx_hal_i2c.o
 .text.I2C_WaitOnBTFFlagUntilTimeout
                0x000000000800399e       0x82 Drivers/STM32L1xx_HAL_Driver/Src/stm32l1xx_hal_i2c.o
 .text.I2C_WaitOnRXNEFlagUntilTimeout
                0x0000000008003a20       0xac Drivers/STM32L1xx_HAL_Driver/Src/stm32l1xx_hal_i2c.o
 .text.I2C_IsAcknowledgeFailed
                0x0000000008003acc       0x5c Drivers/STM32L1xx_HAL_Driver/Src/stm32l1xx_hal_i2c.o
 .text.HAL_RCC_OscConfig
                0x0000000008003b28      0x8fc Drivers/STM32L1xx_HAL_Driver/Src/stm32l1xx_hal_rcc.o
                0x0000000008003b28                HAL_RCC_OscConfig
 .text.HAL_RCC_ClockConfig
                0x0000000008004424      0x37c Drivers/STM32L1xx_HAL_Driver/Src/stm32l1xx_hal_rcc.o
                0x0000000008004424                HAL_RCC_ClockConfig
 .text.HAL_RCC_GetSysClockFreq
                0x00000000080047a0       0xb0 Drivers/STM32L1xx_HAL_Driver/Src/stm32l1xx_hal_rcc.o
                0x00000000080047a0                HAL_RCC_GetSysClockFreq
 .text.HAL_RCC_GetHCLKFreq
                0x0000000008004850       0x14 Drivers/STM32L1xx_HAL_Driver/Src/stm32l1xx_hal_rcc.o
                0x0000000008004850                HAL_RCC_GetHCLKFreq
 .text.HAL_RCC_GetPCLK1Freq
                0x0000000008004864       0x28 Drivers/STM32L1xx_HAL_Driver/Src/stm32l1xx_hal_rcc.o
                0x0000000008004864                HAL_RCC_GetPCLK1Freq
 .text.HAL_RCC_GetPCLK2Freq
                0x000000000800488c       0x28 Drivers/STM32L1xx_HAL_Driver/Src/stm32l1xx_hal_rcc.o
                0x000000000800488c                HAL_RCC_GetPCLK2Freq
 .text.HAL_RCC_GetClockConfig
                0x00000000080048b4       0x84 Drivers/STM32L1xx_HAL_Driver/Src/stm32l1xx_hal_rcc.o
                0x00000000080048b4                HAL_RCC_GetClockConfig
 .text.RCC_SetFlashLatencyFromMSIRange
                0x0000000008004938       0xc0 Drivers/STM32L1xx_HAL_Driver/Src/stm32l1xx_hal_rcc.o
 .text.HAL_TIM_Base_Init
                0x00000000080049f8      0x150 Drivers/STM32L1xx_HAL_Driver/Src/stm32l1xx_hal_tim.o
                0x00000000080049f8                HAL_TIM_Base_Init
 .text.HAL_TIM_Base_Start_IT
                0x0000000008004b48       0xcc Drivers/STM32L1xx_HAL_Driver/Src/stm32l1xx_hal_tim.o
                0x0000000008004b48                HAL_TIM_Base_Start_IT
 .text.HAL_TIM_PWM_Init
                0x0000000008004c14      0x150 Drivers/STM32L1xx_HAL_Driver/Src/stm32l1xx_hal_tim.o
                0x0000000008004c14                HAL_TIM_PWM_Init
 .text.HAL_TIM_PWM_MspInit
                0x0000000008004d64       0x12 Drivers/STM32L1xx_HAL_Driver/Src/stm32l1xx_hal_tim.o
                0x0000000008004d64                HAL_TIM_PWM_MspInit
 .text.HAL_TIM_IRQHandler
                0x0000000008004d76      0x1b8 Drivers/STM32L1xx_HAL_Driver/Src/stm32l1xx_hal_tim.o
                0x0000000008004d76                HAL_TIM_IRQHandler
 *fill*         0x0000000008004f2e        0x2 
 .text.HAL_TIM_PWM_ConfigChannel
                0x0000000008004f30      0x320 Drivers/STM32L1xx_HAL_Driver/Src/stm32l1xx_hal_tim.o
                0x0000000008004f30                HAL_TIM_PWM_ConfigChannel
 .text.HAL_TIM_ConfigClockSource
                0x0000000008005250      0x5e4 Drivers/STM32L1xx_HAL_Driver/Src/stm32l1xx_hal_tim.o
                0x0000000008005250                HAL_TIM_ConfigClockSource
 .text.HAL_TIM_OC_DelayElapsedCallback
                0x0000000008005834       0x12 Drivers/STM32L1xx_HAL_Driver/Src/stm32l1xx_hal_tim.o
                0x0000000008005834                HAL_TIM_OC_DelayElapsedCallback
 .text.HAL_TIM_IC_CaptureCallback
                0x0000000008005846       0x12 Drivers/STM32L1xx_HAL_Driver/Src/stm32l1xx_hal_tim.o
                0x0000000008005846                HAL_TIM_IC_CaptureCallback
 .text.HAL_TIM_PWM_PulseFinishedCallback
                0x0000000008005858       0x12 Drivers/STM32L1xx_HAL_Driver/Src/stm32l1xx_hal_tim.o
                0x0000000008005858                HAL_TIM_PWM_PulseFinishedCallback
 .text.HAL_TIM_TriggerCallback
                0x000000000800586a       0x12 Drivers/STM32L1xx_HAL_Driver/Src/stm32l1xx_hal_tim.o
                0x000000000800586a                HAL_TIM_TriggerCallback
 .text.TIM_Base_SetConfig
                0x000000000800587c       0xe0 Drivers/STM32L1xx_HAL_Driver/Src/stm32l1xx_hal_tim.o
 .text.TIM_OC1_SetConfig
                0x000000000800595c       0x78 Drivers/STM32L1xx_HAL_Driver/Src/stm32l1xx_hal_tim.o
 .text.TIM_OC2_SetConfig
                0x00000000080059d4       0x7c Drivers/STM32L1xx_HAL_Driver/Src/stm32l1xx_hal_tim.o
 .text.TIM_OC3_SetConfig
                0x0000000008005a50       0x7a Drivers/STM32L1xx_HAL_Driver/Src/stm32l1xx_hal_tim.o
 .text.TIM_OC4_SetConfig
                0x0000000008005aca       0x7c Drivers/STM32L1xx_HAL_Driver/Src/stm32l1xx_hal_tim.o
 .text.TIM_TI1_ConfigInputStage
                0x0000000008005b46       0x5c Drivers/STM32L1xx_HAL_Driver/Src/stm32l1xx_hal_tim.o
 .text.TIM_TI2_ConfigInputStage
                0x0000000008005ba2       0x5e Drivers/STM32L1xx_HAL_Driver/Src/stm32l1xx_hal_tim.o
 .text.TIM_ITRx_SetConfig
                0x0000000008005c00       0x34 Drivers/STM32L1xx_HAL_Driver/Src/stm32l1xx_hal_tim.o
 .text.TIM_ETR_SetConfig
                0x0000000008005c34       0x3e Drivers/STM32L1xx_HAL_Driver/Src/stm32l1xx_hal_tim.o
 *fill*         0x0000000008005c72        0x2 
 .text.HAL_TIMEx_MasterConfigSynchronization
                0x0000000008005c74      0x134 Drivers/STM32L1xx_HAL_Driver/Src/stm32l1xx_hal_tim_ex.o
                0x0000000008005c74                HAL_TIMEx_MasterConfigSynchronization
 .text.HAL_UART_Init
                0x0000000008005da8      0x188 Drivers/STM32L1xx_HAL_Driver/Src/stm32l1xx_hal_uart.o
                0x0000000008005da8                HAL_UART_Init
 .text.HAL_UART_Transmit
                0x0000000008005f30      0x132 Drivers/STM32L1xx_HAL_Driver/Src/stm32l1xx_hal_uart.o
                0x0000000008005f30                HAL_UART_Transmit
 .text.HAL_UART_Receive
                0x0000000008006062      0x14c Drivers/STM32L1xx_HAL_Driver/Src/stm32l1xx_hal_uart.o
                0x0000000008006062                HAL_UART_Receive
 .text.UART_WaitOnFlagUntilTimeout
                0x00000000080061ae       0x94 Drivers/STM32L1xx_HAL_Driver/Src/stm32l1xx_hal_uart.o
 *fill*         0x0000000008006242        0x2 
 .text.UART_SetConfig
                0x0000000008006244      0x390 Drivers/STM32L1xx_HAL_Driver/Src/stm32l1xx_hal_uart.o
 .text.osKernelInitialize
                0x00000000080065d4       0x64 Middlewares/Third_Party/FreeRTOS/Source/CMSIS_RTOS_V2/cmsis_os2.o
                0x00000000080065d4                osKernelInitialize
 .text.osKernelStart
                0x0000000008006638       0x68 Middlewares/Third_Party/FreeRTOS/Source/CMSIS_RTOS_V2/cmsis_os2.o
                0x0000000008006638                osKernelStart
 .text.osThreadNew
                0x00000000080066a0      0x154 Middlewares/Third_Party/FreeRTOS/Source/CMSIS_RTOS_V2/cmsis_os2.o
                0x00000000080066a0                osThreadNew
 .text.osDelay  0x00000000080067f4       0x5c Middlewares/Third_Party/FreeRTOS/Source/CMSIS_RTOS_V2/cmsis_os2.o
                0x00000000080067f4                osDelay
 .text.vApplicationGetIdleTaskMemory
                0x0000000008006850       0x30 Middlewares/Third_Party/FreeRTOS/Source/CMSIS_RTOS_V2/cmsis_os2.o
                0x0000000008006850                vApplicationGetIdleTaskMemory
 .text.vApplicationGetTimerTaskMemory
                0x0000000008006880       0x34 Middlewares/Third_Party/FreeRTOS/Source/CMSIS_RTOS_V2/cmsis_os2.o
                0x0000000008006880                vApplicationGetTimerTaskMemory
 .text.xEventGroupCreate
                0x00000000080068b4       0x34 Middlewares/Third_Party/FreeRTOS/Source/event_groups.o
                0x00000000080068b4                xEventGroupCreate
 .text.xEventGroupWaitBits
                0x00000000080068e8      0x194 Middlewares/Third_Party/FreeRTOS/Source/event_groups.o
                0x00000000080068e8                xEventGroupWaitBits
 .text.xEventGroupSetBits
                0x0000000008006a7c      0x112 Middlewares/Third_Party/FreeRTOS/Source/event_groups.o
                0x0000000008006a7c                xEventGroupSetBits
 .text.vEventGroupSetBitsCallback
                0x0000000008006b8e       0x1a Middlewares/Third_Party/FreeRTOS/Source/event_groups.o
                0x0000000008006b8e                vEventGroupSetBitsCallback
 .text.prvTestWaitCondition
                0x0000000008006ba8       0x42 Middlewares/Third_Party/FreeRTOS/Source/event_groups.o
 *fill*         0x0000000008006bea        0x2 
 .text.xEventGroupSetBitsFromISR
                0x0000000008006bec       0x28 Middlewares/Third_Party/FreeRTOS/Source/event_groups.o
                0x0000000008006bec                xEventGroupSetBitsFromISR
 .text.vListInitialise
                0x0000000008006c14       0x3e Middlewares/Third_Party/FreeRTOS/Source/list.o
                0x0000000008006c14                vListInitialise
 .text.vListInitialiseItem
                0x0000000008006c52       0x18 Middlewares/Third_Party/FreeRTOS/Source/list.o
                0x0000000008006c52                vListInitialiseItem
 .text.vListInsertEnd
                0x0000000008006c6a       0x46 Middlewares/Third_Party/FreeRTOS/Source/list.o
                0x0000000008006c6a                vListInsertEnd
 .text.vListInsert
                0x0000000008006cb0       0x70 Middlewares/Third_Party/FreeRTOS/Source/list.o
                0x0000000008006cb0                vListInsert
 .text.uxListRemove
                0x0000000008006d20       0x52 Middlewares/Third_Party/FreeRTOS/Source/list.o
                0x0000000008006d20                uxListRemove
 *fill*         0x0000000008006d72        0x2 
 .text.xQueueGenericReset
                0x0000000008006d74       0xd0 Middlewares/Third_Party/FreeRTOS/Source/queue.o
                0x0000000008006d74                xQueueGenericReset
 .text.xQueueGenericCreateStatic
                0x0000000008006e44       0xe4 Middlewares/Third_Party/FreeRTOS/Source/queue.o
                0x0000000008006e44                xQueueGenericCreateStatic
 .text.xQueueGenericCreate
                0x0000000008006f28       0x7a Middlewares/Third_Party/FreeRTOS/Source/queue.o
                0x0000000008006f28                xQueueGenericCreate
 .text.prvInitialiseNewQueue
                0x0000000008006fa2       0x46 Middlewares/Third_Party/FreeRTOS/Source/queue.o
 .text.xQueueGenericSend
                0x0000000008006fe8      0x1f4 Middlewares/Third_Party/FreeRTOS/Source/queue.o
                0x0000000008006fe8                xQueueGenericSend
 .text.xQueueGenericSendFromISR
                0x00000000080071dc      0x128 Middlewares/Third_Party/FreeRTOS/Source/queue.o
                0x00000000080071dc                xQueueGenericSendFromISR
 .text.xQueueReceive
                0x0000000008007304      0x1b8 Middlewares/Third_Party/FreeRTOS/Source/queue.o
                0x0000000008007304                xQueueReceive
 .text.prvCopyDataToQueue
                0x00000000080074bc       0xd4 Middlewares/Third_Party/FreeRTOS/Source/queue.o
 .text.prvCopyDataFromQueue
                0x0000000008007590       0x4c Middlewares/Third_Party/FreeRTOS/Source/queue.o
 .text.prvUnlockQueue
                0x00000000080075dc       0xa4 Middlewares/Third_Party/FreeRTOS/Source/queue.o
 .text.prvIsQueueEmpty
                0x0000000008007680       0x2c Middlewares/Third_Party/FreeRTOS/Source/queue.o
 .text.prvIsQueueFull
                0x00000000080076ac       0x30 Middlewares/Third_Party/FreeRTOS/Source/queue.o
 .text.vQueueAddToRegistry
                0x00000000080076dc       0x50 Middlewares/Third_Party/FreeRTOS/Source/queue.o
                0x00000000080076dc                vQueueAddToRegistry
 .text.vQueueWaitForMessageRestricted
                0x000000000800772c       0x68 Middlewares/Third_Party/FreeRTOS/Source/queue.o
                0x000000000800772c                vQueueWaitForMessageRestricted
 .text.xTaskCreateStatic
                0x0000000008007794       0xb2 Middlewares/Third_Party/FreeRTOS/Source/tasks.o
                0x0000000008007794                xTaskCreateStatic
 .text.xTaskCreate
                0x0000000008007846       0x8a Middlewares/Third_Party/FreeRTOS/Source/tasks.o
                0x0000000008007846                xTaskCreate
 .text.prvInitialiseNewTask
                0x00000000080078d0      0x10c Middlewares/Third_Party/FreeRTOS/Source/tasks.o
 .text.prvAddNewTaskToReadyList
                0x00000000080079dc       0xe0 Middlewares/Third_Party/FreeRTOS/Source/tasks.o
 .text.vTaskDelay
                0x0000000008007abc       0x68 Middlewares/Third_Party/FreeRTOS/Source/tasks.o
                0x0000000008007abc                vTaskDelay
 .text.vTaskSuspend
                0x0000000008007b24       0xe8 Middlewares/Third_Party/FreeRTOS/Source/tasks.o
                0x0000000008007b24                vTaskSuspend
 .text.prvTaskIsTaskSuspended
                0x0000000008007c0c       0x74 Middlewares/Third_Party/FreeRTOS/Source/tasks.o
 .text.vTaskResume
                0x0000000008007c80       0xbc Middlewares/Third_Party/FreeRTOS/Source/tasks.o
                0x0000000008007c80                vTaskResume
 .text.vTaskStartScheduler
                0x0000000008007d3c       0xc8 Middlewares/Third_Party/FreeRTOS/Source/tasks.o
                0x0000000008007d3c                vTaskStartScheduler
 .text.vTaskSuspendAll
                0x0000000008007e04       0x1c Middlewares/Third_Party/FreeRTOS/Source/tasks.o
                0x0000000008007e04                vTaskSuspendAll
 .text.xTaskResumeAll
                0x0000000008007e20      0x138 Middlewares/Third_Party/FreeRTOS/Source/tasks.o
                0x0000000008007e20                xTaskResumeAll
 .text.xTaskGetTickCount
                0x0000000008007f58       0x1c Middlewares/Third_Party/FreeRTOS/Source/tasks.o
                0x0000000008007f58                xTaskGetTickCount
 .text.xTaskGetTickCountFromISR
                0x0000000008007f74       0x24 Middlewares/Third_Party/FreeRTOS/Source/tasks.o
                0x0000000008007f74                xTaskGetTickCountFromISR
 .text.xTaskIncrementTick
                0x0000000008007f98      0x18c Middlewares/Third_Party/FreeRTOS/Source/tasks.o
                0x0000000008007f98                xTaskIncrementTick
 .text.vTaskSwitchContext
                0x0000000008008124       0xd8 Middlewares/Third_Party/FreeRTOS/Source/tasks.o
                0x0000000008008124                vTaskSwitchContext
 .text.vTaskPlaceOnEventList
                0x00000000080081fc       0x48 Middlewares/Third_Party/FreeRTOS/Source/tasks.o
                0x00000000080081fc                vTaskPlaceOnEventList
 .text.vTaskPlaceOnUnorderedEventList
                0x0000000008008244       0x74 Middlewares/Third_Party/FreeRTOS/Source/tasks.o
                0x0000000008008244                vTaskPlaceOnUnorderedEventList
 .text.vTaskPlaceOnEventListRestricted
                0x00000000080082b8       0x54 Middlewares/Third_Party/FreeRTOS/Source/tasks.o
                0x00000000080082b8                vTaskPlaceOnEventListRestricted
 .text.xTaskRemoveFromEventList
                0x000000000800830c       0xc4 Middlewares/Third_Party/FreeRTOS/Source/tasks.o
                0x000000000800830c                xTaskRemoveFromEventList
 .text.vTaskRemoveFromUnorderedEventList
                0x00000000080083d0       0xc0 Middlewares/Third_Party/FreeRTOS/Source/tasks.o
                0x00000000080083d0                vTaskRemoveFromUnorderedEventList
 .text.vTaskInternalSetTimeOutState
                0x0000000008008490       0x2c Middlewares/Third_Party/FreeRTOS/Source/tasks.o
                0x0000000008008490                vTaskInternalSetTimeOutState
 .text.xTaskCheckForTimeOut
                0x00000000080084bc       0xc0 Middlewares/Third_Party/FreeRTOS/Source/tasks.o
                0x00000000080084bc                xTaskCheckForTimeOut
 .text.vTaskMissedYield
                0x000000000800857c       0x18 Middlewares/Third_Party/FreeRTOS/Source/tasks.o
                0x000000000800857c                vTaskMissedYield
 .text.prvIdleTask
                0x0000000008008594       0x34 Middlewares/Third_Party/FreeRTOS/Source/tasks.o
 .text.prvInitialiseTaskLists
                0x00000000080085c8       0x80 Middlewares/Third_Party/FreeRTOS/Source/tasks.o
 .text.prvCheckTasksWaitingTermination
                0x0000000008008648       0x58 Middlewares/Third_Party/FreeRTOS/Source/tasks.o
 .text.prvDeleteTCB
                0x00000000080086a0       0x5c Middlewares/Third_Party/FreeRTOS/Source/tasks.o
 .text.prvResetNextTaskUnblockTime
                0x00000000080086fc       0x48 Middlewares/Third_Party/FreeRTOS/Source/tasks.o
 .text.xTaskGetSchedulerState
                0x0000000008008744       0x3c Middlewares/Third_Party/FreeRTOS/Source/tasks.o
                0x0000000008008744                xTaskGetSchedulerState
 .text.xTaskPriorityDisinherit
                0x0000000008008780       0xd8 Middlewares/Third_Party/FreeRTOS/Source/tasks.o
                0x0000000008008780                xTaskPriorityDisinherit
 .text.uxTaskResetEventItemValue
                0x0000000008008858       0x30 Middlewares/Third_Party/FreeRTOS/Source/tasks.o
                0x0000000008008858                uxTaskResetEventItemValue
 .text.prvAddCurrentTaskToDelayedList
                0x0000000008008888       0xa8 Middlewares/Third_Party/FreeRTOS/Source/tasks.o
 .text.xTimerCreateTimerTask
                0x0000000008008930       0x90 Middlewares/Third_Party/FreeRTOS/Source/timers.o
                0x0000000008008930                xTimerCreateTimerTask
 .text.xTimerCreate
                0x00000000080089c0       0x42 Middlewares/Third_Party/FreeRTOS/Source/timers.o
                0x00000000080089c0                xTimerCreate
 .text.prvInitialiseNewTimer
                0x0000000008008a02       0x62 Middlewares/Third_Party/FreeRTOS/Source/timers.o
 .text.xTimerGenericCommand
                0x0000000008008a64       0x98 Middlewares/Third_Party/FreeRTOS/Source/timers.o
                0x0000000008008a64                xTimerGenericCommand
 .text.prvProcessExpiredTimer
                0x0000000008008afc       0x80 Middlewares/Third_Party/FreeRTOS/Source/timers.o
 .text.prvTimerTask
                0x0000000008008b7c       0x28 Middlewares/Third_Party/FreeRTOS/Source/timers.o
 .text.prvProcessTimerOrBlockTask
                0x0000000008008ba4       0x9c Middlewares/Third_Party/FreeRTOS/Source/timers.o
 .text.prvGetNextExpireTime
                0x0000000008008c40       0x48 Middlewares/Third_Party/FreeRTOS/Source/timers.o
 .text.prvSampleTimeNow
                0x0000000008008c88       0x40 Middlewares/Third_Party/FreeRTOS/Source/timers.o
 .text.prvInsertTimerInActiveList
                0x0000000008008cc8       0x84 Middlewares/Third_Party/FreeRTOS/Source/timers.o
 .text.prvProcessReceivedCommands
                0x0000000008008d4c      0x160 Middlewares/Third_Party/FreeRTOS/Source/timers.o
 .text.prvSwitchTimerLists
                0x0000000008008eac       0xc0 Middlewares/Third_Party/FreeRTOS/Source/timers.o
 .text.prvCheckForValidListAndQueue
                0x0000000008008f6c       0x80 Middlewares/Third_Party/FreeRTOS/Source/timers.o
 .text.xTimerPendFunctionCallFromISR
                0x0000000008008fec       0x40 Middlewares/Third_Party/FreeRTOS/Source/timers.o
                0x0000000008008fec                xTimerPendFunctionCallFromISR
 .text.pxPortInitialiseStack
                0x000000000800902c       0x58 Middlewares/Third_Party/FreeRTOS/Source/portable/GCC/ARM_CM3/port.o
                0x000000000800902c                pxPortInitialiseStack
 .text.prvTaskExitError
                0x0000000008009084       0x50 Middlewares/Third_Party/FreeRTOS/Source/portable/GCC/ARM_CM3/port.o
 *fill*         0x00000000080090d4        0xc 
 .text.SVC_Handler
                0x00000000080090e0       0x28 Middlewares/Third_Party/FreeRTOS/Source/portable/GCC/ARM_CM3/port.o
                0x00000000080090e0                SVC_Handler
 .text.prvPortStartFirstTask
                0x0000000008009108       0x20 Middlewares/Third_Party/FreeRTOS/Source/portable/GCC/ARM_CM3/port.o
 .text.xPortStartScheduler
                0x0000000008009128       0xe0 Middlewares/Third_Party/FreeRTOS/Source/portable/GCC/ARM_CM3/port.o
                0x0000000008009128                xPortStartScheduler
 .text.vPortEnterCritical
                0x0000000008009208       0x5c Middlewares/Third_Party/FreeRTOS/Source/portable/GCC/ARM_CM3/port.o
                0x0000000008009208                vPortEnterCritical
 .text.vPortExitCritical
                0x0000000008009264       0x4c Middlewares/Third_Party/FreeRTOS/Source/portable/GCC/ARM_CM3/port.o
                0x0000000008009264                vPortExitCritical
 .text.PendSV_Handler
                0x00000000080092b0       0x48 Middlewares/Third_Party/FreeRTOS/Source/portable/GCC/ARM_CM3/port.o
                0x00000000080092b0                PendSV_Handler
 .text.SysTick_Handler
                0x00000000080092f8       0x40 Middlewares/Third_Party/FreeRTOS/Source/portable/GCC/ARM_CM3/port.o
                0x00000000080092f8                SysTick_Handler
 .text.vPortSetupTimerInterrupt
                0x0000000008009338       0x44 Middlewares/Third_Party/FreeRTOS/Source/portable/GCC/ARM_CM3/port.o
                0x0000000008009338                vPortSetupTimerInterrupt
 .text.vPortValidateInterruptPriority
                0x000000000800937c       0x78 Middlewares/Third_Party/FreeRTOS/Source/portable/GCC/ARM_CM3/port.o
                0x000000000800937c                vPortValidateInterruptPriority
 .text.pvPortMalloc
                0x00000000080093f4      0x18c Middlewares/Third_Party/FreeRTOS/Source/portable/MemMang/heap_4.o
                0x00000000080093f4                pvPortMalloc
 .text.vPortFree
                0x0000000008009580       0xb0 Middlewares/Third_Party/FreeRTOS/Source/portable/MemMang/heap_4.o
                0x0000000008009580                vPortFree
 .text.prvHeapInit
                0x0000000008009630       0xc4 Middlewares/Third_Party/FreeRTOS/Source/portable/MemMang/heap_4.o
 .text.prvInsertBlockIntoFreeList
                0x00000000080096f4       0xb0 Middlewares/Third_Party/FreeRTOS/Source/portable/MemMang/heap_4.o
 .text.__libc_init_array
                0x00000000080097a4       0x48 d:/st/stm32cubeide_1.3.0/stm32cubeide/plugins/com.st.stm32cube.ide.mcu.externaltools.gnu-tools-for-stm32.7-2018-q2-update.win32_1.0.0.201904181610/tools/bin/../lib/gcc/arm-none-eabi/7.3.1/../../../../arm-none-eabi/lib/thumb/v7-m\libc_nano.a(lib_a-init.o)
                0x00000000080097a4                __libc_init_array
 .text.memcpy   0x00000000080097ec       0x16 d:/st/stm32cubeide_1.3.0/stm32cubeide/plugins/com.st.stm32cube.ide.mcu.externaltools.gnu-tools-for-stm32.7-2018-q2-update.win32_1.0.0.201904181610/tools/bin/../lib/gcc/arm-none-eabi/7.3.1/../../../../arm-none-eabi/lib/thumb/v7-m\libc_nano.a(lib_a-memcpy-stub.o)
                0x00000000080097ec                memcpy
 .text.memset   0x0000000008009802       0x10 d:/st/stm32cubeide_1.3.0/stm32cubeide/plugins/com.st.stm32cube.ide.mcu.externaltools.gnu-tools-for-stm32.7-2018-q2-update.win32_1.0.0.201904181610/tools/bin/../lib/gcc/arm-none-eabi/7.3.1/../../../../arm-none-eabi/lib/thumb/v7-m\libc_nano.a(lib_a-memset.o)
                0x0000000008009802                memset
 *(.glue_7)
 .glue_7        0x0000000008009812        0x0 linker stubs
 *(.glue_7t)
 .glue_7t       0x0000000008009812        0x0 linker stubs
 *(.eh_frame)
 *fill*         0x0000000008009812        0x2 
 .eh_frame      0x0000000008009814        0x0 d:/st/stm32cubeide_1.3.0/stm32cubeide/plugins/com.st.stm32cube.ide.mcu.externaltools.gnu-tools-for-stm32.7-2018-q2-update.win32_1.0.0.201904181610/tools/bin/../lib/gcc/arm-none-eabi/7.3.1/thumb/v7-m/crtbegin.o
 *(.init)
 .init          0x0000000008009814        0x4 d:/st/stm32cubeide_1.3.0/stm32cubeide/plugins/com.st.stm32cube.ide.mcu.externaltools.gnu-tools-for-stm32.7-2018-q2-update.win32_1.0.0.201904181610/tools/bin/../lib/gcc/arm-none-eabi/7.3.1/thumb/v7-m/crti.o
                0x0000000008009814                _init
 .init          0x0000000008009818        0x8 d:/st/stm32cubeide_1.3.0/stm32cubeide/plugins/com.st.stm32cube.ide.mcu.externaltools.gnu-tools-for-stm32.7-2018-q2-update.win32_1.0.0.201904181610/tools/bin/../lib/gcc/arm-none-eabi/7.3.1/thumb/v7-m/crtn.o
 *(.fini)
 .fini          0x0000000008009820        0x4 d:/st/stm32cubeide_1.3.0/stm32cubeide/plugins/com.st.stm32cube.ide.mcu.externaltools.gnu-tools-for-stm32.7-2018-q2-update.win32_1.0.0.201904181610/tools/bin/../lib/gcc/arm-none-eabi/7.3.1/thumb/v7-m/crti.o
                0x0000000008009820                _fini
 .fini          0x0000000008009824        0x8 d:/st/stm32cubeide_1.3.0/stm32cubeide/plugins/com.st.stm32cube.ide.mcu.externaltools.gnu-tools-for-stm32.7-2018-q2-update.win32_1.0.0.201904181610/tools/bin/../lib/gcc/arm-none-eabi/7.3.1/thumb/v7-m/crtn.o
                0x000000000800982c                . = ALIGN (0x4)
                0x000000000800982c                _etext = .

.vfp11_veneer   0x000000000800982c        0x0
 .vfp11_veneer  0x000000000800982c        0x0 linker stubs

.v4_bx          0x000000000800982c        0x0
 .v4_bx         0x000000000800982c        0x0 linker stubs

.iplt           0x000000000800982c        0x0
 .iplt          0x000000000800982c        0x0 d:/st/stm32cubeide_1.3.0/stm32cubeide/plugins/com.st.stm32cube.ide.mcu.externaltools.gnu-tools-for-stm32.7-2018-q2-update.win32_1.0.0.201904181610/tools/bin/../lib/gcc/arm-none-eabi/7.3.1/thumb/v7-m/crtbegin.o

.rodata         0x000000000800982c      0x338
                0x000000000800982c                . = ALIGN (0x4)
 *(.rodata)
 .rodata        0x000000000800982c       0x65 Core/Application/runtime/runtime_conf.o
 *fill*         0x0000000008009891        0x3 
 .rodata        0x0000000008009894        0xc Core/Src/freertos.o
 .rodata        0x00000000080098a0       0x38 Drivers/STM32L1xx_HAL_Driver/Src/stm32l1xx_hal_adc.o
 .rodata        0x00000000080098d8       0x3b Drivers/STM32L1xx_HAL_Driver/Src/stm32l1xx_hal_cortex.o
 *fill*         0x0000000008009913        0x1 
 .rodata        0x0000000008009914       0x39 Drivers/STM32L1xx_HAL_Driver/Src/stm32l1xx_hal_gpio.o
 *fill*         0x000000000800994d        0x3 
 .rodata        0x0000000008009950       0x38 Drivers/STM32L1xx_HAL_Driver/Src/stm32l1xx_hal_i2c.o
 .rodata        0x0000000008009988       0x38 Drivers/STM32L1xx_HAL_Driver/Src/stm32l1xx_hal_rcc.o
 .rodata        0x00000000080099c0       0x38 Drivers/STM32L1xx_HAL_Driver/Src/stm32l1xx_hal_tim.o
 .rodata        0x00000000080099f8       0x3b Drivers/STM32L1xx_HAL_Driver/Src/stm32l1xx_hal_tim_ex.o
 *fill*         0x0000000008009a33        0x1 
 .rodata        0x0000000008009a34       0x39 Drivers/STM32L1xx_HAL_Driver/Src/stm32l1xx_hal_uart.o
 *fill*         0x0000000008009a6d        0x3 
 .rodata        0x0000000008009a70        0x5 Middlewares/Third_Party/FreeRTOS/Source/tasks.o
 *fill*         0x0000000008009a75        0x3 
 .rodata        0x0000000008009a78        0xd Middlewares/Third_Party/FreeRTOS/Source/timers.o
 *(.rodata*)
 *fill*         0x0000000008009a85        0x3 
 .rodata.rt_task_def
                0x0000000008009a88       0x64 Core/Application/runtime/runtime_conf.o
                0x0000000008009a88                rt_task_def
 .rodata.rt_queue_def
                0x0000000008009aec       0x20 Core/Application/runtime/runtime_conf.o
                0x0000000008009aec                rt_queue_def
 .rodata.rt_timer_def
                0x0000000008009b0c       0x10 Core/Application/runtime/runtime_conf.o
                0x0000000008009b0c                rt_timer_def
 .rodata.defaultTask_attributes
                0x0000000008009b1c       0x24 Core/Src/freertos.o
                0x0000000008009b1c                defaultTask_attributes
 .rodata.PLLMulTable
                0x0000000008009b40        0x9 Core/Src/system_stm32l1xx.o
                0x0000000008009b40                PLLMulTable
 *fill*         0x0000000008009b49        0x3 
 .rodata.AHBPrescTable
                0x0000000008009b4c       0x10 Core/Src/system_stm32l1xx.o
                0x0000000008009b4c                AHBPrescTable
 .rodata.APBPrescTable
                0x0000000008009b5c        0x8 Core/Src/system_stm32l1xx.o
                0x0000000008009b5c                APBPrescTable
                0x0000000008009b64                . = ALIGN (0x4)

.rel.dyn        0x0000000008009b64        0x0
 .rel.iplt      0x0000000008009b64        0x0 d:/st/stm32cubeide_1.3.0/stm32cubeide/plugins/com.st.stm32cube.ide.mcu.externaltools.gnu-tools-for-stm32.7-2018-q2-update.win32_1.0.0.201904181610/tools/bin/../lib/gcc/arm-none-eabi/7.3.1/thumb/v7-m/crtbegin.o

.ARM.extab      0x0000000008009b64        0x0
                0x0000000008009b64                . = ALIGN (0x4)
 *(.ARM.extab* .gnu.linkonce.armextab.*)
                0x0000000008009b64                . = ALIGN (0x4)

.ARM            0x0000000008009b64        0x0
                0x0000000008009b64                . = ALIGN (0x4)
                0x0000000008009b64                __exidx_start = .
 *(.ARM.exidx*)
                0x0000000008009b64                __exidx_end = .
                0x0000000008009b64                . = ALIGN (0x4)

.preinit_array  0x0000000008009b64        0x0
                0x0000000008009b64                . = ALIGN (0x4)
                0x0000000008009b64                PROVIDE (__preinit_array_start = .)
 *(.preinit_array*)
                0x0000000008009b64                PROVIDE (__preinit_array_end = .)
                0x0000000008009b64                . = ALIGN (0x4)

.init_array     0x0000000008009b64        0x4
                0x0000000008009b64                . = ALIGN (0x4)
                0x0000000008009b64                PROVIDE (__init_array_start = .)
 *(SORT_BY_NAME(.init_array.*))
 *(.init_array*)
 .init_array    0x0000000008009b64        0x4 d:/st/stm32cubeide_1.3.0/stm32cubeide/plugins/com.st.stm32cube.ide.mcu.externaltools.gnu-tools-for-stm32.7-2018-q2-update.win32_1.0.0.201904181610/tools/bin/../lib/gcc/arm-none-eabi/7.3.1/thumb/v7-m/crtbegin.o
                0x0000000008009b68                PROVIDE (__init_array_end = .)
                0x0000000008009b68                . = ALIGN (0x4)

.fini_array     0x0000000008009b68        0x4
                0x0000000008009b68                . = ALIGN (0x4)
                [!provide]                        PROVIDE (__fini_array_start = .)
 *(SORT_BY_NAME(.fini_array.*))
 *(.fini_array*)
 .fini_array    0x0000000008009b68        0x4 d:/st/stm32cubeide_1.3.0/stm32cubeide/plugins/com.st.stm32cube.ide.mcu.externaltools.gnu-tools-for-stm32.7-2018-q2-update.win32_1.0.0.201904181610/tools/bin/../lib/gcc/arm-none-eabi/7.3.1/thumb/v7-m/crtbegin.o
                [!provide]                        PROVIDE (__fini_array_end = .)
                0x0000000008009b6c                . = ALIGN (0x4)
                0x0000000008009b6c                _sidata = LOADADDR (.data)

.data           0x0000000020000000       0x10 load address 0x0000000008009b6c
                0x0000000020000000                . = ALIGN (0x4)
                0x0000000020000000                _sdata = .
 *(.data)
 *(.data*)
 .data.SystemCoreClock
                0x0000000020000000        0x4 Core/Src/system_stm32l1xx.o
                0x0000000020000000                SystemCoreClock
 .data.uwTickPrio
                0x0000000020000004        0x4 Drivers/STM32L1xx_HAL_Driver/Src/stm32l1xx_hal.o
                0x0000000020000004                uwTickPrio
 .data.uwTickFreq
                0x0000000020000008        0x4 Drivers/STM32L1xx_HAL_Driver/Src/stm32l1xx_hal.o
                0x0000000020000008                uwTickFreq
 .data.uxCriticalNesting
                0x000000002000000c        0x4 Middlewares/Third_Party/FreeRTOS/Source/portable/GCC/ARM_CM3/port.o
                0x0000000020000010                . = ALIGN (0x4)
                0x0000000020000010                _edata = .

.igot.plt       0x0000000020000010        0x0 load address 0x0000000008009b7c
 .igot.plt      0x0000000020000010        0x0 d:/st/stm32cubeide_1.3.0/stm32cubeide/plugins/com.st.stm32cube.ide.mcu.externaltools.gnu-tools-for-stm32.7-2018-q2-update.win32_1.0.0.201904181610/tools/bin/../lib/gcc/arm-none-eabi/7.3.1/thumb/v7-m/crtbegin.o
                0x0000000020000010                . = ALIGN (0x4)

.bss            0x0000000020000010     0x3778 load address 0x0000000008009b7c
                0x0000000020000010                _sbss = .
                0x0000000020000010                __bss_start__ = _sbss
 *(.bss)
 .bss           0x0000000020000010       0x1c d:/st/stm32cubeide_1.3.0/stm32cubeide/plugins/com.st.stm32cube.ide.mcu.externaltools.gnu-tools-for-stm32.7-2018-q2-update.win32_1.0.0.201904181610/tools/bin/../lib/gcc/arm-none-eabi/7.3.1/thumb/v7-m/crtbegin.o
 *(.bss*)
 .bss.ultrasound_time
                0x000000002000002c        0x4 Core/Application/runtime/tasks/task_sensors.o
 .bss.ultrasound_was
                0x0000000020000030        0x1 Core/Application/runtime/tasks/task_sensors.o
                0x0000000020000030                ultrasound_was
 *fill*         0x0000000020000031        0x3 
 .bss.KernelState
                0x0000000020000034        0x4 Middlewares/Third_Party/FreeRTOS/Source/CMSIS_RTOS_V2/cmsis_os2.o
 .bss.Idle_TCB  0x0000000020000038       0x5c Middlewares/Third_Party/FreeRTOS/Source/CMSIS_RTOS_V2/cmsis_os2.o
 .bss.Idle_Stack
                0x0000000020000094      0x200 Middlewares/Third_Party/FreeRTOS/Source/CMSIS_RTOS_V2/cmsis_os2.o
 .bss.Timer_TCB
                0x0000000020000294       0x5c Middlewares/Third_Party/FreeRTOS/Source/CMSIS_RTOS_V2/cmsis_os2.o
 .bss.Timer_Stack
                0x00000000200002f0      0x400 Middlewares/Third_Party/FreeRTOS/Source/CMSIS_RTOS_V2/cmsis_os2.o
 .bss.pxCurrentTCB
                0x00000000200006f0        0x4 Middlewares/Third_Party/FreeRTOS/Source/tasks.o
                0x00000000200006f0                pxCurrentTCB
 .bss.pxReadyTasksLists
                0x00000000200006f4      0x460 Middlewares/Third_Party/FreeRTOS/Source/tasks.o
 .bss.xDelayedTaskList1
                0x0000000020000b54       0x14 Middlewares/Third_Party/FreeRTOS/Source/tasks.o
 .bss.xDelayedTaskList2
                0x0000000020000b68       0x14 Middlewares/Third_Party/FreeRTOS/Source/tasks.o
 .bss.pxDelayedTaskList
                0x0000000020000b7c        0x4 Middlewares/Third_Party/FreeRTOS/Source/tasks.o
 .bss.pxOverflowDelayedTaskList
                0x0000000020000b80        0x4 Middlewares/Third_Party/FreeRTOS/Source/tasks.o
 .bss.xPendingReadyList
                0x0000000020000b84       0x14 Middlewares/Third_Party/FreeRTOS/Source/tasks.o
 .bss.xTasksWaitingTermination
                0x0000000020000b98       0x14 Middlewares/Third_Party/FreeRTOS/Source/tasks.o
 .bss.uxDeletedTasksWaitingCleanUp
                0x0000000020000bac        0x4 Middlewares/Third_Party/FreeRTOS/Source/tasks.o
 .bss.xSuspendedTaskList
                0x0000000020000bb0       0x14 Middlewares/Third_Party/FreeRTOS/Source/tasks.o
 .bss.uxCurrentNumberOfTasks
                0x0000000020000bc4        0x4 Middlewares/Third_Party/FreeRTOS/Source/tasks.o
 .bss.xTickCount
                0x0000000020000bc8        0x4 Middlewares/Third_Party/FreeRTOS/Source/tasks.o
 .bss.uxTopReadyPriority
                0x0000000020000bcc        0x4 Middlewares/Third_Party/FreeRTOS/Source/tasks.o
 .bss.xSchedulerRunning
                0x0000000020000bd0        0x4 Middlewares/Third_Party/FreeRTOS/Source/tasks.o
 .bss.uxPendedTicks
                0x0000000020000bd4        0x4 Middlewares/Third_Party/FreeRTOS/Source/tasks.o
 .bss.xYieldPending
                0x0000000020000bd8        0x4 Middlewares/Third_Party/FreeRTOS/Source/tasks.o
 .bss.xNumOfOverflows
                0x0000000020000bdc        0x4 Middlewares/Third_Party/FreeRTOS/Source/tasks.o
 .bss.uxTaskNumber
                0x0000000020000be0        0x4 Middlewares/Third_Party/FreeRTOS/Source/tasks.o
 .bss.xNextTaskUnblockTime
                0x0000000020000be4        0x4 Middlewares/Third_Party/FreeRTOS/Source/tasks.o
 .bss.xIdleTaskHandle
                0x0000000020000be8        0x4 Middlewares/Third_Party/FreeRTOS/Source/tasks.o
 .bss.uxSchedulerSuspended
                0x0000000020000bec        0x4 Middlewares/Third_Party/FreeRTOS/Source/tasks.o
 .bss.xActiveTimerList1
                0x0000000020000bf0       0x14 Middlewares/Third_Party/FreeRTOS/Source/timers.o
 .bss.xActiveTimerList2
                0x0000000020000c04       0x14 Middlewares/Third_Party/FreeRTOS/Source/timers.o
 .bss.pxCurrentTimerList
                0x0000000020000c18        0x4 Middlewares/Third_Party/FreeRTOS/Source/timers.o
 .bss.pxOverflowTimerList
                0x0000000020000c1c        0x4 Middlewares/Third_Party/FreeRTOS/Source/timers.o
 .bss.xTimerQueue
                0x0000000020000c20        0x4 Middlewares/Third_Party/FreeRTOS/Source/timers.o
 .bss.xTimerTaskHandle
                0x0000000020000c24        0x4 Middlewares/Third_Party/FreeRTOS/Source/timers.o
 .bss.xLastTime.5455
                0x0000000020000c28        0x4 Middlewares/Third_Party/FreeRTOS/Source/timers.o
 .bss.ucStaticTimerQueueStorage.5506
                0x0000000020000c2c       0xa0 Middlewares/Third_Party/FreeRTOS/Source/timers.o
 .bss.xStaticTimerQueue.5505
                0x0000000020000ccc       0x50 Middlewares/Third_Party/FreeRTOS/Source/timers.o
 .bss.ucMaxSysCallPriority
                0x0000000020000d1c        0x1 Middlewares/Third_Party/FreeRTOS/Source/portable/GCC/ARM_CM3/port.o
 *fill*         0x0000000020000d1d        0x3 
 .bss.ulMaxPRIGROUPValue
                0x0000000020000d20        0x4 Middlewares/Third_Party/FreeRTOS/Source/portable/GCC/ARM_CM3/port.o
 .bss.ucHeap    0x0000000020000d24     0x2800 Middlewares/Third_Party/FreeRTOS/Source/portable/MemMang/heap_4.o
 .bss.xStart    0x0000000020003524        0x8 Middlewares/Third_Party/FreeRTOS/Source/portable/MemMang/heap_4.o
 .bss.pxEnd     0x000000002000352c        0x4 Middlewares/Third_Party/FreeRTOS/Source/portable/MemMang/heap_4.o
 .bss.xFreeBytesRemaining
                0x0000000020003530        0x4 Middlewares/Third_Party/FreeRTOS/Source/portable/MemMang/heap_4.o
 .bss.xMinimumEverFreeBytesRemaining
                0x0000000020003534        0x4 Middlewares/Third_Party/FreeRTOS/Source/portable/MemMang/heap_4.o
 .bss.xBlockAllocatedBit
                0x0000000020003538        0x4 Middlewares/Third_Party/FreeRTOS/Source/portable/MemMang/heap_4.o
 *(COMMON)
 COMMON         0x000000002000353c       0x2c Core/Application/runtime/runtime.o
                0x000000002000353c                rt_tasks
                0x0000000020003550                rt_timers
                0x0000000020003554                rt_evgroups
                0x0000000020003560                rt_queues
 COMMON         0x0000000020003568       0x54 Core/Src/adc.o
                0x0000000020003568                hadc
 COMMON         0x00000000200035bc        0x4 Core/Src/freertos.o
                0x00000000200035bc                defaultTaskHandle
 COMMON         0x00000000200035c0       0x54 Core/Src/i2c.o
                0x00000000200035c0                hi2c1
 COMMON         0x0000000020003614       0x3c Core/Src/stm32l1xx_hal_timebase_tim.o
                0x0000000020003614                htim5
 COMMON         0x0000000020003650       0xb4 Core/Src/tim.o
                0x0000000020003650                htim3
                0x000000002000368c                htim9
                0x00000000200036c8                htim2
 COMMON         0x0000000020003704       0x40 Core/Src/usart.o
                0x0000000020003704                huart3
 COMMON         0x0000000020003744        0x4 Drivers/STM32L1xx_HAL_Driver/Src/stm32l1xx_hal.o
                0x0000000020003744                uwTick
 COMMON         0x0000000020003748       0x40 Middlewares/Third_Party/FreeRTOS/Source/queue.o
                0x0000000020003748                xQueueRegistry
                0x0000000020003788                . = ALIGN (0x4)
                0x0000000020003788                _ebss = .
                0x0000000020003788                __bss_end__ = _ebss

._user_heap_stack
                0x0000000020003788      0x600 load address 0x0000000008009b7c
                0x0000000020003788                . = ALIGN (0x8)
                0x0000000020003788                PROVIDE (end = .)
                [!provide]                        PROVIDE (_end = .)
                0x0000000020003988                . = (. + _Min_Heap_Size)
 *fill*         0x0000000020003788      0x200 
                0x0000000020003d88                . = (. + _Min_Stack_Size)
 *fill*         0x0000000020003988      0x400 
                0x0000000020003d88                . = ALIGN (0x8)

/DISCARD/
 libc.a(*)
 libm.a(*)
 libgcc.a(*)

.ARM.attributes
                0x0000000000000000       0x29
 *(.ARM.attributes)
 .ARM.attributes
                0x0000000000000000       0x1d d:/st/stm32cubeide_1.3.0/stm32cubeide/plugins/com.st.stm32cube.ide.mcu.externaltools.gnu-tools-for-stm32.7-2018-q2-update.win32_1.0.0.201904181610/tools/bin/../lib/gcc/arm-none-eabi/7.3.1/thumb/v7-m/crti.o
 .ARM.attributes
                0x000000000000001d       0x2d d:/st/stm32cubeide_1.3.0/stm32cubeide/plugins/com.st.stm32cube.ide.mcu.externaltools.gnu-tools-for-stm32.7-2018-q2-update.win32_1.0.0.201904181610/tools/bin/../lib/gcc/arm-none-eabi/7.3.1/thumb/v7-m/crtbegin.o
 .ARM.attributes
                0x000000000000004a       0x33 Core/Application/modules/H_bridge/h_bridge.o
 .ARM.attributes
                0x000000000000007d       0x33 Core/Application/modules/bluetooth_low_energy/bluetooth_le.o
 .ARM.attributes
                0x00000000000000b0       0x33 Core/Application/modules/magnetometer/magnetometer.o
 .ARM.attributes
                0x00000000000000e3       0x33 Core/Application/runtime/device_init/device_init.o
 .ARM.attributes
                0x0000000000000116       0x33 Core/Application/runtime/runtime.o
 .ARM.attributes
                0x0000000000000149       0x33 Core/Application/runtime/runtime_conf.o
 .ARM.attributes
                0x000000000000017c       0x33 Core/Application/runtime/tasks/task_ble.o
 .ARM.attributes
                0x00000000000001af       0x33 Core/Application/runtime/tasks/task_eyes.o
 .ARM.attributes
                0x00000000000001e2       0x33 Core/Application/runtime/tasks/task_memory.o
 .ARM.attributes
                0x0000000000000215       0x33 Core/Application/runtime/tasks/task_sensors.o
 .ARM.attributes
                0x0000000000000248       0x33 Core/Application/runtime/tasks/task_state_machine.o
 .ARM.attributes
                0x000000000000027b       0x33 Core/Src/adc.o
 .ARM.attributes
                0x00000000000002ae       0x33 Core/Src/freertos.o
 .ARM.attributes
                0x00000000000002e1       0x33 Core/Src/gpio.o
 .ARM.attributes
                0x0000000000000314       0x33 Core/Src/i2c.o
 .ARM.attributes
                0x0000000000000347       0x33 Core/Src/main.o
 .ARM.attributes
                0x000000000000037a       0x33 Core/Src/stm32l1xx_hal_msp.o
 .ARM.attributes
                0x00000000000003ad       0x33 Core/Src/stm32l1xx_hal_timebase_tim.o
 .ARM.attributes
                0x00000000000003e0       0x33 Core/Src/stm32l1xx_it.o
 .ARM.attributes
                0x0000000000000413       0x33 Core/Src/system_stm32l1xx.o
 .ARM.attributes
                0x0000000000000446       0x33 Core/Src/tim.o
 .ARM.attributes
                0x0000000000000479       0x33 Core/Src/usart.o
 .ARM.attributes
                0x00000000000004ac       0x21 Core/Startup/startup_stm32l162rdtx.o
 .ARM.attributes
                0x00000000000004cd       0x33 Drivers/STM32L1xx_HAL_Driver/Src/stm32l1xx_hal.o
 .ARM.attributes
                0x0000000000000500       0x33 Drivers/STM32L1xx_HAL_Driver/Src/stm32l1xx_hal_adc.o
 .ARM.attributes
                0x0000000000000533       0x33 Drivers/STM32L1xx_HAL_Driver/Src/stm32l1xx_hal_cortex.o
 .ARM.attributes
                0x0000000000000566       0x33 Drivers/STM32L1xx_HAL_Driver/Src/stm32l1xx_hal_gpio.o
 .ARM.attributes
                0x0000000000000599       0x33 Drivers/STM32L1xx_HAL_Driver/Src/stm32l1xx_hal_i2c.o
 .ARM.attributes
                0x00000000000005cc       0x33 Drivers/STM32L1xx_HAL_Driver/Src/stm32l1xx_hal_rcc.o
 .ARM.attributes
                0x00000000000005ff       0x33 Drivers/STM32L1xx_HAL_Driver/Src/stm32l1xx_hal_tim.o
 .ARM.attributes
                0x0000000000000632       0x33 Drivers/STM32L1xx_HAL_Driver/Src/stm32l1xx_hal_tim_ex.o
 .ARM.attributes
                0x0000000000000665       0x33 Drivers/STM32L1xx_HAL_Driver/Src/stm32l1xx_hal_uart.o
 .ARM.attributes
                0x0000000000000698       0x33 Middlewares/Third_Party/FreeRTOS/Source/CMSIS_RTOS_V2/cmsis_os2.o
 .ARM.attributes
                0x00000000000006cb       0x33 Middlewares/Third_Party/FreeRTOS/Source/event_groups.o
 .ARM.attributes
                0x00000000000006fe       0x33 Middlewares/Third_Party/FreeRTOS/Source/list.o
 .ARM.attributes
                0x0000000000000731       0x33 Middlewares/Third_Party/FreeRTOS/Source/queue.o
 .ARM.attributes
                0x0000000000000764       0x33 Middlewares/Third_Party/FreeRTOS/Source/tasks.o
 .ARM.attributes
                0x0000000000000797       0x33 Middlewares/Third_Party/FreeRTOS/Source/timers.o
 .ARM.attributes
                0x00000000000007ca       0x33 Middlewares/Third_Party/FreeRTOS/Source/portable/GCC/ARM_CM3/port.o
 .ARM.attributes
                0x00000000000007fd       0x33 Middlewares/Third_Party/FreeRTOS/Source/portable/MemMang/heap_4.o
 .ARM.attributes
                0x0000000000000830       0x2d d:/st/stm32cubeide_1.3.0/stm32cubeide/plugins/com.st.stm32cube.ide.mcu.externaltools.gnu-tools-for-stm32.7-2018-q2-update.win32_1.0.0.201904181610/tools/bin/../lib/gcc/arm-none-eabi/7.3.1/../../../../arm-none-eabi/lib/thumb/v7-m\libc_nano.a(lib_a-init.o)
 .ARM.attributes
                0x000000000000085d       0x2d d:/st/stm32cubeide_1.3.0/stm32cubeide/plugins/com.st.stm32cube.ide.mcu.externaltools.gnu-tools-for-stm32.7-2018-q2-update.win32_1.0.0.201904181610/tools/bin/../lib/gcc/arm-none-eabi/7.3.1/../../../../arm-none-eabi/lib/thumb/v7-m\libc_nano.a(lib_a-memcpy-stub.o)
 .ARM.attributes
                0x000000000000088a       0x2d d:/st/stm32cubeide_1.3.0/stm32cubeide/plugins/com.st.stm32cube.ide.mcu.externaltools.gnu-tools-for-stm32.7-2018-q2-update.win32_1.0.0.201904181610/tools/bin/../lib/gcc/arm-none-eabi/7.3.1/../../../../arm-none-eabi/lib/thumb/v7-m\libc_nano.a(lib_a-memset.o)
 .ARM.attributes
                0x00000000000008b7       0x1d d:/st/stm32cubeide_1.3.0/stm32cubeide/plugins/com.st.stm32cube.ide.mcu.externaltools.gnu-tools-for-stm32.7-2018-q2-update.win32_1.0.0.201904181610/tools/bin/../lib/gcc/arm-none-eabi/7.3.1/thumb/v7-m/crtn.o
OUTPUT(Automotive.elf elf32-littlearm)

.debug_info     0x0000000000000000    0x29829
 .debug_info    0x0000000000000000      0xfd1 Core/Application/modules/H_bridge/h_bridge.o
 .debug_info    0x0000000000000fd1     0x15a4 Core/Application/modules/bluetooth_low_energy/bluetooth_le.o
 .debug_info    0x0000000000002575     0x1458 Core/Application/modules/magnetometer/magnetometer.o
 .debug_info    0x00000000000039cd      0x186 Core/Application/runtime/device_init/device_init.o
 .debug_info    0x0000000000003b53      0x8ab Core/Application/runtime/runtime.o
 .debug_info    0x00000000000043fe     0x10d5 Core/Application/runtime/runtime_conf.o
 .debug_info    0x00000000000054d3     0x1174 Core/Application/runtime/tasks/task_ble.o
 .debug_info    0x0000000000006647       0x50 Core/Application/runtime/tasks/task_eyes.o
 .debug_info    0x0000000000006697       0x50 Core/Application/runtime/tasks/task_memory.o
 .debug_info    0x00000000000066e7     0x1322 Core/Application/runtime/tasks/task_sensors.o
 .debug_info    0x0000000000007a09     0x119e Core/Application/runtime/tasks/task_state_machine.o
 .debug_info    0x0000000000008ba7     0x115b Core/Src/adc.o
 .debug_info    0x0000000000009d02      0xf64 Core/Src/freertos.o
 .debug_info    0x000000000000ac66      0xdba Core/Src/gpio.o
 .debug_info    0x000000000000ba20     0x10d4 Core/Src/i2c.o
 .debug_info    0x000000000000caf4     0x17e5 Core/Src/main.o
 .debug_info    0x000000000000e2d9      0xc47 Core/Src/stm32l1xx_hal_msp.o
 .debug_info    0x000000000000ef20      0x966 Core/Src/stm32l1xx_hal_timebase_tim.o
 .debug_info    0x000000000000f886      0xea7 Core/Src/stm32l1xx_it.o
 .debug_info    0x000000000001072d      0x473 Core/Src/system_stm32l1xx.o
 .debug_info    0x0000000000010ba0     0x12cb Core/Src/tim.o
 .debug_info    0x0000000000011e6b     0x1041 Core/Src/usart.o
 .debug_info    0x0000000000012eac       0x22 Core/Startup/startup_stm32l162rdtx.o
 .debug_info    0x0000000000012ece      0x72e Drivers/STM32L1xx_HAL_Driver/Src/stm32l1xx_hal.o
 .debug_info    0x00000000000135fc      0xec8 Drivers/STM32L1xx_HAL_Driver/Src/stm32l1xx_hal_adc.o
 .debug_info    0x00000000000144c4      0xda6 Drivers/STM32L1xx_HAL_Driver/Src/stm32l1xx_hal_cortex.o
 .debug_info    0x000000000001526a      0x69d Drivers/STM32L1xx_HAL_Driver/Src/stm32l1xx_hal_gpio.o
 .debug_info    0x0000000000015907     0x2320 Drivers/STM32L1xx_HAL_Driver/Src/stm32l1xx_hal_i2c.o
 .debug_info    0x0000000000017c27      0x92c Drivers/STM32L1xx_HAL_Driver/Src/stm32l1xx_hal_rcc.o
 .debug_info    0x0000000000018553     0x23fc Drivers/STM32L1xx_HAL_Driver/Src/stm32l1xx_hal_tim.o
 .debug_info    0x000000000001a94f      0x6c3 Drivers/STM32L1xx_HAL_Driver/Src/stm32l1xx_hal_tim_ex.o
 .debug_info    0x000000000001b012     0x11e5 Drivers/STM32L1xx_HAL_Driver/Src/stm32l1xx_hal_uart.o
 .debug_info    0x000000000001c1f7     0x40bd Middlewares/Third_Party/FreeRTOS/Source/CMSIS_RTOS_V2/cmsis_os2.o
 .debug_info    0x00000000000202b4     0x1363 Middlewares/Third_Party/FreeRTOS/Source/event_groups.o
 .debug_info    0x0000000000021617      0xac5 Middlewares/Third_Party/FreeRTOS/Source/list.o
 .debug_info    0x00000000000220dc     0x22e8 Middlewares/Third_Party/FreeRTOS/Source/queue.o
 .debug_info    0x00000000000243c4     0x2961 Middlewares/Third_Party/FreeRTOS/Source/tasks.o
 .debug_info    0x0000000000026d25     0x1a33 Middlewares/Third_Party/FreeRTOS/Source/timers.o
 .debug_info    0x0000000000028758      0x4d2 Middlewares/Third_Party/FreeRTOS/Source/portable/GCC/ARM_CM3/port.o
 .debug_info    0x0000000000028c2a      0xbff Middlewares/Third_Party/FreeRTOS/Source/portable/MemMang/heap_4.o

.debug_abbrev   0x0000000000000000     0x5004
 .debug_abbrev  0x0000000000000000      0x1f4 Core/Application/modules/H_bridge/h_bridge.o
 .debug_abbrev  0x00000000000001f4      0x293 Core/Application/modules/bluetooth_low_energy/bluetooth_le.o
 .debug_abbrev  0x0000000000000487      0x28f Core/Application/modules/magnetometer/magnetometer.o
 .debug_abbrev  0x0000000000000716       0xe7 Core/Application/runtime/device_init/device_init.o
 .debug_abbrev  0x00000000000007fd      0x16e Core/Application/runtime/runtime.o
 .debug_abbrev  0x000000000000096b      0x1a6 Core/Application/runtime/runtime_conf.o
 .debug_abbrev  0x0000000000000b11      0x1ed Core/Application/runtime/tasks/task_ble.o
 .debug_abbrev  0x0000000000000cfe       0x47 Core/Application/runtime/tasks/task_eyes.o
 .debug_abbrev  0x0000000000000d45       0x47 Core/Application/runtime/tasks/task_memory.o
 .debug_abbrev  0x0000000000000d8c      0x216 Core/Application/runtime/tasks/task_sensors.o
 .debug_abbrev  0x0000000000000fa2      0x1dc Core/Application/runtime/tasks/task_state_machine.o
 .debug_abbrev  0x000000000000117e      0x1fb Core/Src/adc.o
 .debug_abbrev  0x0000000000001379      0x226 Core/Src/freertos.o
 .debug_abbrev  0x000000000000159f      0x1ce Core/Src/gpio.o
 .debug_abbrev  0x000000000000176d      0x1fb Core/Src/i2c.o
 .debug_abbrev  0x0000000000001968      0x21c Core/Src/main.o
 .debug_abbrev  0x0000000000001b84      0x1ce Core/Src/stm32l1xx_hal_msp.o
 .debug_abbrev  0x0000000000001d52      0x18c Core/Src/stm32l1xx_hal_timebase_tim.o
 .debug_abbrev  0x0000000000001ede      0x1ba Core/Src/stm32l1xx_it.o
 .debug_abbrev  0x0000000000002098      0x111 Core/Src/system_stm32l1xx.o
 .debug_abbrev  0x00000000000021a9      0x23e Core/Src/tim.o
 .debug_abbrev  0x00000000000023e7      0x1fb Core/Src/usart.o
 .debug_abbrev  0x00000000000025e2       0x12 Core/Startup/startup_stm32l162rdtx.o
 .debug_abbrev  0x00000000000025f4      0x1f0 Drivers/STM32L1xx_HAL_Driver/Src/stm32l1xx_hal.o
 .debug_abbrev  0x00000000000027e4      0x244 Drivers/STM32L1xx_HAL_Driver/Src/stm32l1xx_hal_adc.o
 .debug_abbrev  0x0000000000002a28      0x2fa Drivers/STM32L1xx_HAL_Driver/Src/stm32l1xx_hal_cortex.o
 .debug_abbrev  0x0000000000002d22      0x1c9 Drivers/STM32L1xx_HAL_Driver/Src/stm32l1xx_hal_gpio.o
 .debug_abbrev  0x0000000000002eeb      0x254 Drivers/STM32L1xx_HAL_Driver/Src/stm32l1xx_hal_i2c.o
 .debug_abbrev  0x000000000000313f      0x23a Drivers/STM32L1xx_HAL_Driver/Src/stm32l1xx_hal_rcc.o
 .debug_abbrev  0x0000000000003379      0x21f Drivers/STM32L1xx_HAL_Driver/Src/stm32l1xx_hal_tim.o
 .debug_abbrev  0x0000000000003598      0x153 Drivers/STM32L1xx_HAL_Driver/Src/stm32l1xx_hal_tim_ex.o
 .debug_abbrev  0x00000000000036eb      0x242 Drivers/STM32L1xx_HAL_Driver/Src/stm32l1xx_hal_uart.o
 .debug_abbrev  0x000000000000392d      0x3b8 Middlewares/Third_Party/FreeRTOS/Source/CMSIS_RTOS_V2/cmsis_os2.o
 .debug_abbrev  0x0000000000003ce5      0x2f4 Middlewares/Third_Party/FreeRTOS/Source/event_groups.o
 .debug_abbrev  0x0000000000003fd9      0x1cf Middlewares/Third_Party/FreeRTOS/Source/list.o
 .debug_abbrev  0x00000000000041a8      0x354 Middlewares/Third_Party/FreeRTOS/Source/queue.o
 .debug_abbrev  0x00000000000044fc      0x361 Middlewares/Third_Party/FreeRTOS/Source/tasks.o
 .debug_abbrev  0x000000000000485d      0x2e8 Middlewares/Third_Party/FreeRTOS/Source/timers.o
 .debug_abbrev  0x0000000000004b45      0x205 Middlewares/Third_Party/FreeRTOS/Source/portable/GCC/ARM_CM3/port.o
 .debug_abbrev  0x0000000000004d4a      0x2ba Middlewares/Third_Party/FreeRTOS/Source/portable/MemMang/heap_4.o

.debug_aranges  0x0000000000000000     0x19c0
 .debug_aranges
                0x0000000000000000       0x60 Core/Application/modules/H_bridge/h_bridge.o
 .debug_aranges
                0x0000000000000060       0xb8 Core/Application/modules/bluetooth_low_energy/bluetooth_le.o
 .debug_aranges
                0x0000000000000118       0xb8 Core/Application/modules/magnetometer/magnetometer.o
 .debug_aranges
                0x00000000000001d0       0x20 Core/Application/runtime/device_init/device_init.o
 .debug_aranges
                0x00000000000001f0       0x68 Core/Application/runtime/runtime.o
 .debug_aranges
                0x0000000000000258       0x18 Core/Application/runtime/runtime_conf.o
 .debug_aranges
                0x0000000000000270       0x28 Core/Application/runtime/tasks/task_ble.o
 .debug_aranges
                0x0000000000000298       0x20 Core/Application/runtime/tasks/task_eyes.o
 .debug_aranges
                0x00000000000002b8       0x20 Core/Application/runtime/tasks/task_memory.o
 .debug_aranges
                0x00000000000002d8       0x28 Core/Application/runtime/tasks/task_sensors.o
 .debug_aranges
                0x0000000000000300       0x20 Core/Application/runtime/tasks/task_state_machine.o
 .debug_aranges
                0x0000000000000320       0x30 Core/Src/adc.o
 .debug_aranges
                0x0000000000000350       0x50 Core/Src/freertos.o
 .debug_aranges
                0x00000000000003a0       0x20 Core/Src/gpio.o
 .debug_aranges
                0x00000000000003c0       0x30 Core/Src/i2c.o
 .debug_aranges
                0x00000000000003f0       0x40 Core/Src/main.o
 .debug_aranges
                0x0000000000000430       0x20 Core/Src/stm32l1xx_hal_msp.o
 .debug_aranges
                0x0000000000000450       0x30 Core/Src/stm32l1xx_hal_timebase_tim.o
 .debug_aranges
                0x0000000000000480       0x60 Core/Src/stm32l1xx_it.o
 .debug_aranges
                0x00000000000004e0       0x28 Core/Src/system_stm32l1xx.o
 .debug_aranges
                0x0000000000000508       0x48 Core/Src/tim.o
 .debug_aranges
                0x0000000000000550       0x30 Core/Src/usart.o
 .debug_aranges
                0x0000000000000580       0x28 Core/Startup/startup_stm32l162rdtx.o
 .debug_aranges
                0x00000000000005a8       0xe0 Drivers/STM32L1xx_HAL_Driver/Src/stm32l1xx_hal.o
 .debug_aranges
                0x0000000000000688       0xf0 Drivers/STM32L1xx_HAL_Driver/Src/stm32l1xx_hal_adc.o
 .debug_aranges
                0x0000000000000778      0x118 Drivers/STM32L1xx_HAL_Driver/Src/stm32l1xx_hal_cortex.o
 .debug_aranges
                0x0000000000000890       0x58 Drivers/STM32L1xx_HAL_Driver/Src/stm32l1xx_hal_gpio.o
 .debug_aranges
                0x00000000000008e8      0x290 Drivers/STM32L1xx_HAL_Driver/Src/stm32l1xx_hal_i2c.o
 .debug_aranges
                0x0000000000000b78       0x90 Drivers/STM32L1xx_HAL_Driver/Src/stm32l1xx_hal_rcc.o
 .debug_aranges
                0x0000000000000c08      0x3a8 Drivers/STM32L1xx_HAL_Driver/Src/stm32l1xx_hal_tim.o
 .debug_aranges
                0x0000000000000fb0       0x28 Drivers/STM32L1xx_HAL_Driver/Src/stm32l1xx_hal_tim_ex.o
 .debug_aranges
                0x0000000000000fd8      0x1d0 Drivers/STM32L1xx_HAL_Driver/Src/stm32l1xx_hal_uart.o
 .debug_aranges
                0x00000000000011a8      0x250 Middlewares/Third_Party/FreeRTOS/Source/CMSIS_RTOS_V2/cmsis_os2.o
 .debug_aranges
                0x00000000000013f8       0x90 Middlewares/Third_Party/FreeRTOS/Source/event_groups.o
 .debug_aranges
                0x0000000000001488       0x40 Middlewares/Third_Party/FreeRTOS/Source/list.o
 .debug_aranges
                0x00000000000014c8      0x158 Middlewares/Third_Party/FreeRTOS/Source/queue.o
 .debug_aranges
                0x0000000000001620      0x1f8 Middlewares/Third_Party/FreeRTOS/Source/tasks.o
 .debug_aranges
                0x0000000000001818       0xe0 Middlewares/Third_Party/FreeRTOS/Source/timers.o
 .debug_aranges
                0x00000000000018f8       0x78 Middlewares/Third_Party/FreeRTOS/Source/portable/GCC/ARM_CM3/port.o
 .debug_aranges
                0x0000000000001970       0x50 Middlewares/Third_Party/FreeRTOS/Source/portable/MemMang/heap_4.o

.debug_ranges   0x0000000000000000     0x1760
 .debug_ranges  0x0000000000000000       0x50 Core/Application/modules/H_bridge/h_bridge.o
 .debug_ranges  0x0000000000000050       0xa8 Core/Application/modules/bluetooth_low_energy/bluetooth_le.o
 .debug_ranges  0x00000000000000f8       0xa8 Core/Application/modules/magnetometer/magnetometer.o
 .debug_ranges  0x00000000000001a0       0x10 Core/Application/runtime/device_init/device_init.o
 .debug_ranges  0x00000000000001b0       0x58 Core/Application/runtime/runtime.o
 .debug_ranges  0x0000000000000208       0x18 Core/Application/runtime/tasks/task_ble.o
 .debug_ranges  0x0000000000000220       0x10 Core/Application/runtime/tasks/task_eyes.o
 .debug_ranges  0x0000000000000230       0x10 Core/Application/runtime/tasks/task_memory.o
 .debug_ranges  0x0000000000000240       0x18 Core/Application/runtime/tasks/task_sensors.o
 .debug_ranges  0x0000000000000258       0x10 Core/Application/runtime/tasks/task_state_machine.o
 .debug_ranges  0x0000000000000268       0x20 Core/Src/adc.o
 .debug_ranges  0x0000000000000288       0x40 Core/Src/freertos.o
 .debug_ranges  0x00000000000002c8       0x10 Core/Src/gpio.o
 .debug_ranges  0x00000000000002d8       0x20 Core/Src/i2c.o
 .debug_ranges  0x00000000000002f8       0x30 Core/Src/main.o
 .debug_ranges  0x0000000000000328       0x10 Core/Src/stm32l1xx_hal_msp.o
 .debug_ranges  0x0000000000000338       0x20 Core/Src/stm32l1xx_hal_timebase_tim.o
 .debug_ranges  0x0000000000000358       0x50 Core/Src/stm32l1xx_it.o
 .debug_ranges  0x00000000000003a8       0x18 Core/Src/system_stm32l1xx.o
 .debug_ranges  0x00000000000003c0       0x38 Core/Src/tim.o
 .debug_ranges  0x00000000000003f8       0x20 Core/Src/usart.o
 .debug_ranges  0x0000000000000418       0x20 Core/Startup/startup_stm32l162rdtx.o
 .debug_ranges  0x0000000000000438       0xd0 Drivers/STM32L1xx_HAL_Driver/Src/stm32l1xx_hal.o
 .debug_ranges  0x0000000000000508       0xe0 Drivers/STM32L1xx_HAL_Driver/Src/stm32l1xx_hal_adc.o
 .debug_ranges  0x00000000000005e8      0x108 Drivers/STM32L1xx_HAL_Driver/Src/stm32l1xx_hal_cortex.o
 .debug_ranges  0x00000000000006f0       0x48 Drivers/STM32L1xx_HAL_Driver/Src/stm32l1xx_hal_gpio.o
 .debug_ranges  0x0000000000000738      0x2a0 Drivers/STM32L1xx_HAL_Driver/Src/stm32l1xx_hal_i2c.o
 .debug_ranges  0x00000000000009d8       0x80 Drivers/STM32L1xx_HAL_Driver/Src/stm32l1xx_hal_rcc.o
 .debug_ranges  0x0000000000000a58      0x398 Drivers/STM32L1xx_HAL_Driver/Src/stm32l1xx_hal_tim.o
 .debug_ranges  0x0000000000000df0       0x18 Drivers/STM32L1xx_HAL_Driver/Src/stm32l1xx_hal_tim_ex.o
 .debug_ranges  0x0000000000000e08      0x1c0 Drivers/STM32L1xx_HAL_Driver/Src/stm32l1xx_hal_uart.o
 .debug_ranges  0x0000000000000fc8      0x240 Middlewares/Third_Party/FreeRTOS/Source/CMSIS_RTOS_V2/cmsis_os2.o
 .debug_ranges  0x0000000000001208       0x80 Middlewares/Third_Party/FreeRTOS/Source/event_groups.o
 .debug_ranges  0x0000000000001288       0x30 Middlewares/Third_Party/FreeRTOS/Source/list.o
 .debug_ranges  0x00000000000012b8      0x148 Middlewares/Third_Party/FreeRTOS/Source/queue.o
 .debug_ranges  0x0000000000001400      0x1e8 Middlewares/Third_Party/FreeRTOS/Source/tasks.o
 .debug_ranges  0x00000000000015e8       0xd0 Middlewares/Third_Party/FreeRTOS/Source/timers.o
 .debug_ranges  0x00000000000016b8       0x68 Middlewares/Third_Party/FreeRTOS/Source/portable/GCC/ARM_CM3/port.o
 .debug_ranges  0x0000000000001720       0x40 Middlewares/Third_Party/FreeRTOS/Source/portable/MemMang/heap_4.o

.debug_macro    0x0000000000000000    0x1e4ec
 .debug_macro   0x0000000000000000      0x373 Core/Application/modules/H_bridge/h_bridge.o
 .debug_macro   0x0000000000000373      0xa5a Core/Application/modules/H_bridge/h_bridge.o
 .debug_macro   0x0000000000000dcd       0x22 Core/Application/modules/H_bridge/h_bridge.o
 .debug_macro   0x0000000000000def       0x22 Core/Application/modules/H_bridge/h_bridge.o
 .debug_macro   0x0000000000000e11       0x8e Core/Application/modules/H_bridge/h_bridge.o
 .debug_macro   0x0000000000000e9f       0x51 Core/Application/modules/H_bridge/h_bridge.o
 .debug_macro   0x0000000000000ef0       0xef Core/Application/modules/H_bridge/h_bridge.o
 .debug_macro   0x0000000000000fdf       0x6a Core/Application/modules/H_bridge/h_bridge.o
 .debug_macro   0x0000000000001049      0x1df Core/Application/modules/H_bridge/h_bridge.o
 .debug_macro   0x0000000000001228      0x11f Core/Application/modules/H_bridge/h_bridge.o
 .debug_macro   0x0000000000001347       0x2e Core/Application/modules/H_bridge/h_bridge.o
 .debug_macro   0x0000000000001375       0x22 Core/Application/modules/H_bridge/h_bridge.o
 .debug_macro   0x0000000000001397       0x1c Core/Application/modules/H_bridge/h_bridge.o
 .debug_macro   0x00000000000013b3       0x22 Core/Application/modules/H_bridge/h_bridge.o
 .debug_macro   0x00000000000013d5       0xc3 Core/Application/modules/H_bridge/h_bridge.o
 .debug_macro   0x0000000000001498      0xe49 Core/Application/modules/H_bridge/h_bridge.o
 .debug_macro   0x00000000000022e1      0x11f Core/Application/modules/H_bridge/h_bridge.o
 .debug_macro   0x0000000000002400     0xcf2c Core/Application/modules/H_bridge/h_bridge.o
 .debug_macro   0x000000000000f32c       0x43 Core/Application/modules/H_bridge/h_bridge.o
 .debug_macro   0x000000000000f36f     0x3468 Core/Application/modules/H_bridge/h_bridge.o
 .debug_macro   0x00000000000127d7      0x174 Core/Application/modules/H_bridge/h_bridge.o
 .debug_macro   0x000000000001294b       0x5b Core/Application/modules/H_bridge/h_bridge.o
 .debug_macro   0x00000000000129a6      0xe38 Core/Application/modules/H_bridge/h_bridge.o
 .debug_macro   0x00000000000137de      0x42d Core/Application/modules/H_bridge/h_bridge.o
 .debug_macro   0x0000000000013c0b      0x13b Core/Application/modules/H_bridge/h_bridge.o
 .debug_macro   0x0000000000013d46       0xd1 Core/Application/modules/H_bridge/h_bridge.o
 .debug_macro   0x0000000000013e17      0x21e Core/Application/modules/H_bridge/h_bridge.o
 .debug_macro   0x0000000000014035      0x236 Core/Application/modules/H_bridge/h_bridge.o
 .debug_macro   0x000000000001426b      0x68c Core/Application/modules/H_bridge/h_bridge.o
 .debug_macro   0x00000000000148f7      0x16c Core/Application/modules/H_bridge/h_bridge.o
 .debug_macro   0x0000000000014a63      0x10e Core/Application/modules/H_bridge/h_bridge.o
 .debug_macro   0x0000000000014b71      0x480 Core/Application/modules/H_bridge/h_bridge.o
 .debug_macro   0x0000000000014ff1      0x280 Core/Application/modules/H_bridge/h_bridge.o
 .debug_macro   0x0000000000015271      0x1e9 Core/Application/modules/H_bridge/h_bridge.o
 .debug_macro   0x000000000001545a       0x22 Core/Application/modules/H_bridge/h_bridge.o
 .debug_macro   0x000000000001547c      0x72d Core/Application/modules/H_bridge/h_bridge.o
 .debug_macro   0x0000000000015ba9       0xac Core/Application/modules/H_bridge/h_bridge.o
 .debug_macro   0x0000000000015c55      0x287 Core/Application/modules/H_bridge/h_bridge.o
 .debug_macro   0x0000000000015edc      0x49f Core/Application/modules/H_bridge/h_bridge.o
 .debug_macro   0x000000000001637b       0x18 Core/Application/modules/H_bridge/h_bridge.o
 .debug_macro   0x0000000000016393       0x46 Core/Application/modules/H_bridge/h_bridge.o
 .debug_macro   0x00000000000163d9       0x3c Core/Application/modules/H_bridge/h_bridge.o
 .debug_macro   0x0000000000016415       0x34 Core/Application/modules/H_bridge/h_bridge.o
 .debug_macro   0x0000000000016449       0x16 Core/Application/modules/H_bridge/h_bridge.o
 .debug_macro   0x000000000001645f       0x35 Core/Application/modules/H_bridge/h_bridge.o
 .debug_macro   0x0000000000016494       0x52 Core/Application/modules/H_bridge/h_bridge.o
 .debug_macro   0x00000000000164e6       0x1f Core/Application/modules/H_bridge/h_bridge.o
 .debug_macro   0x0000000000016505       0x43 Core/Application/modules/H_bridge/h_bridge.o
 .debug_macro   0x0000000000016548       0x20 Core/Application/modules/H_bridge/h_bridge.o
 .debug_macro   0x0000000000016568      0x1a3 Core/Application/modules/H_bridge/h_bridge.o
 .debug_macro   0x000000000001670b      0x32a Core/Application/modules/H_bridge/h_bridge.o
 .debug_macro   0x0000000000016a35       0x16 Core/Application/modules/H_bridge/h_bridge.o
 .debug_macro   0x0000000000016a4b       0x29 Core/Application/modules/H_bridge/h_bridge.o
 .debug_macro   0x0000000000016a74       0x1c Core/Application/modules/H_bridge/h_bridge.o
 .debug_macro   0x0000000000016a90       0x10 Core/Application/modules/H_bridge/h_bridge.o
 .debug_macro   0x0000000000016aa0       0x10 Core/Application/modules/H_bridge/h_bridge.o
 .debug_macro   0x0000000000016ab0       0x1c Core/Application/modules/H_bridge/h_bridge.o
 .debug_macro   0x0000000000016acc       0x52 Core/Application/modules/H_bridge/h_bridge.o
 .debug_macro   0x0000000000016b1e       0x40 Core/Application/modules/H_bridge/h_bridge.o
 .debug_macro   0x0000000000016b5e       0x10 Core/Application/modules/H_bridge/h_bridge.o