bluetooth_le.c:32:6:ble_send_command	16	static
bluetooth_le.c:42:6:ble_receive_command	8	static
bluetooth_le.c:63:6:ble_send_data	16	static
bluetooth_le.c:74:6:ble_receive_data	8	static
bluetooth_le.c:86:6:ble_send_queue	0	static
bluetooth_le.c:93:6:ble_init	0	static
bluetooth_le.c:107:6:ble_test_command	32	static
bluetooth_le.c:131:5:ble_get_MAC_Address	32	static
bluetooth_le.c:150:6:ble_set_MAC	48	static
bluetooth_le.c:174:6:ble_set_BOUD	48	static
bluetooth_le.c:198:5:ble_get_BOUD	32	static
bluetooth_le.c:217:6:ble_set_device_name	40	static
bluetooth_le.c:240:6:ble_get_device_name	40	static
bluetooth_le.c:261:6:ble_set_transmit_power	40	static
bluetooth_le.c:287:6:ble_reset_module	32	static
bluetooth_le.c:309:6:ble_restore_default_values	32	static
bluetooth_le.c:331:6:ble_broadcast_data	48	static
bluetooth_le.c:354:6:ble_set_broadcast_interval	48	static
bluetooth_le.c:377:6:ble_reset_interval	48	static
bluetooth_le.c:400:6:ble_low_power_sleep_mode	32	static
