stm32l1xx_hal_i2c.c:6365:26:I2C_RequestMemoryWrite	32	static
stm32l1xx_hal_i2c.c:6441:26:I2C_RequestMemoryRead	32	static
stm32l1xx_hal_i2c.c:588:13:HAL_I2C_MspInit	0	static
stm32l1xx_hal_i2c.c:431:19:HAL_I2C_Init	24	static
stm32l1xx_hal_i2c.c:604:13:HAL_I2C_MspDeInit	0	static
stm32l1xx_hal_i2c.c:542:19:HAL_I2C_DeInit	8	static
stm32l1xx_hal_i2c.c:1024:19:HAL_I2C_Master_Transmit	40	static
stm32l1xx_hal_i2c.c:1145:19:HAL_I2C_Master_Receive	56	static
stm32l1xx_hal_i2c.c:1389:19:HAL_I2C_Slave_Transmit	32	static
stm32l1xx_hal_i2c.c:1519:19:HAL_I2C_Slave_Receive	32	static
stm32l1xx_hal_i2c.c:1640:19:HAL_I2C_Master_Transmit_IT	32	static
stm32l1xx_hal_i2c.c:1720:19:HAL_I2C_Master_Receive_IT	32	static
stm32l1xx_hal_i2c.c:1802:19:HAL_I2C_Slave_Transmit_IT	16	static
stm32l1xx_hal_i2c.c:1864:19:HAL_I2C_Slave_Receive_IT	16	static
stm32l1xx_hal_i2c.c:1928:19:HAL_I2C_Master_Transmit_DMA	32	static
stm32l1xx_hal_i2c.c:2067:19:HAL_I2C_Master_Receive_DMA	32	static
stm32l1xx_hal_i2c.c:2204:19:HAL_I2C_Slave_Transmit_DMA	24	static
stm32l1xx_hal_i2c.c:2299:19:HAL_I2C_Slave_Receive_DMA	24	static
stm32l1xx_hal_i2c.c:2399:19:HAL_I2C_Mem_Write	48	static
stm32l1xx_hal_i2c.c:2522:19:HAL_I2C_Mem_Read	64	static
stm32l1xx_hal_i2c.c:2769:19:HAL_I2C_Mem_Write_IT	32	static
stm32l1xx_hal_i2c.c:2857:19:HAL_I2C_Mem_Read_IT	32	static
stm32l1xx_hal_i2c.c:2951:19:HAL_I2C_Mem_Write_DMA	48	static
stm32l1xx_hal_i2c.c:3095:19:HAL_I2C_Mem_Read_DMA	56	static
stm32l1xx_hal_i2c.c:3253:19:HAL_I2C_IsDeviceReady	48	static
stm32l1xx_hal_i2c.c:3385:19:HAL_I2C_Master_Seq_Transmit_IT	40	static
stm32l1xx_hal_i2c.c:3483:19:HAL_I2C_Master_Seq_Transmit_DMA	40	static
stm32l1xx_hal_i2c.c:3649:19:HAL_I2C_Master_Seq_Receive_IT	40	static
stm32l1xx_hal_i2c.c:3765:19:HAL_I2C_Master_Seq_Receive_DMA	40	static
stm32l1xx_hal_i2c.c:3952:19:HAL_I2C_Slave_Seq_Transmit_IT	40	static
stm32l1xx_hal_i2c.c:4018:19:HAL_I2C_Slave_Seq_Transmit_DMA	40	static
stm32l1xx_hal_i2c.c:4175:19:HAL_I2C_Slave_Seq_Receive_IT	40	static
stm32l1xx_hal_i2c.c:4241:19:HAL_I2C_Slave_Seq_Receive_DMA	40	static
stm32l1xx_hal_i2c.c:4394:19:HAL_I2C_EnableListen_IT	0	static
stm32l1xx_hal_i2c.c:4427:19:HAL_I2C_DisableListen_IT	4	static
stm32l1xx_hal_i2c.c:4755:13:HAL_I2C_MasterTxCpltCallback	0	static
stm32l1xx_hal_i2c.c:4771:13:HAL_I2C_MasterRxCpltCallback	0	static
stm32l1xx_hal_i2c.c:4786:13:HAL_I2C_SlaveTxCpltCallback	0	static
stm32l1xx_hal_i2c.c:4802:13:HAL_I2C_SlaveRxCpltCallback	0	static
stm32l1xx_hal_i2c.c:4820:13:HAL_I2C_AddrCallback	0	static
stm32l1xx_hal_i2c.c:4838:13:HAL_I2C_ListenCpltCallback	0	static
stm32l1xx_hal_i2c.c:4854:13:HAL_I2C_MemTxCpltCallback	0	static
stm32l1xx_hal_i2c.c:4870:13:HAL_I2C_MemRxCpltCallback	0	static
stm32l1xx_hal_i2c.c:4886:13:HAL_I2C_ErrorCallback	0	static
stm32l1xx_hal_i2c.c:6674:13:I2C_DMAError	16	static
stm32l1xx_hal_i2c.c:6542:13:I2C_DMAXferCplt	24	static
stm32l1xx_hal_i2c.c:4902:13:HAL_I2C_AbortCpltCallback	0	static
stm32l1xx_hal_i2c.c:6703:13:I2C_DMAAbort	16	static
stm32l1xx_hal_i2c.c:4517:6:HAL_I2C_EV_IRQHandler	64	static
stm32l1xx_hal_i2c.c:4676:6:HAL_I2C_ER_IRQHandler	24	static
stm32l1xx_hal_i2c.c:4462:19:HAL_I2C_Master_Abort_IT	16	static
stm32l1xx_hal_i2c.c:4937:22:HAL_I2C_GetState	0	static
stm32l1xx_hal_i2c.c:4949:21:HAL_I2C_GetMode	0	static
stm32l1xx_hal_i2c.c:4960:10:HAL_I2C_GetError	0	static
