bluetooth_le.c:33:6:ble_send_command	16	static
bluetooth_le.c:44:6:ble_receive_command	16	static
bluetooth_le.c:65:6:ble_send_data	16	static
bluetooth_le.c:76:6:ble_receive_data	16	static
bluetooth_le.c:87:6:ble_send_queue	16	static
bluetooth_le.c:94:6:ble_init	4	static
bluetooth_le.c:108:6:ble_test_command	8	static
bluetooth_le.c:131:5:ble_get_MAC_Address	8	static
bluetooth_le.c:149:6:ble_set_MAC	24	static
bluetooth_le.c:171:6:ble_set_BOUD	24	static
bluetooth_le.c:193:5:ble_get_BOUD	8	static
bluetooth_le.c:211:6:ble_set_device_name	24	static
bluetooth_le.c:232:6:ble_get_device_name	16	static
bluetooth_le.c:252:6:ble_set_transmit_power	32	static
bluetooth_le.c:277:6:ble_reset_module	8	static
bluetooth_le.c:298:6:ble_restore_default_values	8	static
bluetooth_le.c:319:6:ble_broadcast_data	24	static
bluetooth_le.c:341:6:ble_set_broadcast_interval	24	static
bluetooth_le.c:363:6:ble_reset_interval	24	static
bluetooth_le.c:385:6:ble_low_power_sleep_mode	8	static
