magnetometer.c:11:6:magnetometer_init	40	static
magnetometer.c:34:6:magnetometer_write	16	static
magnetometer.c:41:6:magnetometer_read	16	static
magnetometer.c:49:10:magnetometer_get_X	24	static
magnetometer.c:55:10:magnetometer_get_Y	24	static
magnetometer.c:61:10:magnetometer_get_Z	24	static
magnetometer.c:67:5:magnetometer_get_temperature	24	static
magnetometer.c:76:9:QMC5883L_Read_Reg	32	static
magnetometer.c:83:6:QMC5883L_Write_Reg	24	static
magnetometer.c:88:6:QMC5883L_Read_Data	64	static
magnetometer.c:99:6:magnetometr_Read_Data	40	static
magnetometer.c:107:9:QMC5883L_Read_Temperature	48	static
magnetometer.c:113:6:QMC5883L_Initialize	48	static
magnetometer.c:119:6:QMC5883L_Reset	24	static
magnetometer.c:123:6:QMC5883L_InterruptConfig	24	static
magnetometer.c:131:18:QMC5883L_DataIsReady	32	static
magnetometer.c:141:18:QMC5883L_DataIsSkipped	32	static
magnetometer.c:151:18:QMC5883L_DataIsOverflow	32	static
magnetometer.c:161:6:QMC5883L_ResetCalibration	4	static
magnetometer.c:165:7:QMC5883L_Heading	32	static
magnetometer.c:206:6:QMC5883L_Scale	16	static
