Archive member included to satisfy reference by file (symbol)

d:/st/stm32cubeide_1.3.0/stm32cubeide/plugins/com.st.stm32cube.ide.mcu.externaltools.gnu-tools-for-stm32.7-2018-q2-update.win32_1.0.0.201904181610/tools/bin/../lib/gcc/arm-none-eabi/7.3.1/../../../../arm-none-eabi/lib/thumb/v7-m\libc_nano.a(lib_a-atoi.o)
                              Core/Application/modules/bluetooth_low_energy/bluetooth_le.o (atoi)
d:/st/stm32cubeide_1.3.0/stm32cubeide/plugins/com.st.stm32cube.ide.mcu.externaltools.gnu-tools-for-stm32.7-2018-q2-update.win32_1.0.0.201904181610/tools/bin/../lib/gcc/arm-none-eabi/7.3.1/../../../../arm-none-eabi/lib/thumb/v7-m\libc_nano.a(lib_a-errno.o)
                              Core/Src/syscalls.o (__errno)
d:/st/stm32cubeide_1.3.0/stm32cubeide/plugins/com.st.stm32cube.ide.mcu.externaltools.gnu-tools-for-stm32.7-2018-q2-update.win32_1.0.0.201904181610/tools/bin/../lib/gcc/arm-none-eabi/7.3.1/../../../../arm-none-eabi/lib/thumb/v7-m\libc_nano.a(lib_a-exit.o)
                              d:/st/stm32cubeide_1.3.0/stm32cubeide/plugins/com.st.stm32cube.ide.mcu.externaltools.gnu-tools-for-stm32.7-2018-q2-update.win32_1.0.0.201904181610/tools/bin/../lib/gcc/arm-none-eabi/7.3.1/../../../../arm-none-eabi/lib/thumb/v7-m/crt0.o (exit)
d:/st/stm32cubeide_1.3.0/stm32cubeide/plugins/com.st.stm32cube.ide.mcu.externaltools.gnu-tools-for-stm32.7-2018-q2-update.win32_1.0.0.201904181610/tools/bin/../lib/gcc/arm-none-eabi/7.3.1/../../../../arm-none-eabi/lib/thumb/v7-m\libc_nano.a(lib_a-impure.o)
                              d:/st/stm32cubeide_1.3.0/stm32cubeide/plugins/com.st.stm32cube.ide.mcu.externaltools.gnu-tools-for-stm32.7-2018-q2-update.win32_1.0.0.201904181610/tools/bin/../lib/gcc/arm-none-eabi/7.3.1/../../../../arm-none-eabi/lib/thumb/v7-m\libc_nano.a(lib_a-exit.o) (_global_impure_ptr)
d:/st/stm32cubeide_1.3.0/stm32cubeide/plugins/com.st.stm32cube.ide.mcu.externaltools.gnu-tools-for-stm32.7-2018-q2-update.win32_1.0.0.201904181610/tools/bin/../lib/gcc/arm-none-eabi/7.3.1/../../../../arm-none-eabi/lib/thumb/v7-m\libc_nano.a(lib_a-init.o)
                              d:/st/stm32cubeide_1.3.0/stm32cubeide/plugins/com.st.stm32cube.ide.mcu.externaltools.gnu-tools-for-stm32.7-2018-q2-update.win32_1.0.0.201904181610/tools/bin/../lib/gcc/arm-none-eabi/7.3.1/../../../../arm-none-eabi/lib/thumb/v7-m/crt0.o (__libc_init_array)
d:/st/stm32cubeide_1.3.0/stm32cubeide/plugins/com.st.stm32cube.ide.mcu.externaltools.gnu-tools-for-stm32.7-2018-q2-update.win32_1.0.0.201904181610/tools/bin/../lib/gcc/arm-none-eabi/7.3.1/../../../../arm-none-eabi/lib/thumb/v7-m\libc_nano.a(lib_a-itoa.o)
                              Core/Application/modules/bluetooth_low_energy/bluetooth_le.o (itoa)
d:/st/stm32cubeide_1.3.0/stm32cubeide/plugins/com.st.stm32cube.ide.mcu.externaltools.gnu-tools-for-stm32.7-2018-q2-update.win32_1.0.0.201904181610/tools/bin/../lib/gcc/arm-none-eabi/7.3.1/../../../../arm-none-eabi/lib/thumb/v7-m\libc_nano.a(lib_a-memcpy-stub.o)
                              Middlewares/Third_Party/FreeRTOS/Source/CMSIS_RTOS_V2/cmsis_os2.o (memcpy)
d:/st/stm32cubeide_1.3.0/stm32cubeide/plugins/com.st.stm32cube.ide.mcu.externaltools.gnu-tools-for-stm32.7-2018-q2-update.win32_1.0.0.201904181610/tools/bin/../lib/gcc/arm-none-eabi/7.3.1/../../../../arm-none-eabi/lib/thumb/v7-m\libc_nano.a(lib_a-memset.o)
                              d:/st/stm32cubeide_1.3.0/stm32cubeide/plugins/com.st.stm32cube.ide.mcu.externaltools.gnu-tools-for-stm32.7-2018-q2-update.win32_1.0.0.201904181610/tools/bin/../lib/gcc/arm-none-eabi/7.3.1/../../../../arm-none-eabi/lib/thumb/v7-m/crt0.o (memset)
d:/st/stm32cubeide_1.3.0/stm32cubeide/plugins/com.st.stm32cube.ide.mcu.externaltools.gnu-tools-for-stm32.7-2018-q2-update.win32_1.0.0.201904181610/tools/bin/../lib/gcc/arm-none-eabi/7.3.1/../../../../arm-none-eabi/lib/thumb/v7-m\libc_nano.a(lib_a-sprintf.o)
                              Core/Application/modules/bluetooth_low_energy/bluetooth_le.o (sprintf)
d:/st/stm32cubeide_1.3.0/stm32cubeide/plugins/com.st.stm32cube.ide.mcu.externaltools.gnu-tools-for-stm32.7-2018-q2-update.win32_1.0.0.201904181610/tools/bin/../lib/gcc/arm-none-eabi/7.3.1/../../../../arm-none-eabi/lib/thumb/v7-m\libc_nano.a(lib_a-strcmp.o)
                              Core/Application/modules/bluetooth_low_energy/bluetooth_le.o (strcmp)
d:/st/stm32cubeide_1.3.0/stm32cubeide/plugins/com.st.stm32cube.ide.mcu.externaltools.gnu-tools-for-stm32.7-2018-q2-update.win32_1.0.0.201904181610/tools/bin/../lib/gcc/arm-none-eabi/7.3.1/../../../../arm-none-eabi/lib/thumb/v7-m\libc_nano.a(lib_a-strcpy.o)
                              Core/Application/modules/bluetooth_low_energy/bluetooth_le.o (strcpy)
d:/st/stm32cubeide_1.3.0/stm32cubeide/plugins/com.st.stm32cube.ide.mcu.externaltools.gnu-tools-for-stm32.7-2018-q2-update.win32_1.0.0.201904181610/tools/bin/../lib/gcc/arm-none-eabi/7.3.1/../../../../arm-none-eabi/lib/thumb/v7-m\libc_nano.a(lib_a-strtol.o)
[...]
Memory Configuration

Name             Origin             Length             Attributes
RAM              0x0000000020000000 0x000000000000c000 xrw
FLASH            0x0000000008000000 0x0000000000060000 xr
*default*        0x0000000000000000 0xffffffffffffffff

Linker script and memory map

LOAD d:/st/stm32cubeide_1.3.0/stm32cubeide/plugins/com.st.stm32cube.ide.mcu.externaltools.gnu-tools-for-stm32.7-2018-q2-update.win32_1.0.0.201904181610/tools/bin/../lib/gcc/arm-none-eabi/7.3.1/thumb/v7-m/crti.o
LOAD d:/st/stm32cubeide_1.3.0/stm32cubeide/plugins/com.st.stm32cube.ide.mcu.externaltools.gnu-tools-for-stm32.7-2018-q2-update.win32_1.0.0.201904181610/tools/bin/../lib/gcc/arm-none-eabi/7.3.1/thumb/v7-m/crtbegin.o
LOAD d:/st/stm32cubeide_1.3.0/stm32cubeide/plugins/com.st.stm32cube.ide.mcu.externaltools.gnu-tools-for-stm32.7-2018-q2-update.win32_1.0.0.201904181610/tools/bin/../lib/gcc/arm-none-eabi/7.3.1/../../../../arm-none-eabi/lib/thumb/v7-m/crt0.o
LOAD Core/Application/modules/H_bridge/h_bridge.o
LOAD Core/Application/modules/bluetooth_low_energy/bluetooth_le.o
LOAD Core/Application/modules/eeprom/eeprom.o
LOAD Core/Application/modules/hall/hall.o
LOAD Core/Application/modules/magnetometer/magnetometer.o
LOAD Core/Application/modules/servo/servo.o
LOAD Core/Application/modules/slotted_optocoupler/optocoupler.o
LOAD Core/Application/modules/temperature_measurement/temperature_measurement.o
LOAD Core/Application/modules/ultrasound_sensor/ultrasound.o
LOAD Core/Application/runtime/device_init/device_init.o
LOAD Core/Application/runtime/device_init/device_init_conf.o
LOAD Core/Application/runtime/runtime.o
LOAD Core/Application/runtime/runtime_conf.o
LOAD Core/Application/runtime/tasks/task_ble.o
LOAD Core/Application/runtime/tasks/task_eyes.o
LOAD Core/Application/runtime/tasks/task_memory.o
LOAD Core/Application/runtime/tasks/task_sensors.o
LOAD Core/Application/runtime/tasks/task_state_machine.o
LOAD Core/Application/utility/utility.o
LOAD Core/Src/adc.o
LOAD Core/Src/dma.o
LOAD Core/Src/freertos.o
LOAD Core/Src/gpio.o
LOAD Core/Src/i2c.o
LOAD Core/Src/main.o
LOAD Core/Src/stm32l1xx_hal_msp.o
LOAD Core/Src/stm32l1xx_hal_timebase_tim.o
LOAD Core/Src/stm32l1xx_it.o
LOAD Core/Src/syscalls.o
LOAD Core/Src/sysmem.o
LOAD Core/Src/system_stm32l1xx.o
LOAD Core/Src/tim.o
LOAD Core/Src/usart.o
LOAD Core/Startup/startup_stm32l162rdtx.o
LOAD Drivers/STM32L1xx_HAL_Driver/Src/stm32l1xx_hal.o
LOAD Drivers/STM32L1xx_HAL_Driver/Src/stm32l1xx_hal_adc.o
LOAD Drivers/STM32L1xx_HAL_Driver/Src/stm32l1xx_hal_adc_ex.o
LOAD Drivers/STM32L1xx_HAL_Driver/Src/stm32l1xx_hal_cortex.o
LOAD Drivers/STM32L1xx_HAL_Driver/Src/stm32l1xx_hal_dma.o
LOAD Drivers/STM32L1xx_HAL_Driver/Src/stm32l1xx_hal_flash.o
LOAD Drivers/STM32L1xx_HAL_Driver/Src/stm32l1xx_hal_flash_ex.o
LOAD Drivers/STM32L1xx_HAL_Driver/Src/stm32l1xx_hal_flash_ramfunc.o
LOAD Drivers/STM32L1xx_HAL_Driver/Src/stm32l1xx_hal_gpio.o
LOAD Drivers/STM32L1xx_HAL_Driver/Src/stm32l1xx_hal_i2c.o
LOAD Drivers/STM32L1xx_HAL_Driver/Src/stm32l1xx_hal_pwr.o
LOAD Drivers/STM32L1xx_HAL_Driver/Src/stm32l1xx_hal_pwr_ex.o
LOAD Drivers/STM32L1xx_HAL_Driver/Src/stm32l1xx_hal_rcc.o
LOAD Drivers/STM32L1xx_HAL_Driver/Src/stm32l1xx_hal_rcc_ex.o
LOAD Drivers/STM32L1xx_HAL_Driver/Src/stm32l1xx_hal_tim.o
LOAD Drivers/STM32L1xx_HAL_Driver/Src/stm32l1xx_hal_tim_ex.o
LOAD Drivers/STM32L1xx_HAL_Driver/Src/stm32l1xx_hal_uart.o
LOAD Middlewares/Third_Party/FreeRTOS/Source/CMSIS_RTOS_V2/cmsis_os2.o
LOAD Middlewares/Third_Party/FreeRTOS/Source/croutine.o
LOAD Middlewares/Third_Party/FreeRTOS/Source/event_groups.o
LOAD Middlewares/Third_Party/FreeRTOS/Source/list.o
LOAD Middlewares/Third_Party/FreeRTOS/Source/queue.o
LOAD Middlewares/Third_Party/FreeRTOS/Source/stream_buffer.o
LOAD Middlewares/Third_Party/FreeRTOS/Source/tasks.o
LOAD Middlewares/Third_Party/FreeRTOS/Source/timers.o
LOAD Middlewares/Third_Party/FreeRTOS/Source/portable/GCC/ARM_CM3/port.o
LOAD Middlewares/Third_Party/FreeRTOS/Source/portable/MemMang/heap_4.o
START GROUP
LOAD d:/st/stm32cubeide_1.3.0/stm32cubeide/plugins/com.st.stm32cube.ide.mcu.externaltools.gnu-tools-for-stm32.7-2018-q2-update.win32_1.0.0.201904181610/tools/bin/../lib/gcc/arm-none-eabi/7.3.1/../../../../arm-none-eabi/lib/thumb/v7-m\libc_nano.a
LOAD d:/st/stm32cubeide_1.3.0/stm32cubeide/plugins/com.st.stm32cube.ide.mcu.externaltools.gnu-tools-for-stm32.7-2018-q2-update.win32_1.0.0.201904181610/tools/bin/../lib/gcc/arm-none-eabi/7.3.1/../../../../arm-none-eabi/lib/thumb/v7-m\libm.a
END GROUP
START GROUP
LOAD d:/st/stm32cubeide_1.3.0/stm32cubeide/plugins/com.st.stm32cube.ide.mcu.externaltools.gnu-tools-for-stm32.7-2018-q2-update.win32_1.0.0.201904181610/tools/bin/../lib/gcc/arm-none-eabi/7.3.1/thumb/v7-m\libgcc.a
LOAD d:/st/stm32cubeide_1.3.0/stm32cubeide/plugins/com.st.stm32cube.ide.mcu.externaltools.gnu-tools-for-stm32.7-2018-q2-update.win32_1.0.0.201904181610/tools/bin/../lib/gcc/arm-none-eabi/7.3.1/../../../../arm-none-eabi/lib/thumb/v7-m\libc_nano.a
END GROUP
START GROUP
LOAD d:/st/stm32cubeide_1.3.0/stm32cubeide/plugins/com.st.stm32cube.ide.mcu.externaltools.gnu-tools-for-stm32.7-2018-q2-update.win32_1.0.0.201904181610/tools/bin/../lib/gcc/arm-none-eabi/7.3.1/thumb/v7-m\libgcc.a
LOAD d:/st/stm32cubeide_1.3.0/stm32cubeide/plugins/com.st.stm32cube.ide.mcu.externaltools.gnu-tools-for-stm32.7-2018-q2-update.win32_1.0.0.201904181610/tools/bin/../lib/gcc/arm-none-eabi/7.3.1/../../../../arm-none-eabi/lib/thumb/v7-m\libc_nano.a
LOAD d:/st/stm32cubeide_1.3.0/stm32cubeide/plugins/com.st.stm32cube.ide.mcu.externaltools.gnu-tools-for-stm32.7-2018-q2-update.win32_1.0.0.201904181610/tools/bin/../lib/gcc/arm-none-eabi/7.3.1/../../../../arm-none-eabi/lib/thumb/v7-m\libnosys.a
END GROUP
START GROUP
LOAD d:/st/stm32cubeide_1.3.0/stm32cubeide/plugins/com.st.stm32cube.ide.mcu.externaltools.gnu-tools-for-stm32.7-2018-q2-update.win32_1.0.0.201904181610/tools/bin/../lib/gcc/arm-none-eabi/7.3.1/thumb/v7-m\libgcc.a
LOAD d:/st/stm32cubeide_1.3.0/stm32cubeide/plugins/com.st.stm32cube.ide.mcu.externaltools.gnu-tools-for-stm32.7-2018-q2-update.win32_1.0.0.201904181610/tools/bin/../lib/gcc/arm-none-eabi/7.3.1/../../../../arm-none-eabi/lib/thumb/v7-m\libc_nano.a
LOAD d:/st/stm32cubeide_1.3.0/stm32cubeide/plugins/com.st.stm32cube.ide.mcu.externaltools.gnu-tools-for-stm32.7-2018-q2-update.win32_1.0.0.201904181610/tools/bin/../lib/gcc/arm-none-eabi/7.3.1/../../../../arm-none-eabi/lib/thumb/v7-m\libnosys.a
END GROUP
LOAD d:/st/stm32cubeide_1.3.0/stm32cubeide/plugins/com.st.stm32cube.ide.mcu.externaltools.gnu-tools-for-stm32.7-2018-q2-update.win32_1.0.0.201904181610/tools/bin/../lib/gcc/arm-none-eabi/7.3.1/thumb/v7-m/crtend.o
LOAD d:/st/stm32cubeide_1.3.0/stm32cubeide/plugins/com.st.stm32cube.ide.mcu.externaltools.gnu-tools-for-stm32.7-2018-q2-update.win32_1.0.0.201904181610/tools/bin/../lib/gcc/arm-none-eabi/7.3.1/thumb/v7-m/crtn.o
                0x000000002000c000                _estack = (ORIGIN (RAM) + LENGTH (RAM))
                0x0000000000000200                _Min_Heap_Size = 0x200
                0x0000000000000400                _Min_Stack_Size = 0x400

.isr_vector     0x0000000008000000      0x13c
                0x0000000008000000                . = ALIGN (0x4)
 *(.isr_vector)
 .isr_vector    0x0000000008000000      0x13c Core/Startup/startup_stm32l162rdtx.o
                0x0000000008000000                g_pfnVectors
                0x000000000800013c                . = ALIGN (0x4)

.text           0x0000000008000140     0xa96c
                0x0000000008000140                . = ALIGN (0x4)
 *(.text)
 .text          0x0000000008000140       0x40 d:/st/stm32cubeide_1.3.0/stm32cubeide/plugins/com.st.stm32cube.ide.mcu.externaltools.gnu-tools-for-stm32.7-2018-q2-update.win32_1.0.0.201904181610/tools/bin/../lib/gcc/arm-none-eabi/7.3.1/thumb/v7-m/crtbegin.o
 *(.text*)
 .text.h_bridge_init
                0x0000000008000180       0x30 Core/Application/modules/H_bridge/h_bridge.o
                0x0000000008000180                h_bridge_init
 .text.h_bridge_set_left_duty
                0x00000000080001b0       0x4c Core/Application/modules/H_bridge/h_bridge.o
                0x00000000080001b0                h_bridge_set_left_duty
 .text.h_bridge_set_right_duty
                0x00000000080001fc       0x4c Core/Application/modules/H_bridge/h_bridge.o
                0x00000000080001fc                h_bridge_set_right_duty
 .text.h_bridge_cw_left
                0x0000000008000248       0x20 Core/Application/modules/H_bridge/h_bridge.o
                0x0000000008000248                h_bridge_cw_left
 .text.h_bridge_cw_right
                0x0000000008000268       0x28 Core/Application/modules/H_bridge/h_bridge.o
                0x0000000008000268                h_bridge_cw_right
 .text.h_bridge_ccw_left
                0x0000000008000290       0x20 Core/Application/modules/H_bridge/h_bridge.o
                0x0000000008000290                h_bridge_ccw_left
 .text.h_bridge_ccw_right
                0x00000000080002b0       0x28 Core/Application/modules/H_bridge/h_bridge.o
                0x00000000080002b0                h_bridge_ccw_right
 .text.h_bridge_coast
                0x00000000080002d8       0x3c Core/Application/modules/H_bridge/h_bridge.o
                0x00000000080002d8                h_bridge_coast
 .text.QMC5883L_Read_Reg
                0x0000000008000314       0x34 Core/Application/modules/magnetometer/magnetometer.o
                0x0000000008000314                QMC5883L_Read_Reg
 .text.QMC5883L_Write_Reg
                0x0000000008000348       0x38 Core/Application/modules/magnetometer/magnetometer.o
                0x0000000008000348                QMC5883L_Write_Reg
 .text.QMC5883L_Read_Data
                0x0000000008000380       0x6e Core/Application/modules/magnetometer/magnetometer.o
                0x0000000008000380                QMC5883L_Read_Data
 .text.QMC5883L_Initialize
                0x00000000080003ee       0x4a Core/Application/modules/magnetometer/magnetometer.o
                0x00000000080003ee                QMC5883L_Initialize
 .text.QMC5883L_InterruptConfig
                0x0000000008000438       0x2a Core/Application/modules/magnetometer/magnetometer.o
                0x0000000008000438                QMC5883L_InterruptConfig
 .text.device_init
                0x0000000008000462       0x28 Core/Application/runtime/device_init/device_init.o
                0x0000000008000462                device_init
 *fill*         0x000000000800048a        0x2 
 .text.rt_init  0x000000000800048c      0x154 Core/Application/runtime/runtime.o
                0x000000000800048c                rt_init
 .text.rt_evbitwait_any
                0x00000000080005e0       0x38 Core/Application/runtime/runtime.o
                0x00000000080005e0                rt_evbitwait_any
 .text.rt_evbit_check_any
                0x0000000008000618       0x34 Core/Application/runtime/runtime.o
                0x0000000008000618                rt_evbit_check_any
 .text.rt_evbit_clear_ISR
                0x000000000800064c       0x2c Core/Application/runtime/runtime.o
                0x000000000800064c                rt_evbit_clear_ISR
 .text.rt_evbit_set
                0x0000000008000678       0x34 Core/Application/runtime/runtime.o
                0x0000000008000678                rt_evbit_set
 .text.rt_evbit_set_ISR
                0x00000000080006ac       0x38 Core/Application/runtime/runtime.o
                0x00000000080006ac                rt_evbit_set_ISR
 .text.rt_enqueue_ISR
                0x00000000080006e4       0x40 Core/Application/runtime/runtime.o
                0x00000000080006e4                rt_enqueue_ISR
 .text.rt_dequeue
                0x0000000008000724       0x4c Core/Application/runtime/runtime.o
                0x0000000008000724                rt_dequeue
 .text.rt_timer_start
                0x0000000008000770       0x40 Core/Application/runtime/runtime.o
                0x0000000008000770                rt_timer_start
 .text.rt_timer_start_ISR
                0x00000000080007b0       0x40 Core/Application/runtime/runtime.o
                0x00000000080007b0                rt_timer_start_ISR
 .text.timer_BLE
                0x00000000080007f0       0x24 Core/Application/runtime/tasks/task_ble.o
                0x00000000080007f0                timer_BLE
 .text.HAL_UART_RxCpltCallback
                0x0000000008000814       0x44 Core/Application/runtime/tasks/task_ble.o
                0x0000000008000814                HAL_UART_RxCpltCallback
 .text.HAL_UART_ErrorCallback
                0x0000000008000858       0x14 Core/Application/runtime/tasks/task_ble.o
                0x0000000008000858                HAL_UART_ErrorCallback
 .text.task_ble
                0x000000000800086c      0x114 Core/Application/runtime/tasks/task_ble.o
                0x000000000800086c                task_ble
 .text.timer_ultrasound_sensor_tigger
                0x0000000008000980       0x28 Core/Application/runtime/tasks/task_eyes.o
                0x0000000008000980                timer_ultrasound_sensor_tigger
 .text.task_eyes
                0x00000000080009a8       0x28 Core/Application/runtime/tasks/task_eyes.o
                0x00000000080009a8                task_eyes
 .text.task_memory
                0x00000000080009d0       0x20 Core/Application/runtime/tasks/task_memory.o
                0x00000000080009d0                task_memory
 .text.HAL_GPIO_EXTI_Callback
                0x00000000080009f0      0x130 Core/Application/runtime/tasks/task_sensors.o
                0x00000000080009f0                HAL_GPIO_EXTI_Callback
 .text.timer_trigger_temperature_measurement
                0x0000000008000b20       0x24 Core/Application/runtime/tasks/task_sensors.o
                0x0000000008000b20                timer_trigger_temperature_measurement
 .text.HAL_ADC_ConvCpltCallback
                0x0000000008000b44       0x3c Core/Application/runtime/tasks/task_sensors.o
                0x0000000008000b44                HAL_ADC_ConvCpltCallback
 .text.task_sensors
                0x0000000008000b80      0x15c Core/Application/runtime/tasks/task_sensors.o
                0x0000000008000b80                task_sensors
 .text.task_state_machine
                0x0000000008000cdc       0x88 Core/Application/runtime/tasks/task_state_machine.o
                0x0000000008000cdc                task_state_machine
 .text.u2_to_decimal
                0x0000000008000d64       0x3c Core/Application/utility/utility.o
                0x0000000008000d64                u2_to_decimal
 .text.int16_to_u2
                0x0000000008000da0       0x40 Core/Application/utility/utility.o
                0x0000000008000da0                int16_to_u2
 .text.MX_ADC_Init
                0x0000000008000de0       0xb0 Core/Src/adc.o
                0x0000000008000de0                MX_ADC_Init
 .text.HAL_ADC_MspInit
                0x0000000008000e90       0xe8 Core/Src/adc.o
                0x0000000008000e90                HAL_ADC_MspInit
 .text.MX_DMA_Init
                0x0000000008000f78       0x4c Core/Src/dma.o
                0x0000000008000f78                MX_DMA_Init
 .text.vApplicationIdleHook
                0x0000000008000fc4        0xc Core/Src/freertos.o
                0x0000000008000fc4                vApplicationIdleHook
 .text.vApplicationTickHook
                0x0000000008000fd0        0xc Core/Src/freertos.o
                0x0000000008000fd0                vApplicationTickHook
 .text.vApplicationStackOverflowHook
                0x0000000008000fdc       0x14 Core/Src/freertos.o
                0x0000000008000fdc                vApplicationStackOverflowHook
 .text.vApplicationMallocFailedHook
                0x0000000008000ff0        0xc Core/Src/freertos.o
                0x0000000008000ff0                vApplicationMallocFailedHook
 .text.vApplicationDaemonTaskStartupHook
                0x0000000008000ffc        0xc Core/Src/freertos.o
                0x0000000008000ffc                vApplicationDaemonTaskStartupHook
 .text.MX_FREERTOS_Init
                0x0000000008001008       0x28 Core/Src/freertos.o
                0x0000000008001008                MX_FREERTOS_Init
 .text.StartDefaultTask
                0x0000000008001030       0x10 Core/Src/freertos.o
                0x0000000008001030                StartDefaultTask
 .text.MX_GPIO_Init
                0x0000000008001040      0x214 Core/Src/gpio.o
                0x0000000008001040                MX_GPIO_Init
 .text.MX_I2C1_Init
                0x0000000008001254       0x5c Core/Src/i2c.o
                0x0000000008001254                MX_I2C1_Init
 .text.HAL_I2C_MspInit
                0x00000000080012b0       0x88 Core/Src/i2c.o
                0x00000000080012b0                HAL_I2C_MspInit
 .text.main     0x0000000008001338       0x4a Core/Src/main.o
                0x0000000008001338                main
 *fill*         0x0000000008001382        0x2 
 .text.SystemClock_Config
                0x0000000008001384       0xa0 Core/Src/main.o
                0x0000000008001384                SystemClock_Config
 .text.HAL_TIM_PeriodElapsedCallback
                0x0000000008001424       0x40 Core/Src/main.o
                0x0000000008001424                HAL_TIM_PeriodElapsedCallback
 .text.Error_Handler
                0x0000000008001464        0xc Core/Src/main.o
                0x0000000008001464                Error_Handler
 .text.assert_failed
                0x0000000008001470       0x14 Core/Src/main.o
                0x0000000008001470                assert_failed
 .text.HAL_MspInit
                0x0000000008001484       0x68 Core/Src/stm32l1xx_hal_msp.o
                0x0000000008001484                HAL_MspInit
 .text.HAL_InitTick
                0x00000000080014ec       0xac Core/Src/stm32l1xx_hal_timebase_tim.o
                0x00000000080014ec                HAL_InitTick
 .text.NMI_Handler
                0x0000000008001598        0xc Core/Src/stm32l1xx_it.o
                0x0000000008001598                NMI_Handler
 .text.HardFault_Handler
                0x00000000080015a4        0x6 Core/Src/stm32l1xx_it.o
                0x00000000080015a4                HardFault_Handler
 .text.MemManage_Handler
                0x00000000080015aa        0x6 Core/Src/stm32l1xx_it.o
                0x00000000080015aa                MemManage_Handler
 .text.BusFault_Handler
                0x00000000080015b0        0x6 Core/Src/stm32l1xx_it.o
                0x00000000080015b0                BusFault_Handler
 .text.UsageFault_Handler
                0x00000000080015b6        0x6 Core/Src/stm32l1xx_it.o
                0x00000000080015b6                UsageFault_Handler
 .text.DebugMon_Handler
                0x00000000080015bc        0xc Core/Src/stm32l1xx_it.o
                0x00000000080015bc                DebugMon_Handler
 .text.EXTI0_IRQHandler
                0x00000000080015c8        0xe Core/Src/stm32l1xx_it.o
                0x00000000080015c8                EXTI0_IRQHandler
 .text.EXTI1_IRQHandler
                0x00000000080015d6        0xe Core/Src/stm32l1xx_it.o
                0x00000000080015d6                EXTI1_IRQHandler
 .text.DMA1_Channel2_IRQHandler
                0x00000000080015e4       0x14 Core/Src/stm32l1xx_it.o
                0x00000000080015e4                DMA1_Channel2_IRQHandler
 .text.DMA1_Channel3_IRQHandler
                0x00000000080015f8       0x14 Core/Src/stm32l1xx_it.o
                0x00000000080015f8                DMA1_Channel3_IRQHandler
 .text.TIM10_IRQHandler
                0x000000000800160c       0x14 Core/Src/stm32l1xx_it.o
                0x000000000800160c                TIM10_IRQHandler
 .text.TIM5_IRQHandler
                0x0000000008001620       0x14 Core/Src/stm32l1xx_it.o
                0x0000000008001620                TIM5_IRQHandler
 .text.SystemInit
                0x0000000008001634       0x68 Core/Src/system_stm32l1xx.o
                0x0000000008001634                SystemInit
 .text.MX_TIM2_Init
                0x000000000800169c       0xe8 Core/Src/tim.o
                0x000000000800169c                MX_TIM2_Init
 .text.MX_TIM3_Init
                0x0000000008001784       0xe8 Core/Src/tim.o
                0x0000000008001784                MX_TIM3_Init
 .text.MX_TIM4_Init
                0x000000000800186c       0x9c Core/Src/tim.o
                0x000000000800186c                MX_TIM4_Init
 .text.MX_TIM9_Init
                0x0000000008001908       0xe8 Core/Src/tim.o
                0x0000000008001908                MX_TIM9_Init
 .text.MX_TIM10_Init
                0x00000000080019f0       0x74 Core/Src/tim.o
                0x00000000080019f0                MX_TIM10_Init
 .text.HAL_TIM_Base_MspInit
                0x0000000008001a64       0xe8 Core/Src/tim.o
                0x0000000008001a64                HAL_TIM_Base_MspInit
 .text.HAL_TIM_MspPostInit
                0x0000000008001b4c      0x108 Core/Src/tim.o
                0x0000000008001b4c                HAL_TIM_MspPostInit
 .text.MX_USART3_UART_Init
                0x0000000008001c54       0x54 Core/Src/usart.o
                0x0000000008001c54                MX_USART3_UART_Init
 .text.HAL_UART_MspInit
                0x0000000008001ca8      0x134 Core/Src/usart.o
                0x0000000008001ca8                HAL_UART_MspInit
 .text.Reset_Handler
                0x0000000008001ddc       0x48 Core/Startup/startup_stm32l162rdtx.o
                0x0000000008001ddc                Reset_Handler
 .text.Default_Handler
                0x0000000008001e24        0x2 Core/Startup/startup_stm32l162rdtx.o
                0x0000000008001e24                RTC_Alarm_IRQHandler
                0x0000000008001e24                EXTI2_IRQHandler
                0x0000000008001e24                COMP_ACQ_IRQHandler
                0x0000000008001e24                USB_HP_IRQHandler
                0x0000000008001e24                TIM6_IRQHandler
                0x0000000008001e24                PVD_IRQHandler
                0x0000000008001e24                SDIO_IRQHandler
                0x0000000008001e24                EXTI3_IRQHandler
                0x0000000008001e24                I2C2_EV_IRQHandler
                0x0000000008001e24                SPI1_IRQHandler
                0x0000000008001e24                USB_FS_WKUP_IRQHandler
                0x0000000008001e24                DMA2_Channel2_IRQHandler
                0x0000000008001e24                DMA1_Channel4_IRQHandler
                0x0000000008001e24                ADC1_IRQHandler
                0x0000000008001e24                USART3_IRQHandler
                0x0000000008001e24                DMA1_Channel7_IRQHandler
                0x0000000008001e24                LCD_IRQHandler
                0x0000000008001e24                UART5_IRQHandler
                0x0000000008001e24                TIM4_IRQHandler
                0x0000000008001e24                DMA2_Channel1_IRQHandler
                0x0000000008001e24                I2C1_EV_IRQHandler
                0x0000000008001e24                DMA1_Channel6_IRQHandler
                0x0000000008001e24                UART4_IRQHandler
                0x0000000008001e24                DMA2_Channel4_IRQHandler
                0x0000000008001e24                TIM3_IRQHandler
                0x0000000008001e24                RCC_IRQHandler
                0x0000000008001e24                DMA1_Channel1_IRQHandler
                0x0000000008001e24                Default_Handler
                0x0000000008001e24                EXTI15_10_IRQHandler
                0x0000000008001e24                TIM7_IRQHandler
                0x0000000008001e24                EXTI9_5_IRQHandler
                0x0000000008001e24                TIM9_IRQHandler
                0x0000000008001e24                TAMPER_STAMP_IRQHandler
                0x0000000008001e24                RTC_WKUP_IRQHandler
                0x0000000008001e24                SPI2_IRQHandler
                0x0000000008001e24                DMA2_Channel5_IRQHandler
                0x0000000008001e24                DMA1_Channel5_IRQHandler
                0x0000000008001e24                USB_LP_IRQHandler
                0x0000000008001e24                EXTI4_IRQHandler
                0x0000000008001e24                COMP_IRQHandler
                0x0000000008001e24                WWDG_IRQHandler
                0x0000000008001e24                TIM2_IRQHandler
                0x0000000008001e24                DAC_IRQHandler
                0x0000000008001e24                AES_IRQHandler
                0x0000000008001e24                TIM11_IRQHandler
                0x0000000008001e24                USART2_IRQHandler
                0x0000000008001e24                I2C2_ER_IRQHandler
                0x0000000008001e24                FLASH_IRQHandler
                0x0000000008001e24                USART1_IRQHandler
                0x0000000008001e24                SPI3_IRQHandler
                0x0000000008001e24                I2C1_ER_IRQHandler
                0x0000000008001e24                DMA2_Channel3_IRQHandler
 .text.HAL_Init
                0x0000000008001e26       0x30 Drivers/STM32L1xx_HAL_Driver/Src/stm32l1xx_hal.o
                0x0000000008001e26                HAL_Init
 *fill*         0x0000000008001e56        0x2 
 .text.HAL_IncTick
                0x0000000008001e58       0x24 Drivers/STM32L1xx_HAL_Driver/Src/stm32l1xx_hal.o
                0x0000000008001e58                HAL_IncTick
 .text.HAL_GetTick
                0x0000000008001e7c       0x14 Drivers/STM32L1xx_HAL_Driver/Src/stm32l1xx_hal.o
                0x0000000008001e7c                HAL_GetTick
 .text.HAL_ADC_Init
                0x0000000008001e90      0x548 Drivers/STM32L1xx_HAL_Driver/Src/stm32l1xx_hal_adc.o
                0x0000000008001e90                HAL_ADC_Init
 .text.HAL_ADC_Start_DMA
                0x00000000080023d8      0x138 Drivers/STM32L1xx_HAL_Driver/Src/stm32l1xx_hal_adc.o
                0x00000000080023d8                HAL_ADC_Start_DMA
 .text.HAL_ADC_ConvHalfCpltCallback
                0x0000000008002510       0x12 Drivers/STM32L1xx_HAL_Driver/Src/stm32l1xx_hal_adc.o
                0x0000000008002510                HAL_ADC_ConvHalfCpltCallback
 .text.HAL_ADC_ErrorCallback
                0x0000000008002522       0x12 Drivers/STM32L1xx_HAL_Driver/Src/stm32l1xx_hal_adc.o
                0x0000000008002522                HAL_ADC_ErrorCallback
 .text.HAL_ADC_ConfigChannel
                0x0000000008002534      0x534 Drivers/STM32L1xx_HAL_Driver/Src/stm32l1xx_hal_adc.o
                0x0000000008002534                HAL_ADC_ConfigChannel
 .text.ADC_Enable
                0x0000000008002a68       0xac Drivers/STM32L1xx_HAL_Driver/Src/stm32l1xx_hal_adc.o
                0x0000000008002a68                ADC_Enable
 .text.ADC_DMAConvCplt
                0x0000000008002b14       0xa8 Drivers/STM32L1xx_HAL_Driver/Src/stm32l1xx_hal_adc.o
 .text.ADC_DMAHalfConvCplt
                0x0000000008002bbc       0x1c Drivers/STM32L1xx_HAL_Driver/Src/stm32l1xx_hal_adc.o
 .text.ADC_DMAError
                0x0000000008002bd8       0x34 Drivers/STM32L1xx_HAL_Driver/Src/stm32l1xx_hal_adc.o
 .text.__NVIC_SetPriorityGrouping
                0x0000000008002c0c       0x48 Drivers/STM32L1xx_HAL_Driver/Src/stm32l1xx_hal_cortex.o
 .text.__NVIC_GetPriorityGrouping
                0x0000000008002c54       0x1c Drivers/STM32L1xx_HAL_Driver/Src/stm32l1xx_hal_cortex.o
 .text.__NVIC_EnableIRQ
                0x0000000008002c70       0x38 Drivers/STM32L1xx_HAL_Driver/Src/stm32l1xx_hal_cortex.o
 .text.__NVIC_SetPriority
                0x0000000008002ca8       0x54 Drivers/STM32L1xx_HAL_Driver/Src/stm32l1xx_hal_cortex.o
 .text.NVIC_EncodePriority
                0x0000000008002cfc       0x64 Drivers/STM32L1xx_HAL_Driver/Src/stm32l1xx_hal_cortex.o
 .text.HAL_NVIC_SetPriorityGrouping
                0x0000000008002d60       0x40 Drivers/STM32L1xx_HAL_Driver/Src/stm32l1xx_hal_cortex.o
                0x0000000008002d60                HAL_NVIC_SetPriorityGrouping
 .text.HAL_NVIC_SetPriority
                0x0000000008002da0       0x58 Drivers/STM32L1xx_HAL_Driver/Src/stm32l1xx_hal_cortex.o
                0x0000000008002da0                HAL_NVIC_SetPriority
 .text.HAL_NVIC_EnableIRQ
                0x0000000008002df8       0x30 Drivers/STM32L1xx_HAL_Driver/Src/stm32l1xx_hal_cortex.o
                0x0000000008002df8                HAL_NVIC_EnableIRQ
 .text.HAL_DMA_Init
                0x0000000008002e28      0x27c Drivers/STM32L1xx_HAL_Driver/Src/stm32l1xx_hal_dma.o
                0x0000000008002e28                HAL_DMA_Init
 .text.HAL_DMA_Start_IT
                0x00000000080030a4       0xdc Drivers/STM32L1xx_HAL_Driver/Src/stm32l1xx_hal_dma.o
                0x00000000080030a4                HAL_DMA_Start_IT
 .text.HAL_DMA_IRQHandler
                0x0000000008003180      0x15e Drivers/STM32L1xx_HAL_Driver/Src/stm32l1xx_hal_dma.o
                0x0000000008003180                HAL_DMA_IRQHandler
 .text.DMA_SetConfig
                0x00000000080032de       0x5e Drivers/STM32L1xx_HAL_Driver/Src/stm32l1xx_hal_dma.o
 .text.HAL_GPIO_Init
                0x000000000800333c      0x4e4 Drivers/STM32L1xx_HAL_Driver/Src/stm32l1xx_hal_gpio.o
                0x000000000800333c                HAL_GPIO_Init
 .text.HAL_GPIO_ReadPin
                0x0000000008003820       0x4c Drivers/STM32L1xx_HAL_Driver/Src/stm32l1xx_hal_gpio.o
                0x0000000008003820                HAL_GPIO_ReadPin
 .text.HAL_GPIO_WritePin
                0x000000000800386c       0x64 Drivers/STM32L1xx_HAL_Driver/Src/stm32l1xx_hal_gpio.o
                0x000000000800386c                HAL_GPIO_WritePin
 .text.HAL_GPIO_EXTI_IRQHandler
                0x00000000080038d0       0x30 Drivers/STM32L1xx_HAL_Driver/Src/stm32l1xx_hal_gpio.o
                0x00000000080038d0                HAL_GPIO_EXTI_IRQHandler
 .text.HAL_I2C_Init
                0x0000000008003900      0x354 Drivers/STM32L1xx_HAL_Driver/Src/stm32l1xx_hal_i2c.o
                0x0000000008003900                HAL_I2C_Init
 .text.HAL_I2C_Master_Transmit
                0x0000000008003c54      0x1fc Drivers/STM32L1xx_HAL_Driver/Src/stm32l1xx_hal_i2c.o
                0x0000000008003c54                HAL_I2C_Master_Transmit
 .text.HAL_I2C_Mem_Read
                0x0000000008003e50      0x464 Drivers/STM32L1xx_HAL_Driver/Src/stm32l1xx_hal_i2c.o
                0x0000000008003e50                HAL_I2C_Mem_Read
 .text.I2C_MasterRequestWrite
                0x00000000080042b4       0xec Drivers/STM32L1xx_HAL_Driver/Src/stm32l1xx_hal_i2c.o
 .text.I2C_RequestMemoryRead
                0x00000000080043a0      0x1a0 Drivers/STM32L1xx_HAL_Driver/Src/stm32l1xx_hal_i2c.o
 .text.I2C_WaitOnFlagUntilTimeout
                0x0000000008004540       0xae Drivers/STM32L1xx_HAL_Driver/Src/stm32l1xx_hal_i2c.o
 .text.I2C_WaitOnMasterAddressFlagUntilTimeout
                0x00000000080045ee       0xfe Drivers/STM32L1xx_HAL_Driver/Src/stm32l1xx_hal_i2c.o
 .text.I2C_WaitOnTXEFlagUntilTimeout
                0x00000000080046ec       0x82 Drivers/STM32L1xx_HAL_Driver/Src/stm32l1xx_hal_i2c.o
 .text.I2C_WaitOnBTFFlagUntilTimeout
                0x000000000800476e       0x82 Drivers/STM32L1xx_HAL_Driver/Src/stm32l1xx_hal_i2c.o
 .text.I2C_WaitOnRXNEFlagUntilTimeout
                0x00000000080047f0       0xac Drivers/STM32L1xx_HAL_Driver/Src/stm32l1xx_hal_i2c.o
 .text.I2C_IsAcknowledgeFailed
                0x000000000800489c       0x5c Drivers/STM32L1xx_HAL_Driver/Src/stm32l1xx_hal_i2c.o
 .text.HAL_RCC_OscConfig
                0x00000000080048f8      0x8fc Drivers/STM32L1xx_HAL_Driver/Src/stm32l1xx_hal_rcc.o
                0x00000000080048f8                HAL_RCC_OscConfig
 .text.HAL_RCC_ClockConfig
                0x00000000080051f4      0x37c Drivers/STM32L1xx_HAL_Driver/Src/stm32l1xx_hal_rcc.o
                0x00000000080051f4                HAL_RCC_ClockConfig
 .text.HAL_RCC_GetSysClockFreq
                0x0000000008005570       0xb0 Drivers/STM32L1xx_HAL_Driver/Src/stm32l1xx_hal_rcc.o
                0x0000000008005570                HAL_RCC_GetSysClockFreq
 .text.HAL_RCC_GetHCLKFreq
                0x0000000008005620       0x14 Drivers/STM32L1xx_HAL_Driver/Src/stm32l1xx_hal_rcc.o
                0x0000000008005620                HAL_RCC_GetHCLKFreq
 .text.HAL_RCC_GetPCLK1Freq
                0x0000000008005634       0x28 Drivers/STM32L1xx_HAL_Driver/Src/stm32l1xx_hal_rcc.o
                0x0000000008005634                HAL_RCC_GetPCLK1Freq
 .text.HAL_RCC_GetPCLK2Freq
                0x000000000800565c       0x28 Drivers/STM32L1xx_HAL_Driver/Src/stm32l1xx_hal_rcc.o
                0x000000000800565c                HAL_RCC_GetPCLK2Freq
 .text.HAL_RCC_GetClockConfig
                0x0000000008005684       0x84 Drivers/STM32L1xx_HAL_Driver/Src/stm32l1xx_hal_rcc.o
                0x0000000008005684                HAL_RCC_GetClockConfig
 .text.RCC_SetFlashLatencyFromMSIRange
                0x0000000008005708       0xc0 Drivers/STM32L1xx_HAL_Driver/Src/stm32l1xx_hal_rcc.o
 .text.HAL_TIM_Base_Init
                0x00000000080057c8      0x150 Drivers/STM32L1xx_HAL_Driver/Src/stm32l1xx_hal_tim.o
                0x00000000080057c8                HAL_TIM_Base_Init
 .text.HAL_TIM_Base_Start_IT
                0x0000000008005918       0xcc Drivers/STM32L1xx_HAL_Driver/Src/stm32l1xx_hal_tim.o
                0x0000000008005918                HAL_TIM_Base_Start_IT
 .text.HAL_TIM_Base_Stop_IT
                0x00000000080059e4       0xcc Drivers/STM32L1xx_HAL_Driver/Src/stm32l1xx_hal_tim.o
                0x00000000080059e4                HAL_TIM_Base_Stop_IT
 .text.HAL_TIM_PWM_Init
                0x0000000008005ab0      0x150 Drivers/STM32L1xx_HAL_Driver/Src/stm32l1xx_hal_tim.o
                0x0000000008005ab0                HAL_TIM_PWM_Init
 .text.HAL_TIM_PWM_MspInit
                0x0000000008005c00       0x12 Drivers/STM32L1xx_HAL_Driver/Src/stm32l1xx_hal_tim.o
                0x0000000008005c00                HAL_TIM_PWM_MspInit
 *fill*         0x0000000008005c12        0x2 
 .text.HAL_TIM_PWM_Start
                0x0000000008005c14      0x128 Drivers/STM32L1xx_HAL_Driver/Src/stm32l1xx_hal_tim.o
                0x0000000008005c14                HAL_TIM_PWM_Start
 .text.HAL_TIM_IRQHandler
                0x0000000008005d3c      0x1b8 Drivers/STM32L1xx_HAL_Driver/Src/stm32l1xx_hal_tim.o
                0x0000000008005d3c                HAL_TIM_IRQHandler
 .text.HAL_TIM_PWM_ConfigChannel
                0x0000000008005ef4      0x320 Drivers/STM32L1xx_HAL_Driver/Src/stm32l1xx_hal_tim.o
                0x0000000008005ef4                HAL_TIM_PWM_ConfigChannel
 .text.HAL_TIM_ConfigClockSource
                0x0000000008006214      0x5e4 Drivers/STM32L1xx_HAL_Driver/Src/stm32l1xx_hal_tim.o
                0x0000000008006214                HAL_TIM_ConfigClockSource
 .text.HAL_TIM_OC_DelayElapsedCallback
                0x00000000080067f8       0x12 Drivers/STM32L1xx_HAL_Driver/Src/stm32l1xx_hal_tim.o
                0x00000000080067f8                HAL_TIM_OC_DelayElapsedCallback
 .text.HAL_TIM_IC_CaptureCallback
                0x000000000800680a       0x12 Drivers/STM32L1xx_HAL_Driver/Src/stm32l1xx_hal_tim.o
                0x000000000800680a                HAL_TIM_IC_CaptureCallback
 .text.HAL_TIM_PWM_PulseFinishedCallback
                0x000000000800681c       0x12 Drivers/STM32L1xx_HAL_Driver/Src/stm32l1xx_hal_tim.o
                0x000000000800681c                HAL_TIM_PWM_PulseFinishedCallback
 .text.HAL_TIM_TriggerCallback
                0x000000000800682e       0x12 Drivers/STM32L1xx_HAL_Driver/Src/stm32l1xx_hal_tim.o
                0x000000000800682e                HAL_TIM_TriggerCallback
 .text.TIM_Base_SetConfig
                0x0000000008006840       0xe0 Drivers/STM32L1xx_HAL_Driver/Src/stm32l1xx_hal_tim.o
 .text.TIM_OC1_SetConfig
                0x0000000008006920       0x78 Drivers/STM32L1xx_HAL_Driver/Src/stm32l1xx_hal_tim.o
 .text.TIM_OC2_SetConfig
                0x0000000008006998       0x7c Drivers/STM32L1xx_HAL_Driver/Src/stm32l1xx_hal_tim.o
 .text.TIM_OC3_SetConfig
                0x0000000008006a14       0x7a Drivers/STM32L1xx_HAL_Driver/Src/stm32l1xx_hal_tim.o
 .text.TIM_OC4_SetConfig
                0x0000000008006a8e       0x7c Drivers/STM32L1xx_HAL_Driver/Src/stm32l1xx_hal_tim.o
 .text.TIM_TI1_ConfigInputStage
                0x0000000008006b0a       0x5c Drivers/STM32L1xx_HAL_Driver/Src/stm32l1xx_hal_tim.o
 .text.TIM_TI2_ConfigInputStage
                0x0000000008006b66       0x5e Drivers/STM32L1xx_HAL_Driver/Src/stm32l1xx_hal_tim.o
 .text.TIM_ITRx_SetConfig
                0x0000000008006bc4       0x34 Drivers/STM32L1xx_HAL_Driver/Src/stm32l1xx_hal_tim.o
 .text.TIM_ETR_SetConfig
                0x0000000008006bf8       0x3e Drivers/STM32L1xx_HAL_Driver/Src/stm32l1xx_hal_tim.o
 *fill*         0x0000000008006c36        0x2 
 .text.TIM_CCxChannelCmd
                0x0000000008006c38       0xcc Drivers/STM32L1xx_HAL_Driver/Src/stm32l1xx_hal_tim.o
 .text.HAL_TIMEx_MasterConfigSynchronization
                0x0000000008006d04      0x134 Drivers/STM32L1xx_HAL_Driver/Src/stm32l1xx_hal_tim_ex.o
                0x0000000008006d04                HAL_TIMEx_MasterConfigSynchronization
 .text.HAL_UART_Init
                0x0000000008006e38      0x188 Drivers/STM32L1xx_HAL_Driver/Src/stm32l1xx_hal_uart.o
                0x0000000008006e38                HAL_UART_Init
 .text.HAL_UART_Transmit
                0x0000000008006fc0      0x132 Drivers/STM32L1xx_HAL_Driver/Src/stm32l1xx_hal_uart.o
                0x0000000008006fc0                HAL_UART_Transmit
 *fill*         0x00000000080070f2        0x2 
 .text.HAL_UART_Receive_DMA
                0x00000000080070f4      0x100 Drivers/STM32L1xx_HAL_Driver/Src/stm32l1xx_hal_uart.o
                0x00000000080070f4                HAL_UART_Receive_DMA
 .text.HAL_UART_RxHalfCpltCallback
                0x00000000080071f4       0x12 Drivers/STM32L1xx_HAL_Driver/Src/stm32l1xx_hal_uart.o
                0x00000000080071f4                HAL_UART_RxHalfCpltCallback
 .text.UART_DMAReceiveCplt
                0x0000000008007206       0x68 Drivers/STM32L1xx_HAL_Driver/Src/stm32l1xx_hal_uart.o
 .text.UART_DMARxHalfCplt
                0x000000000800726e       0x1c Drivers/STM32L1xx_HAL_Driver/Src/stm32l1xx_hal_uart.o
 .text.UART_DMAError
                0x000000000800728a       0x94 Drivers/STM32L1xx_HAL_Driver/Src/stm32l1xx_hal_uart.o
 .text.UART_WaitOnFlagUntilTimeout
                0x000000000800731e       0x94 Drivers/STM32L1xx_HAL_Driver/Src/stm32l1xx_hal_uart.o
 .text.UART_EndTxTransfer
                0x00000000080073b2       0x2a Drivers/STM32L1xx_HAL_Driver/Src/stm32l1xx_hal_uart.o
 .text.UART_EndRxTransfer
                0x00000000080073dc       0x3a Drivers/STM32L1xx_HAL_Driver/Src/stm32l1xx_hal_uart.o
 *fill*         0x0000000008007416        0x2 
 .text.UART_SetConfig
                0x0000000008007418      0x390 Drivers/STM32L1xx_HAL_Driver/Src/stm32l1xx_hal_uart.o
 .text.osKernelInitialize
                0x00000000080077a8       0x64 Middlewares/Third_Party/FreeRTOS/Source/CMSIS_RTOS_V2/cmsis_os2.o
                0x00000000080077a8                osKernelInitialize
 .text.osKernelStart
                0x000000000800780c       0x68 Middlewares/Third_Party/FreeRTOS/Source/CMSIS_RTOS_V2/cmsis_os2.o
                0x000000000800780c                osKernelStart
 .text.osThreadNew
                0x0000000008007874      0x154 Middlewares/Third_Party/FreeRTOS/Source/CMSIS_RTOS_V2/cmsis_os2.o
                0x0000000008007874                osThreadNew
 .text.osDelay  0x00000000080079c8       0x5c Middlewares/Third_Party/FreeRTOS/Source/CMSIS_RTOS_V2/cmsis_os2.o
                0x00000000080079c8                osDelay
 .text.vApplicationGetIdleTaskMemory
                0x0000000008007a24       0x30 Middlewares/Third_Party/FreeRTOS/Source/CMSIS_RTOS_V2/cmsis_os2.o
                0x0000000008007a24                vApplicationGetIdleTaskMemory
 .text.vApplicationGetTimerTaskMemory
                0x0000000008007a54       0x34 Middlewares/Third_Party/FreeRTOS/Source/CMSIS_RTOS_V2/cmsis_os2.o
                0x0000000008007a54                vApplicationGetTimerTaskMemory
 .text.xEventGroupCreate
                0x0000000008007a88       0x34 Middlewares/Third_Party/FreeRTOS/Source/event_groups.o
                0x0000000008007a88                xEventGroupCreate
 .text.xEventGroupWaitBits
                0x0000000008007abc      0x194 Middlewares/Third_Party/FreeRTOS/Source/event_groups.o
                0x0000000008007abc                xEventGroupWaitBits
 .text.xEventGroupClearBits
                0x0000000008007c50       0x6c Middlewares/Third_Party/FreeRTOS/Source/event_groups.o
                0x0000000008007c50                xEventGroupClearBits
 .text.xEventGroupClearBitsFromISR
                0x0000000008007cbc       0x28 Middlewares/Third_Party/FreeRTOS/Source/event_groups.o
                0x0000000008007cbc                xEventGroupClearBitsFromISR
 .text.xEventGroupSetBits
                0x0000000008007ce4      0x112 Middlewares/Third_Party/FreeRTOS/Source/event_groups.o
                0x0000000008007ce4                xEventGroupSetBits
 .text.vEventGroupSetBitsCallback
                0x0000000008007df6       0x1a Middlewares/Third_Party/FreeRTOS/Source/event_groups.o
                0x0000000008007df6                vEventGroupSetBitsCallback
 .text.vEventGroupClearBitsCallback
                0x0000000008007e10       0x1a Middlewares/Third_Party/FreeRTOS/Source/event_groups.o
                0x0000000008007e10                vEventGroupClearBitsCallback
 .text.prvTestWaitCondition
                0x0000000008007e2a       0x42 Middlewares/Third_Party/FreeRTOS/Source/event_groups.o
 .text.xEventGroupSetBitsFromISR
                0x0000000008007e6c       0x28 Middlewares/Third_Party/FreeRTOS/Source/event_groups.o
                0x0000000008007e6c                xEventGroupSetBitsFromISR
 .text.vListInitialise
                0x0000000008007e94       0x3e Middlewares/Third_Party/FreeRTOS/Source/list.o
                0x0000000008007e94                vListInitialise
 .text.vListInitialiseItem
                0x0000000008007ed2       0x18 Middlewares/Third_Party/FreeRTOS/Source/list.o
                0x0000000008007ed2                vListInitialiseItem
 .text.vListInsertEnd
                0x0000000008007eea       0x46 Middlewares/Third_Party/FreeRTOS/Source/list.o
                0x0000000008007eea                vListInsertEnd
 .text.vListInsert
                0x0000000008007f30       0x70 Middlewares/Third_Party/FreeRTOS/Source/list.o
                0x0000000008007f30                vListInsert
 .text.uxListRemove
                0x0000000008007fa0       0x52 Middlewares/Third_Party/FreeRTOS/Source/list.o
                0x0000000008007fa0                uxListRemove
 *fill*         0x0000000008007ff2        0x2 
 .text.xQueueGenericReset
                0x0000000008007ff4       0xd0 Middlewares/Third_Party/FreeRTOS/Source/queue.o
                0x0000000008007ff4                xQueueGenericReset
 .text.xQueueGenericCreateStatic
                0x00000000080080c4       0xe4 Middlewares/Third_Party/FreeRTOS/Source/queue.o
                0x00000000080080c4                xQueueGenericCreateStatic
 .text.xQueueGenericCreate
                0x00000000080081a8       0x7a Middlewares/Third_Party/FreeRTOS/Source/queue.o
                0x00000000080081a8                xQueueGenericCreate
 .text.prvInitialiseNewQueue
                0x0000000008008222       0x46 Middlewares/Third_Party/FreeRTOS/Source/queue.o
 .text.xQueueGenericSend
                0x0000000008008268      0x1f4 Middlewares/Third_Party/FreeRTOS/Source/queue.o
                0x0000000008008268                xQueueGenericSend
 .text.xQueueGenericSendFromISR
                0x000000000800845c      0x128 Middlewares/Third_Party/FreeRTOS/Source/queue.o
                0x000000000800845c                xQueueGenericSendFromISR
 .text.xQueueReceive
                0x0000000008008584      0x1b8 Middlewares/Third_Party/FreeRTOS/Source/queue.o
                0x0000000008008584                xQueueReceive
 .text.prvCopyDataToQueue
                0x000000000800873c       0xd4 Middlewares/Third_Party/FreeRTOS/Source/queue.o
 .text.prvCopyDataFromQueue
                0x0000000008008810       0x4c Middlewares/Third_Party/FreeRTOS/Source/queue.o
 .text.prvUnlockQueue
                0x000000000800885c       0xa4 Middlewares/Third_Party/FreeRTOS/Source/queue.o
 .text.prvIsQueueEmpty
                0x0000000008008900       0x2c Middlewares/Third_Party/FreeRTOS/Source/queue.o
 .text.prvIsQueueFull
                0x000000000800892c       0x30 Middlewares/Third_Party/FreeRTOS/Source/queue.o
 .text.vQueueAddToRegistry
                0x000000000800895c       0x50 Middlewares/Third_Party/FreeRTOS/Source/queue.o
                0x000000000800895c                vQueueAddToRegistry
 .text.vQueueWaitForMessageRestricted
                0x00000000080089ac       0x68 Middlewares/Third_Party/FreeRTOS/Source/queue.o
                0x00000000080089ac                vQueueWaitForMessageRestricted
 .text.xTaskCreateStatic
                0x0000000008008a14       0xb2 Middlewares/Third_Party/FreeRTOS/Source/tasks.o
                0x0000000008008a14                xTaskCreateStatic
 .text.xTaskCreate
                0x0000000008008ac6       0x8a Middlewares/Third_Party/FreeRTOS/Source/tasks.o
                0x0000000008008ac6                xTaskCreate
 .text.prvInitialiseNewTask
                0x0000000008008b50      0x10c Middlewares/Third_Party/FreeRTOS/Source/tasks.o
 .text.prvAddNewTaskToReadyList
                0x0000000008008c5c       0xe0 Middlewares/Third_Party/FreeRTOS/Source/tasks.o
 .text.vTaskDelay
                0x0000000008008d3c       0x68 Middlewares/Third_Party/FreeRTOS/Source/tasks.o
                0x0000000008008d3c                vTaskDelay
 .text.vTaskSuspend
                0x0000000008008da4       0xe8 Middlewares/Third_Party/FreeRTOS/Source/tasks.o
                0x0000000008008da4                vTaskSuspend
 .text.prvTaskIsTaskSuspended
                0x0000000008008e8c       0x74 Middlewares/Third_Party/FreeRTOS/Source/tasks.o
 .text.vTaskResume
                0x0000000008008f00       0xbc Middlewares/Third_Party/FreeRTOS/Source/tasks.o
                0x0000000008008f00                vTaskResume
 .text.vTaskStartScheduler
                0x0000000008008fbc       0xc8 Middlewares/Third_Party/FreeRTOS/Source/tasks.o
                0x0000000008008fbc                vTaskStartScheduler
 .text.vTaskSuspendAll
                0x0000000008009084       0x1c Middlewares/Third_Party/FreeRTOS/Source/tasks.o
                0x0000000008009084                vTaskSuspendAll
 .text.xTaskResumeAll
                0x00000000080090a0      0x138 Middlewares/Third_Party/FreeRTOS/Source/tasks.o
                0x00000000080090a0                xTaskResumeAll
 .text.xTaskGetTickCount
                0x00000000080091d8       0x1c Middlewares/Third_Party/FreeRTOS/Source/tasks.o
                0x00000000080091d8                xTaskGetTickCount
 .text.xTaskGetTickCountFromISR
                0x00000000080091f4       0x24 Middlewares/Third_Party/FreeRTOS/Source/tasks.o
                0x00000000080091f4                xTaskGetTickCountFromISR
 .text.xTaskIncrementTick
                0x0000000008009218      0x18c Middlewares/Third_Party/FreeRTOS/Source/tasks.o
                0x0000000008009218                xTaskIncrementTick
 .text.vTaskSwitchContext
                0x00000000080093a4       0xd8 Middlewares/Third_Party/FreeRTOS/Source/tasks.o
                0x00000000080093a4                vTaskSwitchContext
 .text.vTaskPlaceOnEventList
                0x000000000800947c       0x48 Middlewares/Third_Party/FreeRTOS/Source/tasks.o
                0x000000000800947c                vTaskPlaceOnEventList
 .text.vTaskPlaceOnUnorderedEventList
                0x00000000080094c4       0x74 Middlewares/Third_Party/FreeRTOS/Source/tasks.o
                0x00000000080094c4                vTaskPlaceOnUnorderedEventList
 .text.vTaskPlaceOnEventListRestricted
                0x0000000008009538       0x54 Middlewares/Third_Party/FreeRTOS/Source/tasks.o
                0x0000000008009538                vTaskPlaceOnEventListRestricted
 .text.xTaskRemoveFromEventList
                0x000000000800958c       0xc4 Middlewares/Third_Party/FreeRTOS/Source/tasks.o
                0x000000000800958c                xTaskRemoveFromEventList
 .text.vTaskRemoveFromUnorderedEventList
                0x0000000008009650       0xc0 Middlewares/Third_Party/FreeRTOS/Source/tasks.o
                0x0000000008009650                vTaskRemoveFromUnorderedEventList
 .text.vTaskInternalSetTimeOutState
                0x0000000008009710       0x2c Middlewares/Third_Party/FreeRTOS/Source/tasks.o
                0x0000000008009710                vTaskInternalSetTimeOutState
 .text.xTaskCheckForTimeOut
                0x000000000800973c       0xc0 Middlewares/Third_Party/FreeRTOS/Source/tasks.o
                0x000000000800973c                xTaskCheckForTimeOut
 .text.vTaskMissedYield
                0x00000000080097fc       0x18 Middlewares/Third_Party/FreeRTOS/Source/tasks.o
                0x00000000080097fc                vTaskMissedYield
 .text.prvIdleTask
                0x0000000008009814       0x34 Middlewares/Third_Party/FreeRTOS/Source/tasks.o
 .text.prvInitialiseTaskLists
                0x0000000008009848       0x80 Middlewares/Third_Party/FreeRTOS/Source/tasks.o
 .text.prvCheckTasksWaitingTermination
                0x00000000080098c8       0x58 Middlewares/Third_Party/FreeRTOS/Source/tasks.o
 .text.prvDeleteTCB
                0x0000000008009920       0x5c Middlewares/Third_Party/FreeRTOS/Source/tasks.o
 .text.prvResetNextTaskUnblockTime
                0x000000000800997c       0x48 Middlewares/Third_Party/FreeRTOS/Source/tasks.o
 .text.xTaskGetSchedulerState
                0x00000000080099c4       0x3c Middlewares/Third_Party/FreeRTOS/Source/tasks.o
                0x00000000080099c4                xTaskGetSchedulerState
 .text.xTaskPriorityDisinherit
                0x0000000008009a00       0xd8 Middlewares/Third_Party/FreeRTOS/Source/tasks.o
                0x0000000008009a00                xTaskPriorityDisinherit
 .text.uxTaskResetEventItemValue
                0x0000000008009ad8       0x30 Middlewares/Third_Party/FreeRTOS/Source/tasks.o
                0x0000000008009ad8                uxTaskResetEventItemValue
 .text.prvAddCurrentTaskToDelayedList
                0x0000000008009b08       0xa8 Middlewares/Third_Party/FreeRTOS/Source/tasks.o
 .text.xTimerCreateTimerTask
                0x0000000008009bb0       0x90 Middlewares/Third_Party/FreeRTOS/Source/timers.o
                0x0000000008009bb0                xTimerCreateTimerTask
 .text.xTimerCreate
                0x0000000008009c40       0x42 Middlewares/Third_Party/FreeRTOS/Source/timers.o
                0x0000000008009c40                xTimerCreate
 .text.prvInitialiseNewTimer
                0x0000000008009c82       0x62 Middlewares/Third_Party/FreeRTOS/Source/timers.o
 .text.xTimerGenericCommand
                0x0000000008009ce4       0x98 Middlewares/Third_Party/FreeRTOS/Source/timers.o
                0x0000000008009ce4                xTimerGenericCommand
 .text.prvProcessExpiredTimer
                0x0000000008009d7c       0x80 Middlewares/Third_Party/FreeRTOS/Source/timers.o
 .text.prvTimerTask
                0x0000000008009dfc       0x28 Middlewares/Third_Party/FreeRTOS/Source/timers.o
 .text.prvProcessTimerOrBlockTask
                0x0000000008009e24       0x9c Middlewares/Third_Party/FreeRTOS/Source/timers.o
 .text.prvGetNextExpireTime
                0x0000000008009ec0       0x48 Middlewares/Third_Party/FreeRTOS/Source/timers.o
 .text.prvSampleTimeNow
                0x0000000008009f08       0x40 Middlewares/Third_Party/FreeRTOS/Source/timers.o
 .text.prvInsertTimerInActiveList
                0x0000000008009f48       0x84 Middlewares/Third_Party/FreeRTOS/Source/timers.o
 .text.prvProcessReceivedCommands
                0x0000000008009fcc      0x160 Middlewares/Third_Party/FreeRTOS/Source/timers.o
 .text.prvSwitchTimerLists
                0x000000000800a12c       0xc0 Middlewares/Third_Party/FreeRTOS/Source/timers.o
 .text.prvCheckForValidListAndQueue
                0x000000000800a1ec       0x80 Middlewares/Third_Party/FreeRTOS/Source/timers.o
 .text.xTimerPendFunctionCallFromISR
                0x000000000800a26c       0x40 Middlewares/Third_Party/FreeRTOS/Source/timers.o
                0x000000000800a26c                xTimerPendFunctionCallFromISR
 .text.pxPortInitialiseStack
                0x000000000800a2ac       0x58 Middlewares/Third_Party/FreeRTOS/Source/portable/GCC/ARM_CM3/port.o
                0x000000000800a2ac                pxPortInitialiseStack
 .text.prvTaskExitError
                0x000000000800a304       0x50 Middlewares/Third_Party/FreeRTOS/Source/portable/GCC/ARM_CM3/port.o
 *fill*         0x000000000800a354        0xc 
 .text.SVC_Handler
                0x000000000800a360       0x28 Middlewares/Third_Party/FreeRTOS/Source/portable/GCC/ARM_CM3/port.o
                0x000000000800a360                SVC_Handler
 .text.prvPortStartFirstTask
                0x000000000800a388       0x20 Middlewares/Third_Party/FreeRTOS/Source/portable/GCC/ARM_CM3/port.o
 .text.xPortStartScheduler
                0x000000000800a3a8       0xe0 Middlewares/Third_Party/FreeRTOS/Source/portable/GCC/ARM_CM3/port.o
                0x000000000800a3a8                xPortStartScheduler
 .text.vPortEnterCritical
                0x000000000800a488       0x5c Middlewares/Third_Party/FreeRTOS/Source/portable/GCC/ARM_CM3/port.o
                0x000000000800a488                vPortEnterCritical
 .text.vPortExitCritical
                0x000000000800a4e4       0x4c Middlewares/Third_Party/FreeRTOS/Source/portable/GCC/ARM_CM3/port.o
                0x000000000800a4e4                vPortExitCritical
 .text.PendSV_Handler
                0x000000000800a530       0x48 Middlewares/Third_Party/FreeRTOS/Source/portable/GCC/ARM_CM3/port.o
                0x000000000800a530                PendSV_Handler
 .text.SysTick_Handler
                0x000000000800a578       0x40 Middlewares/Third_Party/FreeRTOS/Source/portable/GCC/ARM_CM3/port.o
                0x000000000800a578                SysTick_Handler
 .text.vPortSetupTimerInterrupt
                0x000000000800a5b8       0x44 Middlewares/Third_Party/FreeRTOS/Source/portable/GCC/ARM_CM3/port.o
                0x000000000800a5b8                vPortSetupTimerInterrupt
 .text.vPortValidateInterruptPriority
                0x000000000800a5fc       0x78 Middlewares/Third_Party/FreeRTOS/Source/portable/GCC/ARM_CM3/port.o
                0x000000000800a5fc                vPortValidateInterruptPriority
 .text.pvPortMalloc
                0x000000000800a674      0x18c Middlewares/Third_Party/FreeRTOS/Source/portable/MemMang/heap_4.o
                0x000000000800a674                pvPortMalloc
 .text.vPortFree
                0x000000000800a800       0xb0 Middlewares/Third_Party/FreeRTOS/Source/portable/MemMang/heap_4.o
                0x000000000800a800                vPortFree
 .text.prvHeapInit
                0x000000000800a8b0       0xc4 Middlewares/Third_Party/FreeRTOS/Source/portable/MemMang/heap_4.o
 .text.prvInsertBlockIntoFreeList
                0x000000000800a974       0xb0 Middlewares/Third_Party/FreeRTOS/Source/portable/MemMang/heap_4.o
 .text.__libc_init_array
                0x000000000800aa24       0x48 d:/st/stm32cubeide_1.3.0/stm32cubeide/plugins/com.st.stm32cube.ide.mcu.externaltools.gnu-tools-for-stm32.7-2018-q2-update.win32_1.0.0.201904181610/tools/bin/../lib/gcc/arm-none-eabi/7.3.1/../../../../arm-none-eabi/lib/thumb/v7-m\libc_nano.a(lib_a-init.o)
                0x000000000800aa24                __libc_init_array
 .text.memcpy   0x000000000800aa6c       0x16 d:/st/stm32cubeide_1.3.0/stm32cubeide/plugins/com.st.stm32cube.ide.mcu.externaltools.gnu-tools-for-stm32.7-2018-q2-update.win32_1.0.0.201904181610/tools/bin/../lib/gcc/arm-none-eabi/7.3.1/../../../../arm-none-eabi/lib/thumb/v7-m\libc_nano.a(lib_a-memcpy-stub.o)
                0x000000000800aa6c                memcpy
 .text.memset   0x000000000800aa82       0x10 d:/st/stm32cubeide_1.3.0/stm32cubeide/plugins/com.st.stm32cube.ide.mcu.externaltools.gnu-tools-for-stm32.7-2018-q2-update.win32_1.0.0.201904181610/tools/bin/../lib/gcc/arm-none-eabi/7.3.1/../../../../arm-none-eabi/lib/thumb/v7-m\libc_nano.a(lib_a-memset.o)
                0x000000000800aa82                memset
 *(.glue_7)
 .glue_7        0x000000000800aa92        0x0 linker stubs
 *(.glue_7t)
 .glue_7t       0x000000000800aa92        0x0 linker stubs
 *(.eh_frame)
 *fill*         0x000000000800aa92        0x2 
 .eh_frame      0x000000000800aa94        0x0 d:/st/stm32cubeide_1.3.0/stm32cubeide/plugins/com.st.stm32cube.ide.mcu.externaltools.gnu-tools-for-stm32.7-2018-q2-update.win32_1.0.0.201904181610/tools/bin/../lib/gcc/arm-none-eabi/7.3.1/thumb/v7-m/crtbegin.o
 *(.init)
 .init          0x000000000800aa94        0x4 d:/st/stm32cubeide_1.3.0/stm32cubeide/plugins/com.st.stm32cube.ide.mcu.externaltools.gnu-tools-for-stm32.7-2018-q2-update.win32_1.0.0.201904181610/tools/bin/../lib/gcc/arm-none-eabi/7.3.1/thumb/v7-m/crti.o
                0x000000000800aa94                _init
 .init          0x000000000800aa98        0x8 d:/st/stm32cubeide_1.3.0/stm32cubeide/plugins/com.st.stm32cube.ide.mcu.externaltools.gnu-tools-for-stm32.7-2018-q2-update.win32_1.0.0.201904181610/tools/bin/../lib/gcc/arm-none-eabi/7.3.1/thumb/v7-m/crtn.o
 *(.fini)
 .fini          0x000000000800aaa0        0x4 d:/st/stm32cubeide_1.3.0/stm32cubeide/plugins/com.st.stm32cube.ide.mcu.externaltools.gnu-tools-for-stm32.7-2018-q2-update.win32_1.0.0.201904181610/tools/bin/../lib/gcc/arm-none-eabi/7.3.1/thumb/v7-m/crti.o
                0x000000000800aaa0                _fini
 .fini          0x000000000800aaa4        0x8 d:/st/stm32cubeide_1.3.0/stm32cubeide/plugins/com.st.stm32cube.ide.mcu.externaltools.gnu-tools-for-stm32.7-2018-q2-update.win32_1.0.0.201904181610/tools/bin/../lib/gcc/arm-none-eabi/7.3.1/thumb/v7-m/crtn.o
                0x000000000800aaac                . = ALIGN (0x4)
                0x000000000800aaac                _etext = .

.vfp11_veneer   0x000000000800aaac        0x0
 .vfp11_veneer  0x000000000800aaac        0x0 linker stubs

.v4_bx          0x000000000800aaac        0x0
 .v4_bx         0x000000000800aaac        0x0 linker stubs

.iplt           0x000000000800aaac        0x0
 .iplt          0x000000000800aaac        0x0 d:/st/stm32cubeide_1.3.0/stm32cubeide/plugins/com.st.stm32cube.ide.mcu.externaltools.gnu-tools-for-stm32.7-2018-q2-update.win32_1.0.0.201904181610/tools/bin/../lib/gcc/arm-none-eabi/7.3.1/thumb/v7-m/crtbegin.o

.rodata         0x000000000800aaac      0x3c0
                0x000000000800aaac                . = ALIGN (0x4)
 *(.rodata)
 .rodata        0x000000000800aaac       0x97 Core/Application/runtime/runtime_conf.o
 *fill*         0x000000000800ab43        0x1 
 .rodata        0x000000000800ab44        0xc Core/Src/freertos.o
 .rodata        0x000000000800ab50       0x38 Drivers/STM32L1xx_HAL_Driver/Src/stm32l1xx_hal_adc.o
 .rodata        0x000000000800ab88       0x3b Drivers/STM32L1xx_HAL_Driver/Src/stm32l1xx_hal_cortex.o
 *fill*         0x000000000800abc3        0x1 
 .rodata        0x000000000800abc4       0x38 Drivers/STM32L1xx_HAL_Driver/Src/stm32l1xx_hal_dma.o
 .rodata        0x000000000800abfc       0x39 Drivers/STM32L1xx_HAL_Driver/Src/stm32l1xx_hal_gpio.o
 *fill*         0x000000000800ac35        0x3 
 .rodata        0x000000000800ac38       0x38 Drivers/STM32L1xx_HAL_Driver/Src/stm32l1xx_hal_i2c.o
 .rodata        0x000000000800ac70       0x38 Drivers/STM32L1xx_HAL_Driver/Src/stm32l1xx_hal_rcc.o
 .rodata        0x000000000800aca8       0x38 Drivers/STM32L1xx_HAL_Driver/Src/stm32l1xx_hal_tim.o
 .rodata        0x000000000800ace0       0x3b Drivers/STM32L1xx_HAL_Driver/Src/stm32l1xx_hal_tim_ex.o
 *fill*         0x000000000800ad1b        0x1 
 .rodata        0x000000000800ad1c       0x39 Drivers/STM32L1xx_HAL_Driver/Src/stm32l1xx_hal_uart.o
 *fill*         0x000000000800ad55        0x3 
 .rodata        0x000000000800ad58        0x5 Middlewares/Third_Party/FreeRTOS/Source/tasks.o
 *fill*         0x000000000800ad5d        0x3 
 .rodata        0x000000000800ad60        0xd Middlewares/Third_Party/FreeRTOS/Source/timers.o
 *(.rodata*)
 *fill*         0x000000000800ad6d        0x3 
 .rodata.rt_task_def
                0x000000000800ad70       0x64 Core/Application/runtime/runtime_conf.o
                0x000000000800ad70                rt_task_def
 .rodata.rt_queue_def
                0x000000000800add4       0x20 Core/Application/runtime/runtime_conf.o
                0x000000000800add4                rt_queue_def
 .rodata.rt_timer_def
                0x000000000800adf4       0x30 Core/Application/runtime/runtime_conf.o
                0x000000000800adf4                rt_timer_def
 .rodata.defaultTask_attributes
                0x000000000800ae24       0x24 Core/Src/freertos.o
                0x000000000800ae24                defaultTask_attributes
 .rodata.PLLMulTable
                0x000000000800ae48        0x9 Core/Src/system_stm32l1xx.o
                0x000000000800ae48                PLLMulTable
 *fill*         0x000000000800ae51        0x3 
 .rodata.AHBPrescTable
                0x000000000800ae54       0x10 Core/Src/system_stm32l1xx.o
                0x000000000800ae54                AHBPrescTable
 .rodata.APBPrescTable
                0x000000000800ae64        0x8 Core/Src/system_stm32l1xx.o
                0x000000000800ae64                APBPrescTable
                0x000000000800ae6c                . = ALIGN (0x4)

.rel.dyn        0x000000000800ae6c        0x0
 .rel.iplt      0x000000000800ae6c        0x0 d:/st/stm32cubeide_1.3.0/stm32cubeide/plugins/com.st.stm32cube.ide.mcu.externaltools.gnu-tools-for-stm32.7-2018-q2-update.win32_1.0.0.201904181610/tools/bin/../lib/gcc/arm-none-eabi/7.3.1/thumb/v7-m/crtbegin.o

.ARM.extab      0x000000000800ae6c        0x0
                0x000000000800ae6c                . = ALIGN (0x4)
 *(.ARM.extab* .gnu.linkonce.armextab.*)
                0x000000000800ae6c                . = ALIGN (0x4)

.ARM            0x000000000800ae6c        0x0
                0x000000000800ae6c                . = ALIGN (0x4)
                0x000000000800ae6c                __exidx_start = .
 *(.ARM.exidx*)
                0x000000000800ae6c                __exidx_end = .
                0x000000000800ae6c                . = ALIGN (0x4)

.preinit_array  0x000000000800ae6c        0x0
                0x000000000800ae6c                . = ALIGN (0x4)
                0x000000000800ae6c                PROVIDE (__preinit_array_start = .)
 *(.preinit_array*)
                0x000000000800ae6c                PROVIDE (__preinit_array_end = .)
                0x000000000800ae6c                . = ALIGN (0x4)

.init_array     0x000000000800ae6c        0x4
                0x000000000800ae6c                . = ALIGN (0x4)
                0x000000000800ae6c                PROVIDE (__init_array_start = .)
 *(SORT_BY_NAME(.init_array.*))
 *(.init_array*)
 .init_array    0x000000000800ae6c        0x4 d:/st/stm32cubeide_1.3.0/stm32cubeide/plugins/com.st.stm32cube.ide.mcu.externaltools.gnu-tools-for-stm32.7-2018-q2-update.win32_1.0.0.201904181610/tools/bin/../lib/gcc/arm-none-eabi/7.3.1/thumb/v7-m/crtbegin.o
                0x000000000800ae70                PROVIDE (__init_array_end = .)
                0x000000000800ae70                . = ALIGN (0x4)

.fini_array     0x000000000800ae70        0x4
                0x000000000800ae70                . = ALIGN (0x4)
                [!provide]                        PROVIDE (__fini_array_start = .)
 *(SORT_BY_NAME(.fini_array.*))
 *(.fini_array*)
 .fini_array    0x000000000800ae70        0x4 d:/st/stm32cubeide_1.3.0/stm32cubeide/plugins/com.st.stm32cube.ide.mcu.externaltools.gnu-tools-for-stm32.7-2018-q2-update.win32_1.0.0.201904181610/tools/bin/../lib/gcc/arm-none-eabi/7.3.1/thumb/v7-m/crtbegin.o
                [!provide]                        PROVIDE (__fini_array_end = .)
                0x000000000800ae74                . = ALIGN (0x4)
                0x000000000800ae74                _sidata = LOADADDR (.data)

.data           0x0000000020000000       0x10 load address 0x000000000800ae74
                0x0000000020000000                . = ALIGN (0x4)
                0x0000000020000000                _sdata = .
 *(.data)
 *(.data*)
 .data.SystemCoreClock
                0x0000000020000000        0x4 Core/Src/system_stm32l1xx.o
                0x0000000020000000                SystemCoreClock
 .data.uwTickPrio
                0x0000000020000004        0x4 Drivers/STM32L1xx_HAL_Driver/Src/stm32l1xx_hal.o
                0x0000000020000004                uwTickPrio
 .data.uwTickFreq
                0x0000000020000008        0x4 Drivers/STM32L1xx_HAL_Driver/Src/stm32l1xx_hal.o
                0x0000000020000008                uwTickFreq
 .data.uxCriticalNesting
                0x000000002000000c        0x4 Middlewares/Third_Party/FreeRTOS/Source/portable/GCC/ARM_CM3/port.o
                0x0000000020000010                . = ALIGN (0x4)
                0x0000000020000010                _edata = .

.igot.plt       0x0000000020000010        0x0 load address 0x000000000800ae84
 .igot.plt      0x0000000020000010        0x0 d:/st/stm32cubeide_1.3.0/stm32cubeide/plugins/com.st.stm32cube.ide.mcu.externaltools.gnu-tools-for-stm32.7-2018-q2-update.win32_1.0.0.201904181610/tools/bin/../lib/gcc/arm-none-eabi/7.3.1/thumb/v7-m/crtbegin.o
                0x0000000020000010                . = ALIGN (0x4)

.bss            0x0000000020000010     0x3894 load address 0x000000000800ae84
                0x0000000020000010                _sbss = .
                0x0000000020000010                __bss_start__ = _sbss
 *(.bss)
 .bss           0x0000000020000010       0x1c d:/st/stm32cubeide_1.3.0/stm32cubeide/plugins/com.st.stm32cube.ide.mcu.externaltools.gnu-tools-for-stm32.7-2018-q2-update.win32_1.0.0.201904181610/tools/bin/../lib/gcc/arm-none-eabi/7.3.1/thumb/v7-m/crtbegin.o
 *(.bss*)
 .bss.temperature_measurement
                0x000000002000002c        0x4 Core/Application/modules/temperature_measurement/temperature_measurement.o
                0x000000002000002c                temperature_measurement
 .bss.ultrasound_was
                0x0000000020000030        0x1 Core/Application/runtime/tasks/task_sensors.o
                0x0000000020000030                ultrasound_was
 *fill*         0x0000000020000031        0x3 
 .bss.KernelState
                0x0000000020000034        0x4 Middlewares/Third_Party/FreeRTOS/Source/CMSIS_RTOS_V2/cmsis_os2.o
 .bss.Idle_TCB  0x0000000020000038       0x5c Middlewares/Third_Party/FreeRTOS/Source/CMSIS_RTOS_V2/cmsis_os2.o
 .bss.Idle_Stack
                0x0000000020000094      0x200 Middlewares/Third_Party/FreeRTOS/Source/CMSIS_RTOS_V2/cmsis_os2.o
 .bss.Timer_TCB
                0x0000000020000294       0x5c Middlewares/Third_Party/FreeRTOS/Source/CMSIS_RTOS_V2/cmsis_os2.o
 .bss.Timer_Stack
                0x00000000200002f0      0x400 Middlewares/Third_Party/FreeRTOS/Source/CMSIS_RTOS_V2/cmsis_os2.o
 .bss.pxCurrentTCB
                0x00000000200006f0        0x4 Middlewares/Third_Party/FreeRTOS/Source/tasks.o
                0x00000000200006f0                pxCurrentTCB
 .bss.pxReadyTasksLists
                0x00000000200006f4      0x460 Middlewares/Third_Party/FreeRTOS/Source/tasks.o
 .bss.xDelayedTaskList1
                0x0000000020000b54       0x14 Middlewares/Third_Party/FreeRTOS/Source/tasks.o
 .bss.xDelayedTaskList2
                0x0000000020000b68       0x14 Middlewares/Third_Party/FreeRTOS/Source/tasks.o
 .bss.pxDelayedTaskList
                0x0000000020000b7c        0x4 Middlewares/Third_Party/FreeRTOS/Source/tasks.o
 .bss.pxOverflowDelayedTaskList
                0x0000000020000b80        0x4 Middlewares/Third_Party/FreeRTOS/Source/tasks.o
 .bss.xPendingReadyList
                0x0000000020000b84       0x14 Middlewares/Third_Party/FreeRTOS/Source/tasks.o
 .bss.xTasksWaitingTermination
                0x0000000020000b98       0x14 Middlewares/Third_Party/FreeRTOS/Source/tasks.o
 .bss.uxDeletedTasksWaitingCleanUp
                0x0000000020000bac        0x4 Middlewares/Third_Party/FreeRTOS/Source/tasks.o
 .bss.xSuspendedTaskList
                0x0000000020000bb0       0x14 Middlewares/Third_Party/FreeRTOS/Source/tasks.o
 .bss.uxCurrentNumberOfTasks
                0x0000000020000bc4        0x4 Middlewares/Third_Party/FreeRTOS/Source/tasks.o
 .bss.xTickCount
                0x0000000020000bc8        0x4 Middlewares/Third_Party/FreeRTOS/Source/tasks.o
 .bss.uxTopReadyPriority
                0x0000000020000bcc        0x4 Middlewares/Third_Party/FreeRTOS/Source/tasks.o
 .bss.xSchedulerRunning
                0x0000000020000bd0        0x4 Middlewares/Third_Party/FreeRTOS/Source/tasks.o
 .bss.uxPendedTicks
                0x0000000020000bd4        0x4 Middlewares/Third_Party/FreeRTOS/Source/tasks.o
 .bss.xYieldPending
                0x0000000020000bd8        0x4 Middlewares/Third_Party/FreeRTOS/Source/tasks.o
 .bss.xNumOfOverflows
                0x0000000020000bdc        0x4 Middlewares/Third_Party/FreeRTOS/Source/tasks.o
 .bss.uxTaskNumber
                0x0000000020000be0        0x4 Middlewares/Third_Party/FreeRTOS/Source/tasks.o
 .bss.xNextTaskUnblockTime
                0x0000000020000be4        0x4 Middlewares/Third_Party/FreeRTOS/Source/tasks.o
 .bss.xIdleTaskHandle
                0x0000000020000be8        0x4 Middlewares/Third_Party/FreeRTOS/Source/tasks.o
 .bss.uxSchedulerSuspended
                0x0000000020000bec        0x4 Middlewares/Third_Party/FreeRTOS/Source/tasks.o
 .bss.xActiveTimerList1
                0x0000000020000bf0       0x14 Middlewares/Third_Party/FreeRTOS/Source/timers.o
 .bss.xActiveTimerList2
                0x0000000020000c04       0x14 Middlewares/Third_Party/FreeRTOS/Source/timers.o
 .bss.pxCurrentTimerList
                0x0000000020000c18        0x4 Middlewares/Third_Party/FreeRTOS/Source/timers.o
 .bss.pxOverflowTimerList
                0x0000000020000c1c        0x4 Middlewares/Third_Party/FreeRTOS/Source/timers.o
 .bss.xTimerQueue
                0x0000000020000c20        0x4 Middlewares/Third_Party/FreeRTOS/Source/timers.o
 .bss.xTimerTaskHandle
                0x0000000020000c24        0x4 Middlewares/Third_Party/FreeRTOS/Source/timers.o
 .bss.xLastTime.5455
                0x0000000020000c28        0x4 Middlewares/Third_Party/FreeRTOS/Source/timers.o
 .bss.ucStaticTimerQueueStorage.5506
                0x0000000020000c2c       0xa0 Middlewares/Third_Party/FreeRTOS/Source/timers.o
 .bss.xStaticTimerQueue.5505
                0x0000000020000ccc       0x50 Middlewares/Third_Party/FreeRTOS/Source/timers.o
 .bss.ucMaxSysCallPriority
                0x0000000020000d1c        0x1 Middlewares/Third_Party/FreeRTOS/Source/portable/GCC/ARM_CM3/port.o
 *fill*         0x0000000020000d1d        0x3 
 .bss.ulMaxPRIGROUPValue
                0x0000000020000d20        0x4 Middlewares/Third_Party/FreeRTOS/Source/portable/GCC/ARM_CM3/port.o
 .bss.ucHeap    0x0000000020000d24     0x2800 Middlewares/Third_Party/FreeRTOS/Source/portable/MemMang/heap_4.o
 .bss.xStart    0x0000000020003524        0x8 Middlewares/Third_Party/FreeRTOS/Source/portable/MemMang/heap_4.o
 .bss.pxEnd     0x000000002000352c        0x4 Middlewares/Third_Party/FreeRTOS/Source/portable/MemMang/heap_4.o
 .bss.xFreeBytesRemaining
                0x0000000020003530        0x4 Middlewares/Third_Party/FreeRTOS/Source/portable/MemMang/heap_4.o
 .bss.xMinimumEverFreeBytesRemaining
                0x0000000020003534        0x4 Middlewares/Third_Party/FreeRTOS/Source/portable/MemMang/heap_4.o
 .bss.xBlockAllocatedBit
                0x0000000020003538        0x4 Middlewares/Third_Party/FreeRTOS/Source/portable/MemMang/heap_4.o
 *(COMMON)
 COMMON         0x000000002000353c       0x38 Core/Application/runtime/runtime.o
                0x000000002000353c                rt_tasks
                0x0000000020003550                rt_timers
                0x000000002000355c                rt_evgroups
                0x000000002000356c                rt_queues
 COMMON         0x0000000020003574        0x7 Core/Application/runtime/tasks/task_ble.o
                0x0000000020003574                ble_pDataSend
                0x0000000020003578                ble_pData
 *fill*         0x000000002000357b        0x1 
 COMMON         0x000000002000357c        0x8 Core/Application/runtime/tasks/task_sensors.o
                0x000000002000357c                pData
                0x0000000020003580                type_casting
 COMMON         0x0000000020003584       0x54 Core/Src/adc.o
                0x0000000020003584                hadc
 COMMON         0x00000000200035d8        0x4 Core/Src/freertos.o
                0x00000000200035d8                defaultTaskHandle
 COMMON         0x00000000200035dc       0x54 Core/Src/i2c.o
                0x00000000200035dc                hi2c1
 COMMON         0x0000000020003630       0x3c Core/Src/stm32l1xx_hal_timebase_tim.o
                0x0000000020003630                htim5
 COMMON         0x000000002000366c      0x12c Core/Src/tim.o
                0x000000002000366c                htim4
                0x00000000200036a8                htim10
                0x00000000200036e4                htim3
                0x0000000020003720                htim9
                0x000000002000375c                htim2
 COMMON         0x0000000020003798       0xc8 Core/Src/usart.o
                0x0000000020003798                hdma_usart3_rx
                0x00000000200037dc                huart3
                0x000000002000381c                hdma_usart3_tx
 COMMON         0x0000000020003860        0x4 Drivers/STM32L1xx_HAL_Driver/Src/stm32l1xx_hal.o
                0x0000000020003860                uwTick
 COMMON         0x0000000020003864       0x40 Middlewares/Third_Party/FreeRTOS/Source/queue.o
                0x0000000020003864                xQueueRegistry
                0x00000000200038a4                . = ALIGN (0x4)
                0x00000000200038a4                _ebss = .
                0x00000000200038a4                __bss_end__ = _ebss

._user_heap_stack
                0x00000000200038a4      0x604 load address 0x000000000800ae84
                0x00000000200038a8                . = ALIGN (0x8)
 *fill*         0x00000000200038a4        0x4 
                0x00000000200038a8                PROVIDE (end = .)
                [!provide]                        PROVIDE (_end = .)
                0x0000000020003aa8                . = (. + _Min_Heap_Size)
 *fill*         0x00000000200038a8      0x200 
                0x0000000020003ea8                . = (. + _Min_Stack_Size)
 *fill*         0x0000000020003aa8      0x400 
                0x0000000020003ea8                . = ALIGN (0x8)

/DISCARD/
 libc.a(*)
 libm.a(*)
 libgcc.a(*)

.ARM.attributes
                0x0000000000000000       0x29
 *(.ARM.attributes)
 .ARM.attributes
                0x0000000000000000       0x1d d:/st/stm32cubeide_1.3.0/stm32cubeide/plugins/com.st.stm32cube.ide.mcu.externaltools.gnu-tools-for-stm32.7-2018-q2-update.win32_1.0.0.201904181610/tools/bin/../lib/gcc/arm-none-eabi/7.3.1/thumb/v7-m/crti.o
 .ARM.attributes
                0x000000000000001d       0x2d d:/st/stm32cubeide_1.3.0/stm32cubeide/plugins/com.st.stm32cube.ide.mcu.externaltools.gnu-tools-for-stm32.7-2018-q2-update.win32_1.0.0.201904181610/tools/bin/../lib/gcc/arm-none-eabi/7.3.1/thumb/v7-m/crtbegin.o
 .ARM.attributes
                0x000000000000004a       0x33 Core/Application/modules/H_bridge/h_bridge.o
 .ARM.attributes
                0x000000000000007d       0x33 Core/Application/modules/magnetometer/magnetometer.o
 .ARM.attributes
                0x00000000000000b0       0x33 Core/Application/modules/temperature_measurement/temperature_measurement.o
 .ARM.attributes
                0x00000000000000e3       0x33 Core/Application/runtime/device_init/device_init.o
 .ARM.attributes
                0x0000000000000116       0x33 Core/Application/runtime/runtime.o
 .ARM.attributes
                0x0000000000000149       0x33 Core/Application/runtime/runtime_conf.o
 .ARM.attributes
                0x000000000000017c       0x33 Core/Application/runtime/tasks/task_ble.o
 .ARM.attributes
                0x00000000000001af       0x33 Core/Application/runtime/tasks/task_eyes.o
 .ARM.attributes
                0x00000000000001e2       0x33 Core/Application/runtime/tasks/task_memory.o
 .ARM.attributes
                0x0000000000000215       0x33 Core/Application/runtime/tasks/task_sensors.o
 .ARM.attributes
                0x0000000000000248       0x33 Core/Application/runtime/tasks/task_state_machine.o
 .ARM.attributes
                0x000000000000027b       0x33 Core/Application/utility/utility.o
 .ARM.attributes
                0x00000000000002ae       0x33 Core/Src/adc.o
 .ARM.attributes
                0x00000000000002e1       0x33 Core/Src/dma.o
 .ARM.attributes
                0x0000000000000314       0x33 Core/Src/freertos.o
 .ARM.attributes
                0x0000000000000347       0x33 Core/Src/gpio.o
 .ARM.attributes
                0x000000000000037a       0x33 Core/Src/i2c.o
 .ARM.attributes
                0x00000000000003ad       0x33 Core/Src/main.o
 .ARM.attributes
                0x00000000000003e0       0x33 Core/Src/stm32l1xx_hal_msp.o
 .ARM.attributes
                0x0000000000000413       0x33 Core/Src/stm32l1xx_hal_timebase_tim.o
 .ARM.attributes
                0x0000000000000446       0x33 Core/Src/stm32l1xx_it.o
 .ARM.attributes
                0x0000000000000479       0x33 Core/Src/system_stm32l1xx.o
 .ARM.attributes
                0x00000000000004ac       0x33 Core/Src/tim.o
 .ARM.attributes
                0x00000000000004df       0x33 Core/Src/usart.o
 .ARM.attributes
                0x0000000000000512       0x21 Core/Startup/startup_stm32l162rdtx.o
 .ARM.attributes
                0x0000000000000533       0x33 Drivers/STM32L1xx_HAL_Driver/Src/stm32l1xx_hal.o
 .ARM.attributes
                0x0000000000000566       0x33 Drivers/STM32L1xx_HAL_Driver/Src/stm32l1xx_hal_adc.o
 .ARM.attributes
                0x0000000000000599       0x33 Drivers/STM32L1xx_HAL_Driver/Src/stm32l1xx_hal_cortex.o
 .ARM.attributes
                0x00000000000005cc       0x33 Drivers/STM32L1xx_HAL_Driver/Src/stm32l1xx_hal_dma.o
 .ARM.attributes
                0x00000000000005ff       0x33 Drivers/STM32L1xx_HAL_Driver/Src/stm32l1xx_hal_gpio.o
 .ARM.attributes
                0x0000000000000632       0x33 Drivers/STM32L1xx_HAL_Driver/Src/stm32l1xx_hal_i2c.o
 .ARM.attributes
                0x0000000000000665       0x33 Drivers/STM32L1xx_HAL_Driver/Src/stm32l1xx_hal_rcc.o
 .ARM.attributes
                0x0000000000000698       0x33 Drivers/STM32L1xx_HAL_Driver/Src/stm32l1xx_hal_tim.o
 .ARM.attributes
                0x00000000000006cb       0x33 Drivers/STM32L1xx_HAL_Driver/Src/stm32l1xx_hal_tim_ex.o
 .ARM.attributes
                0x00000000000006fe       0x33 Drivers/STM32L1xx_HAL_Driver/Src/stm32l1xx_hal_uart.o
 .ARM.attributes
                0x0000000000000731       0x33 Middlewares/Third_Party/FreeRTOS/Source/CMSIS_RTOS_V2/cmsis_os2.o
 .ARM.attributes
                0x0000000000000764       0x33 Middlewares/Third_Party/FreeRTOS/Source/event_groups.o
 .ARM.attributes
                0x0000000000000797       0x33 Middlewares/Third_Party/FreeRTOS/Source/list.o
 .ARM.attributes
                0x00000000000007ca       0x33 Middlewares/Third_Party/FreeRTOS/Source/queue.o
 .ARM.attributes
                0x00000000000007fd       0x33 Middlewares/Third_Party/FreeRTOS/Source/tasks.o
 .ARM.attributes
                0x0000000000000830       0x33 Middlewares/Third_Party/FreeRTOS/Source/timers.o
 .ARM.attributes
                0x0000000000000863       0x33 Middlewares/Third_Party/FreeRTOS/Source/portable/GCC/ARM_CM3/port.o
 .ARM.attributes
                0x0000000000000896       0x33 Middlewares/Third_Party/FreeRTOS/Source/portable/MemMang/heap_4.o
 .ARM.attributes
                0x00000000000008c9       0x2d d:/st/stm32cubeide_1.3.0/stm32cubeide/plugins/com.st.stm32cube.ide.mcu.externaltools.gnu-tools-for-stm32.7-2018-q2-update.win32_1.0.0.201904181610/tools/bin/../lib/gcc/arm-none-eabi/7.3.1/../../../../arm-none-eabi/lib/thumb/v7-m\libc_nano.a(lib_a-init.o)
 .ARM.attributes
                0x00000000000008f6       0x2d d:/st/stm32cubeide_1.3.0/stm32cubeide/plugins/com.st.stm32cube.ide.mcu.externaltools.gnu-tools-for-stm32.7-2018-q2-update.win32_1.0.0.201904181610/tools/bin/../lib/gcc/arm-none-eabi/7.3.1/../../../../arm-none-eabi/lib/thumb/v7-m\libc_nano.a(lib_a-memcpy-stub.o)
 .ARM.attributes
                0x0000000000000923       0x2d d:/st/stm32cubeide_1.3.0/stm32cubeide/plugins/com.st.stm32cube.ide.mcu.externaltools.gnu-tools-for-stm32.7-2018-q2-update.win32_1.0.0.201904181610/tools/bin/../lib/gcc/arm-none-eabi/7.3.1/../../../../arm-none-eabi/lib/thumb/v7-m\libc_nano.a(lib_a-memset.o)
 .ARM.attributes
                0x0000000000000950       0x1d d:/st/stm32cubeide_1.3.0/stm32cubeide/plugins/com.st.stm32cube.ide.mcu.externaltools.gnu-tools-for-stm32.7-2018-q2-update.win32_1.0.0.201904181610/tools/bin/../lib/gcc/arm-none-eabi/7.3.1/thumb/v7-m/crtn.o
OUTPUT(Automotive.elf elf32-littlearm)

.comment        0x0000000000000000       0x7b
 .comment       0x0000000000000000       0x7b Core/Application/modules/H_bridge/h_bridge.o
                                         0x7c (size before relaxing)
 .comment       0x000000000000007b       0x7c Core/Application/modules/magnetometer/magnetometer.o
 .comment       0x000000000000007b       0x7c Core/Application/modules/temperature_measurement/temperature_measurement.o
 .comment       0x000000000000007b       0x7c Core/Application/runtime/device_init/device_init.o
 .comment       0x000000000000007b       0x7c Core/Application/runtime/runtime.o
 .comment       0x000000000000007b       0x7c Core/Application/runtime/runtime_conf.o
 .comment       0x000000000000007b       0x7c Core/Application/runtime/tasks/task_ble.o
 .comment       0x000000000000007b       0x7c Core/Application/runtime/tasks/task_eyes.o
 .comment       0x000000000000007b       0x7c Core/Application/runtime/tasks/task_memory.o
 .comment       0x000000000000007b       0x7c Core/Application/runtime/tasks/task_sensors.o
 .comment       0x000000000000007b       0x7c Core/Application/runtime/tasks/task_state_machine.o
 .comment       0x000000000000007b       0x7c Core/Application/utility/utility.o
 .comment       0x000000000000007b       0x7c Core/Src/adc.o
 .comment       0x000000000000007b       0x7c Core/Src/dma.o
 .comment       0x000000000000007b       0x7c Core/Src/freertos.o
 .comment       0x000000000000007b       0x7c Core/Src/gpio.o
 .comment       0x000000000000007b       0x7c Core/Src/i2c.o
 .comment       0x000000000000007b       0x7c Core/Src/main.o
 .comment       0x000000000000007b       0x7c Core/Src/stm32l1xx_hal_msp.o
 .comment       0x000000000000007b       0x7c Core/Src/stm32l1xx_hal_timebase_tim.o
 .comment       0x000000000000007b       0x7c Core/Src/stm32l1xx_it.o
 .comment       0x000000000000007b       0x7c Core/Src/system_stm32l1xx.o
 .comment       0x000000000000007b       0x7c Core/Src/tim.o
 .comment       0x000000000000007b       0x7c Core/Src/usart.o
 .comment       0x000000000000007b       0x7c Drivers/STM32L1xx_HAL_Driver/Src/stm32l1xx_hal.o
 .comment       0x000000000000007b       0x7c Drivers/STM32L1xx_HAL_Driver/Src/stm32l1xx_hal_adc.o
 .comment       0x000000000000007b       0x7c Drivers/STM32L1xx_HAL_Driver/Src/stm32l1xx_hal_cortex.o
 .comment       0x000000000000007b       0x7c Drivers/STM32L1xx_HAL_Driver/Src/stm32l1xx_hal_dma.o
 .comment       0x000000000000007b       0x7c Drivers/STM32L1xx_HAL_Driver/Src/stm32l1xx_hal_gpio.o
 .comment       0x000000000000007b       0x7c Drivers/STM32L1xx_HAL_Driver/Src/stm32l1xx_hal_i2c.o
 .comment       0x000000000000007b       0x7c Drivers/STM32L1xx_HAL_Driver/Src/stm32l1xx_hal_rcc.o
 .comment       0x000000000000007b       0x7c Drivers/STM32L1xx_HAL_Driver/Src/stm32l1xx_hal_tim.o
 .comment       0x000000000000007b       0x7c Drivers/STM32L1xx_HAL_Driver/Src/stm32l1xx_hal_tim_ex.o
 .comment       0x000000000000007b       0x7c Drivers/STM32L1xx_HAL_Driver/Src/stm32l1xx_hal_uart.o
 .comment       0x000000000000007b       0x7c Middlewares/Third_Party/FreeRTOS/Source/CMSIS_RTOS_V2/cmsis_os2.o
 .comment       0x000000000000007b       0x7c Middlewares/Third_Party/FreeRTOS/Source/event_groups.o
 .comment       0x000000000000007b       0x7c Middlewares/Third_Party/FreeRTOS/Source/list.o
 .comment       0x000000000000007b       0x7c Middlewares/Third_Party/FreeRTOS/Source/queue.o
 .comment       0x000000000000007b       0x7c Middlewares/Third_Party/FreeRTOS/Source/tasks.o
 .comment       0x000000000000007b       0x7c Middlewares/Third_Party/FreeRTOS/Source/timers.o
 .comment       0x000000000000007b       0x7c Middlewares/Third_Party/FreeRTOS/Source/portable/GCC/ARM_CM3/port.o
 .comment       0x000000000000007b       0x7c Middlewares/Third_Party/FreeRTOS/Source/portable/MemMang/heap_4.o

.debug_frame    0x0000000000000000       0x74
 .debug_frame   0x0000000000000000       0x2c d:/st/stm32cubeide_1.3.0/stm32cubeide/plugins/com.st.stm32cube.ide.mcu.externaltools.gnu-tools-for-stm32.7-2018-q2-update.win32_1.0.0.201904181610/tools/bin/../lib/gcc/arm-none-eabi/7.3.1/../../../../arm-none-eabi/lib/thumb/v7-m\libc_nano.a(lib_a-init.o)
 .debug_frame   0x000000000000002c       0x28 d:/st/stm32cubeide_1.3.0/stm32cubeide/plugins/com.st.stm32cube.ide.mcu.externaltools.gnu-tools-for-stm32.7-2018-q2-update.win32_1.0.0.201904181610/tools/bin/../lib/gcc/arm-none-eabi/7.3.1/../../../../arm-none-eabi/lib/thumb/v7-m\libc_nano.a(lib_a-memcpy-stub.o)
 .debug_frame   0x0000000000000054       0x20 d:/st/stm32cubeide_1.3.0/stm32cubeide/plugins/com.st.stm32cube.ide.mcu.externaltools.gnu-tools-for-stm32.7-2018-q2-update.win32_1.0.0.201904181610/tools/bin/../lib/gcc/arm-none-eabi/7.3.1/../../../../arm-none-eabi/lib/thumb/v7-m\libc_nano.a(lib_a-memset.o)
