magnetometer.c:11:6:magnetometer_init	16	static
magnetometer.c:34:6:magnetometer_write	24	static
magnetometer.c:41:6:magnetometer_read	24	static
magnetometer.c:49:5:magnetometer_get_X	16	static
magnetometer.c:55:5:magnetometer_get_Y	16	static
magnetometer.c:61:5:magnetometer_get_Z	16	static
magnetometer.c:67:5:magnetometer_get_temperature	16	static
magnetometer.c:76:9:QMC5883L_Read_Reg	40	static
magnetometer.c:83:6:QMC5883L_Write_Reg	32	static
magnetometer.c:88:6:QMC5883L_Read_Data	32	static
magnetometer.c:98:9:QMC5883L_Read_Temperature	16	static
magnetometer.c:104:6:QMC5883L_Initialize	24	static
magnetometer.c:110:6:QMC5883L_Reset	8	static
magnetometer.c:114:6:QMC5883L_InterruptConfig	16	static
magnetometer.c:122:18:QMC5883L_DataIsReady	16	static
magnetometer.c:132:18:QMC5883L_DataIsSkipped	16	static
magnetometer.c:142:18:QMC5883L_DataIsOverflow	16	static
magnetometer.c:152:6:QMC5883L_ResetCalibration	4	static
magnetometer.c:156:7:QMC5883L_Heading	40	static
magnetometer.c:197:6:QMC5883L_Scale	24	static
